******************************************************************************
                  TI ARM Linker PC v16.9.1                     
******************************************************************************
>> Linked Sun Apr 30 17:07:44 2017

OUTPUT FILE NAME:   <blinky.out>
ENTRY POINT SYMBOL: "_c_int00"  address: 000004a9


MEMORY CONFIGURATION

         name            origin    length      used     unused   attr    fill
----------------------  --------  ---------  --------  --------  ----  --------
  FLASH                 00000000   00100000  00000700  000ff900  R  X
  SRAM                  20000000   00040000  00000218  0003fde8  RW X


SEGMENT ALLOCATION MAP

run origin  load origin   length   init length attrs members
----------  ----------- ---------- ----------- ----- -------
00000000    00000000    00000704   00000704    r-x
  00000000    00000000    00000200   00000200    r-- .intvecs
  00000200    00000200    000004e4   000004e4    r-x .text
  000006e8    000006e8    0000001c   0000001c    r-- .cinit
20000000    20000000    00000218   00000000    rw-
  20000000    20000000    00000200   00000000    rw- .stack
  20000200    20000200    00000018   00000000    rw- .data


SECTION ALLOCATION MAP

 output                                  attributes/
section   page    origin      length       input sections
--------  ----  ----------  ----------   ----------------
.intvecs   0    00000000    00000200     
                  00000000    00000200     startup_ccs.obj (.intvecs)

.text      0    00000200    000004e4     
                  00000200    00000132     blinky.obj (.text:GPIOPadConfigSet)
                  00000332    0000009c     rtsv7M4_T_le_v4SPD16_eabi.lib : memcpy_t2.obj (.text)
                  000003ce    00000002     startup_ccs.obj (.text:FaultISR)
                  000003d0    00000070     rtsv7M4_T_le_v4SPD16_eabi.lib : autoinit.obj (.text)
                  00000440    00000068                                   : copy_decompress_lzss.obj (.text:decompress:lzss)
                  000004a8    00000054                                   : boot.obj (.text)
                  000004fc    00000054                                   : exit.obj (.text)
                  00000550    0000004c                                   : cpy_tbl.obj (.text)
                  0000059c    0000004c     blinky.obj (.text:runTimer0AsPeriodic)
                  000005e8    00000034     blinky.obj (.text:Timer0IntHandler)
                  0000061c    0000002c     blinky.obj (.text:GPIODirModeSet)
                  00000648    0000002c     blinky.obj (.text:main)
                  00000674    00000018     blinky.obj (.text:GPIOPinTypeGPIOOutput)
                  0000068c    00000018     rtsv7M4_T_le_v4SPD16_eabi.lib : args_main.obj (.text)
                  000006a4    00000014                                   : _lock.obj (.text)
                  000006b8    0000000e                                   : copy_decompress_none.obj (.text:decompress:none)
                  000006c6    00000006     blinky.obj (.text:GPIOPinRead)
                  000006cc    00000006     blinky.obj (.text:GPIOPinWrite)
                  000006d2    00000006     startup_ccs.obj (.text:ResetISR)
                  000006d8    00000004     rtsv7M4_T_le_v4SPD16_eabi.lib : pre_init.obj (.text)
                  000006dc    00000002     startup_ccs.obj (.text:IntDefaultHandler)
                  000006de    00000002     startup_ccs.obj (.text:NmiSR)
                  000006e0    00000002     rtsv7M4_T_le_v4SPD16_eabi.lib : mpu_init.obj (.text)
                  000006e2    00000002                                   : startup.obj (.text)

.cinit     0    000006e8    0000001c     
                  000006e8    0000000c     (.cinit..data.load) [load image, compression = lzss]
                  000006f4    00000008     (__TI_handler_table)
                  000006fc    00000008     (__TI_cinit_table)

.init_array 
*          0    00000000    00000000     UNINITIALIZED

.stack     0    20000000    00000200     UNINITIALIZED
                  20000000    00000200     --HOLE--

.data      0    20000200    00000018     UNINITIALIZED
                  20000200    0000000c     rtsv7M4_T_le_v4SPD16_eabi.lib : exit.obj (.data:$O1$$)
                  2000020c    00000008                                   : _lock.obj (.data:$O1$$)
                  20000214    00000004                                   : stkdepth_vars.obj (.data)

MODULE SUMMARY

       Module                     code   ro data   rw data
       ------                     ----   -------   -------
    .\
       blinky.obj                 558    0         0      
       startup_ccs.obj            12     512       0      
    +--+--------------------------+------+---------+---------+
       Total:                     570    512       0      
                                                          
    C:\ti\ccsv7\tools\compiler\ti-cgt-arm_16.9.1.LTS\lib\rtsv7M4_T_le_v4SPD16_eabi.lib
       memcpy_t2.obj              156    0         0      
       autoinit.obj               112    0         0      
       copy_decompress_lzss.obj   104    0         0      
       exit.obj                   84     0         12     
       boot.obj                   84     0         0      
       cpy_tbl.obj                76     0         0      
       _lock.obj                  20     0         8      
       args_main.obj              24     0         0      
       copy_decompress_none.obj   14     0         0      
       pre_init.obj               4      0         0      
       stkdepth_vars.obj          0      0         4      
       mpu_init.obj               2      0         0      
       startup.obj                2      0         0      
    +--+--------------------------+------+---------+---------+
       Total:                     682    0         24     
                                                          
       Stack:                     0      0         512    
       Linker Generated:          0      28        0      
    +--+--------------------------+------+---------+---------+
       Grand Total:               1252   540       536    


LINKER GENERATED COPY TABLES

__TI_cinit_table @ 000006fc records: 1, size/record: 8, table size: 8
	.data: load addr=000006e8, load size=0000000c bytes, run addr=20000200, run size=00000018 bytes, compression=lzss


LINKER GENERATED HANDLER TABLE

__TI_handler_table @ 000006f4 records: 2, size/record: 4, table size: 8
	index: 0, handler: __TI_decompress_lzss
	index: 1, handler: __TI_decompress_none


GLOBAL SYMBOLS: SORTED ALPHABETICALLY BY Name 

address   name                           
-------   ----                           
000004fd  C$$EXIT                        
0000061d  GPIODirModeSet                 
00000201  GPIOPadConfigSet               
000006c7  GPIOPinRead                    
00000675  GPIOPinTypeGPIOOutput          
000006cd  GPIOPinWrite                   
000006d3  ResetISR                       
UNDEFED   SHT$$INIT_ARRAY$$Base          
UNDEFED   SHT$$INIT_ARRAY$$Limit         
UNDEFED   SysCtlPeripheralEnable         
UNDEFED   SysCtlPeripheralReady          
000005e9  Timer0IntHandler               
UNDEFED   TimerConfigure                 
UNDEFED   TimerEnable                    
UNDEFED   TimerIntClear                  
UNDEFED   TimerIntEnable                 
UNDEFED   TimerIntRegister               
UNDEFED   TimerLoadSet                   
20000200  __STACK_END                    
00000200  __STACK_SIZE                   
20000200  __STACK_TOP                    
000006fc  __TI_CINIT_Base                
00000704  __TI_CINIT_Limit               
000006f4  __TI_Handler_Table_Base        
000006fc  __TI_Handler_Table_Limit       
000003d1  __TI_auto_init                 
20000200  __TI_cleanup_ptr               
00000441  __TI_decompress_lzss           
000006b9  __TI_decompress_none           
20000204  __TI_dtors_ptr                 
20000208  __TI_enable_exit_profile_output
ffffffff  __TI_pprof_out_hndl            
ffffffff  __TI_prof_data_size            
ffffffff  __TI_prof_data_start           
00000000  __TI_static_base__             
00000333  __aeabi_memcpy                 
00000333  __aeabi_memcpy4                
00000333  __aeabi_memcpy8                
ffffffff  __binit__                      
ffffffff  __c_args__                     
000006e1  __mpu_init                     
20000000  __stack                        
0000068d  _args_main                     
000004a9  _c_int00                       
2000020c  _lock                          
000006b3  _nop                           
000006ab  _register_lock                 
000006a5  _register_unlock               
000006e3  _system_post_cinit             
000006d9  _system_pre_init               
20000210  _unlock                        
00000501  abort                          
ffffffff  binit                          
00000551  copy_in                        
00000509  exit                           
00000000  g_pfnVectors                   
00000649  main                           
20000214  main_func_sp                   
00000333  memcpy                         
0000059d  runTimer0AsPeriodic            


GLOBAL SYMBOLS: SORTED BY Symbol Address 

address   name                           
-------   ----                           
00000000  __TI_static_base__             
00000000  g_pfnVectors                   
00000200  __STACK_SIZE                   
00000201  GPIOPadConfigSet               
00000333  __aeabi_memcpy                 
00000333  __aeabi_memcpy4                
00000333  __aeabi_memcpy8                
00000333  memcpy                         
000003d1  __TI_auto_init                 
00000441  __TI_decompress_lzss           
000004a9  _c_int00                       
000004fd  C$$EXIT                        
00000501  abort                          
00000509  exit                           
00000551  copy_in                        
0000059d  runTimer0AsPeriodic            
000005e9  Timer0IntHandler               
0000061d  GPIODirModeSet                 
00000649  main                           
00000675  GPIOPinTypeGPIOOutput          
0000068d  _args_main                     
000006a5  _register_unlock               
000006ab  _register_lock                 
000006b3  _nop                           
000006b9  __TI_decompress_none           
000006c7  GPIOPinRead                    
000006cd  GPIOPinWrite                   
000006d3  ResetISR                       
000006d9  _system_pre_init               
000006e1  __mpu_init                     
000006e3  _system_post_cinit             
000006f4  __TI_Handler_Table_Base        
000006fc  __TI_CINIT_Base                
000006fc  __TI_Handler_Table_Limit       
00000704  __TI_CINIT_Limit               
20000000  __stack                        
20000200  __STACK_END                    
20000200  __STACK_TOP                    
20000200  __TI_cleanup_ptr               
20000204  __TI_dtors_ptr                 
20000208  __TI_enable_exit_profile_output
2000020c  _lock                          
20000210  _unlock                        
20000214  main_func_sp                   
ffffffff  __TI_pprof_out_hndl            
ffffffff  __TI_prof_data_size            
ffffffff  __TI_prof_data_start           
ffffffff  __binit__                      
ffffffff  __c_args__                     
ffffffff  binit                          
UNDEFED   SHT$$INIT_ARRAY$$Base          
UNDEFED   SHT$$INIT_ARRAY$$Limit         
UNDEFED   SysCtlPeripheralEnable         
UNDEFED   SysCtlPeripheralReady          
UNDEFED   TimerConfigure                 
UNDEFED   TimerEnable                    
UNDEFED   TimerIntClear                  
UNDEFED   TimerIntEnable                 
UNDEFED   TimerIntRegister               
UNDEFED   TimerLoadSet                   

[60 symbols]
