******************************************************************************
                  TI ARM Linker PC v16.9.0                     
******************************************************************************
>> Linked Wed Mar 01 19:00:12 2017

OUTPUT FILE NAME:   <blinky.out>
ENTRY POINT SYMBOL: "_c_int00"  address: 000005e9


MEMORY CONFIGURATION

         name            origin    length      used     unused   attr    fill
----------------------  --------  ---------  --------  --------  ----  --------
  FLASH                 00000000   00100000  00000aa2  000ff55e  R  X
  SRAM                  20000000   00040000  00000484  0003fb7c  RW X


SEGMENT ALLOCATION MAP

run origin  load origin   length   init length attrs members
----------  ----------- ---------- ----------- ----- -------
00000000    00000000    00000aa8   00000aa8    r-x
  00000000    00000000    00000200   00000200    r-- .intvecs
  00000200    00000200    0000075a   0000075a    r-x .text
  0000095c    0000095c    00000110   00000110    r-- .const
  00000a70    00000a70    00000038   00000038    r-- .cinit
20000000    20000000    00000484   00000000    rw-
  20000000    20000000    0000026c   00000000    rw- .vtable
  2000026c    2000026c    00000200   00000000    rw- .stack
  2000046c    2000046c    00000018   00000000    rw- .data


SECTION ALLOCATION MAP

 output                                  attributes/
section   page    origin      length       input sections
--------  ----  ----------  ----------   ----------------
.intvecs   0    00000000    00000200     
                  00000000    00000200     startup_ccs.obj (.intvecs)

.text      0    00000200    0000075a     
                  00000200    00000132     blinky.obj (.text:GPIOPadConfigSet)
                  00000332    0000009c     rtsv7M4_T_le_v4SPD16_eabi.lib : memcpy_t2.obj (.text)
                  000003ce    0000007a                                   : memset_t2.obj (.text)
                  00000448    00000070                                   : autoinit.obj (.text)
                  000004b8    00000068     driverlib.lib : interrupt.obj (.text:IntEnable)
                  00000520    00000068     rtsv7M4_T_le_v4SPD16_eabi.lib : copy_decompress_lzss.obj (.text:decompress:lzss)
                  00000588    00000060     driverlib.lib : timer.obj (.text:TimerConfigure)
                  000005e8    00000054     rtsv7M4_T_le_v4SPD16_eabi.lib : boot.obj (.text)
                  0000063c    00000054                                   : exit.obj (.text)
                  00000690    0000004c     driverlib.lib : timer.obj (.text:_TimerIntNumberGet)
                  000006dc    0000004c     rtsv7M4_T_le_v4SPD16_eabi.lib : cpy_tbl.obj (.text)
                  00000728    0000004c     blinky.obj (.text:runTimer0AsPeriodic)
                  00000774    00000038     driverlib.lib : sysctl.obj (.text:SysCtlPeripheralReady)
                  000007ac    00000034                   : interrupt.obj (.text:IntRegister)
                  000007e0    00000034                   : sysctl.obj (.text:SysCtlPeripheralEnable)
                  00000814    0000002c     blinky.obj (.text:GPIODirModeSet)
                  00000840    0000002c     blinky.obj (.text:Timer0IntHandler)
                  0000086c    0000002c     blinky.obj (.text:main)
                  00000898    00000018     blinky.obj (.text:GPIOPinTypeGPIOOutput)
                  000008b0    00000018     driverlib.lib : timer.obj (.text:TimerIntRegister)
                  000008c8    00000018     rtsv7M4_T_le_v4SPD16_eabi.lib : args_main.obj (.text)
                  000008e0    00000014                                   : _lock.obj (.text)
                  000008f4    00000012     driverlib.lib : timer.obj (.text:TimerLoadSet)
                  00000906    0000000e                   : timer.obj (.text:TimerEnable)
                  00000914    0000000e     rtsv7M4_T_le_v4SPD16_eabi.lib : copy_decompress_none.obj (.text:decompress:none)
                  00000922    0000000c                                   : copy_zero_init.obj (.text:decompress:ZI)
                  0000092e    00000008     driverlib.lib : timer.obj (.text:TimerIntEnable)
                  00000936    00000006     blinky.obj (.text:GPIOPinRead)
                  0000093c    00000006     blinky.obj (.text:GPIOPinWrite)
                  00000942    00000006     startup_ccs.obj (.text:ResetISR)
                  00000948    00000004     driverlib.lib : timer.obj (.text:TimerIntClear)
                  0000094c    00000004     rtsv7M4_T_le_v4SPD16_eabi.lib : pre_init.obj (.text)
                  00000950    00000002     startup_ccs.obj (.text:FaultISR)
                  00000952    00000002     startup_ccs.obj (.text:IntDefaultHandler)
                  00000954    00000002     startup_ccs.obj (.text:NmiSR)
                  00000956    00000002     rtsv7M4_T_le_v4SPD16_eabi.lib : mpu_init.obj (.text)
                  00000958    00000002                                   : startup.obj (.text)

.const     0    0000095c    00000110     
                  0000095c    00000070     driverlib.lib : interrupt.obj (.const)
                  000009cc    00000060                   : timer.obj (.const:g_ppui32TimerIntMap)
                  00000a2c    00000040                   : timer.obj (.const:g_ppui32TimerIntMapSnowflake)

.cinit     0    00000a70    00000038     
                  00000a70    00000011     (.cinit..data.load) [load image, compression = lzss]
                  00000a81    00000003     --HOLE-- [fill = 0]
                  00000a84    0000000c     (__TI_handler_table)
                  00000a90    00000008     (.cinit..vtable.load) [load image, compression = zero_init]
                  00000a98    00000010     (__TI_cinit_table)

.init_array 
*          0    00000000    00000000     UNINITIALIZED

.vtable    0    20000000    0000026c     UNINITIALIZED
                  20000000    0000026c     driverlib.lib : interrupt.obj (.vtable)

.stack     0    2000026c    00000200     UNINITIALIZED
                  2000026c    00000200     --HOLE--

.data      0    2000046c    00000018     UNINITIALIZED
                  2000046c    0000000c     rtsv7M4_T_le_v4SPD16_eabi.lib : exit.obj (.data:$O1$$)
                  20000478    00000008                                   : _lock.obj (.data:$O1$$)
                  20000480    00000004                                   : stkdepth_vars.obj (.data)

MODULE SUMMARY

       Module                     code   ro data   rw data
       ------                     ----   -------   -------
    .\
       blinky.obj                 550    0         0      
       startup_ccs.obj            12     512       0      
    +--+--------------------------+------+---------+---------+
       Total:                     562    512       0      
                                                          
    C:\ti\ccsv7\tools\compiler\ti-cgt-arm_16.9.0.LTS\lib\rtsv7M4_T_le_v4SPD16_eabi.lib
       memcpy_t2.obj              156    0         0      
       memset_t2.obj              122    0         0      
       autoinit.obj               112    0         0      
       copy_decompress_lzss.obj   104    0         0      
       exit.obj                   84     0         12     
       boot.obj                   84     0         0      
       cpy_tbl.obj                76     0         0      
       _lock.obj                  20     0         8      
       args_main.obj              24     0         0      
       copy_decompress_none.obj   14     0         0      
       copy_zero_init.obj         12     0         0      
       pre_init.obj               4      0         0      
       stkdepth_vars.obj          0      0         4      
       mpu_init.obj               2      0         0      
       startup.obj                2      0         0      
    +--+--------------------------+------+---------+---------+
       Total:                     816    0         24     
                                                          
    H:/ti_workspace/TivaWare_C_Series-2.1.3.156/driverlib/ccs/Debug/driverlib.lib
       interrupt.obj              156    112       620    
       timer.obj                  240    160       0      
       sysctl.obj                 108    0         0      
    +--+--------------------------+------+---------+---------+
       Total:                     504    272       620    
                                                          
       Stack:                     0      0         512    
       Linker Generated:          0      53        0      
    +--+--------------------------+------+---------+---------+
       Grand Total:               1882   837       1156   


LINKER GENERATED COPY TABLES

__TI_cinit_table @ 00000a98 records: 2, size/record: 8, table size: 16
	.data: load addr=00000a70, load size=00000011 bytes, run addr=2000046c, run size=00000018 bytes, compression=lzss
	.vtable: load addr=00000a90, load size=00000008 bytes, run addr=20000000, run size=0000026c bytes, compression=zero_init


LINKER GENERATED HANDLER TABLE

__TI_handler_table @ 00000a84 records: 3, size/record: 4, table size: 12
	index: 0, handler: __TI_zero_init
	index: 1, handler: __TI_decompress_lzss
	index: 2, handler: __TI_decompress_none


GLOBAL SYMBOLS: SORTED ALPHABETICALLY BY Name 

address   name                           
-------   ----                           
0000063d  C$$EXIT                        
00000815  GPIODirModeSet                 
00000201  GPIOPadConfigSet               
00000937  GPIOPinRead                    
00000899  GPIOPinTypeGPIOOutput          
0000093d  GPIOPinWrite                   
000004b9  IntEnable                      
000007ad  IntRegister                    
00000943  ResetISR                       
UNDEFED   SHT$$INIT_ARRAY$$Base          
UNDEFED   SHT$$INIT_ARRAY$$Limit         
000007e1  SysCtlPeripheralEnable         
00000775  SysCtlPeripheralReady          
00000841  Timer0IntHandler               
00000589  TimerConfigure                 
00000907  TimerEnable                    
00000949  TimerIntClear                  
0000092f  TimerIntEnable                 
000008b1  TimerIntRegister               
000008f5  TimerLoadSet                   
2000046c  __STACK_END                    
00000200  __STACK_SIZE                   
2000046c  __STACK_TOP                    
00000a98  __TI_CINIT_Base                
00000aa8  __TI_CINIT_Limit               
00000a84  __TI_Handler_Table_Base        
00000a90  __TI_Handler_Table_Limit       
00000449  __TI_auto_init                 
2000046c  __TI_cleanup_ptr               
00000521  __TI_decompress_lzss           
00000915  __TI_decompress_none           
20000470  __TI_dtors_ptr                 
20000474  __TI_enable_exit_profile_output
ffffffff  __TI_pprof_out_hndl            
ffffffff  __TI_prof_data_size            
ffffffff  __TI_prof_data_start           
00000000  __TI_static_base__             
00000923  __TI_zero_init                 
000003cf  __aeabi_memclr                 
000003cf  __aeabi_memclr4                
000003cf  __aeabi_memclr8                
00000333  __aeabi_memcpy                 
00000333  __aeabi_memcpy4                
00000333  __aeabi_memcpy8                
000003d1  __aeabi_memset                 
000003d1  __aeabi_memset4                
000003d1  __aeabi_memset8                
ffffffff  __binit__                      
ffffffff  __c_args__                     
00000957  __mpu_init                     
2000026c  __stack                        
000008c9  _args_main                     
000005e9  _c_int00                       
20000478  _lock                          
000008ef  _nop                           
000008e7  _register_lock                 
000008e1  _register_unlock               
00000959  _system_post_cinit             
0000094d  _system_pre_init               
2000047c  _unlock                        
00000641  abort                          
ffffffff  binit                          
000006dd  copy_in                        
00000649  exit                           
20000000  g_pfnRAMVectors                
00000000  g_pfnVectors                   
0000086d  main                           
20000480  main_func_sp                   
00000333  memcpy                         
000003d7  memset                         
00000729  runTimer0AsPeriodic            


GLOBAL SYMBOLS: SORTED BY Symbol Address 

address   name                           
-------   ----                           
00000000  __TI_static_base__             
00000000  g_pfnVectors                   
00000200  __STACK_SIZE                   
00000201  GPIOPadConfigSet               
00000333  __aeabi_memcpy                 
00000333  __aeabi_memcpy4                
00000333  __aeabi_memcpy8                
00000333  memcpy                         
000003cf  __aeabi_memclr                 
000003cf  __aeabi_memclr4                
000003cf  __aeabi_memclr8                
000003d1  __aeabi_memset                 
000003d1  __aeabi_memset4                
000003d1  __aeabi_memset8                
000003d7  memset                         
00000449  __TI_auto_init                 
000004b9  IntEnable                      
00000521  __TI_decompress_lzss           
00000589  TimerConfigure                 
000005e9  _c_int00                       
0000063d  C$$EXIT                        
00000641  abort                          
00000649  exit                           
000006dd  copy_in                        
00000729  runTimer0AsPeriodic            
00000775  SysCtlPeripheralReady          
000007ad  IntRegister                    
000007e1  SysCtlPeripheralEnable         
00000815  GPIODirModeSet                 
00000841  Timer0IntHandler               
0000086d  main                           
00000899  GPIOPinTypeGPIOOutput          
000008b1  TimerIntRegister               
000008c9  _args_main                     
000008e1  _register_unlock               
000008e7  _register_lock                 
000008ef  _nop                           
000008f5  TimerLoadSet                   
00000907  TimerEnable                    
00000915  __TI_decompress_none           
00000923  __TI_zero_init                 
0000092f  TimerIntEnable                 
00000937  GPIOPinRead                    
0000093d  GPIOPinWrite                   
00000943  ResetISR                       
00000949  TimerIntClear                  
0000094d  _system_pre_init               
00000957  __mpu_init                     
00000959  _system_post_cinit             
00000a84  __TI_Handler_Table_Base        
00000a90  __TI_Handler_Table_Limit       
00000a98  __TI_CINIT_Base                
00000aa8  __TI_CINIT_Limit               
20000000  g_pfnRAMVectors                
2000026c  __stack                        
2000046c  __STACK_END                    
2000046c  __STACK_TOP                    
2000046c  __TI_cleanup_ptr               
20000470  __TI_dtors_ptr                 
20000474  __TI_enable_exit_profile_output
20000478  _lock                          
2000047c  _unlock                        
20000480  main_func_sp                   
ffffffff  __TI_pprof_out_hndl            
ffffffff  __TI_prof_data_size            
ffffffff  __TI_prof_data_start           
ffffffff  __binit__                      
ffffffff  __c_args__                     
ffffffff  binit                          
UNDEFED   SHT$$INIT_ARRAY$$Base          
UNDEFED   SHT$$INIT_ARRAY$$Limit         

[71 symbols]
