<?xml version="1.0"?>
<link_info>
   <banner>TI ARM Linker PC v16.9.0.LTS</banner>
   <copyright>Copyright (c) 1996-2015 Texas Instruments Incorporated</copyright>
   <link_time>0x58c8e929</link_time>
   <link_errors>0x0</link_errors>
   <output_file>interrupts.out</output_file>
   <entry_point>
      <name>_c_int00</name>
      <address>0x6f45</address>
   </entry_point>
   <input_file_list>
      <input_file id="fl-2">
         <path>.\</path>
         <kind>object</kind>
         <file>interrupts.obj</file>
         <name>interrupts.obj</name>
      </input_file>
      <input_file id="fl-3">
         <path>.\</path>
         <kind>object</kind>
         <file>startup_ccs.obj</file>
         <name>startup_ccs.obj</name>
      </input_file>
      <input_file id="fl-4">
         <path>.\drivers\</path>
         <kind>object</kind>
         <file>frame.obj</file>
         <name>frame.obj</name>
      </input_file>
      <input_file id="fl-5">
         <path>.\drivers\</path>
         <kind>object</kind>
         <file>kentec320x240x16_ssd2119.obj</file>
         <name>kentec320x240x16_ssd2119.obj</name>
      </input_file>
      <input_file id="fl-6">
         <path>.\drivers\</path>
         <kind>object</kind>
         <file>pinout.obj</file>
         <name>pinout.obj</name>
      </input_file>
      <input_file id="fl-c2">
         <path>C:\ti\ccsv7\tools\compiler\ti-cgt-arm_16.9.0.LTS\lib\</path>
         <kind>archive</kind>
         <file>rtsv7M4_T_le_v4SPD16_eabi.lib</file>
         <name>boot.obj</name>
      </input_file>
      <input_file id="fl-c3">
         <path>C:\ti\ccsv7\tools\compiler\ti-cgt-arm_16.9.0.LTS\lib\</path>
         <kind>archive</kind>
         <file>rtsv7M4_T_le_v4SPD16_eabi.lib</file>
         <name>copy_decompress_lzss.obj</name>
      </input_file>
      <input_file id="fl-c4">
         <path>C:\ti\ccsv7\tools\compiler\ti-cgt-arm_16.9.0.LTS\lib\</path>
         <kind>archive</kind>
         <file>rtsv7M4_T_le_v4SPD16_eabi.lib</file>
         <name>copy_decompress_none.obj</name>
      </input_file>
      <input_file id="fl-c5">
         <path>C:\ti\ccsv7\tools\compiler\ti-cgt-arm_16.9.0.LTS\lib\</path>
         <kind>archive</kind>
         <file>rtsv7M4_T_le_v4SPD16_eabi.lib</file>
         <name>copy_zero_init.obj</name>
      </input_file>
      <input_file id="fl-c6">
         <path>C:\ti\ccsv7\tools\compiler\ti-cgt-arm_16.9.0.LTS\lib\</path>
         <kind>archive</kind>
         <file>rtsv7M4_T_le_v4SPD16_eabi.lib</file>
         <name>exit.obj</name>
      </input_file>
      <input_file id="fl-c7">
         <path>C:\ti\ccsv7\tools\compiler\ti-cgt-arm_16.9.0.LTS\lib\</path>
         <kind>archive</kind>
         <file>rtsv7M4_T_le_v4SPD16_eabi.lib</file>
         <name>memcpy_t2.obj</name>
      </input_file>
      <input_file id="fl-c8">
         <path>C:\ti\ccsv7\tools\compiler\ti-cgt-arm_16.9.0.LTS\lib\</path>
         <kind>archive</kind>
         <file>rtsv7M4_T_le_v4SPD16_eabi.lib</file>
         <name>memset_t2.obj</name>
      </input_file>
      <input_file id="fl-c9">
         <path>C:\ti\ccsv7\tools\compiler\ti-cgt-arm_16.9.0.LTS\lib\</path>
         <kind>archive</kind>
         <file>rtsv7M4_T_le_v4SPD16_eabi.lib</file>
         <name>mpu_init.obj</name>
      </input_file>
      <input_file id="fl-ca">
         <path>C:\ti\ccsv7\tools\compiler\ti-cgt-arm_16.9.0.LTS\lib\</path>
         <kind>archive</kind>
         <file>rtsv7M4_T_le_v4SPD16_eabi.lib</file>
         <name>pre_init.obj</name>
      </input_file>
      <input_file id="fl-cb">
         <path>C:\ti\ccsv7\tools\compiler\ti-cgt-arm_16.9.0.LTS\lib\</path>
         <kind>archive</kind>
         <file>rtsv7M4_T_le_v4SPD16_eabi.lib</file>
         <name>stkdepth_vars.obj</name>
      </input_file>
      <input_file id="fl-cc">
         <path>C:\ti\ccsv7\tools\compiler\ti-cgt-arm_16.9.0.LTS\lib\</path>
         <kind>archive</kind>
         <file>rtsv7M4_T_le_v4SPD16_eabi.lib</file>
         <name>_lock.obj</name>
      </input_file>
      <input_file id="fl-cd">
         <path>C:\ti\ccsv7\tools\compiler\ti-cgt-arm_16.9.0.LTS\lib\</path>
         <kind>archive</kind>
         <file>rtsv7M4_T_le_v4SPD16_eabi.lib</file>
         <name>args_main.obj</name>
      </input_file>
      <input_file id="fl-ce">
         <path>C:\ti\ccsv7\tools\compiler\ti-cgt-arm_16.9.0.LTS\lib\</path>
         <kind>archive</kind>
         <file>rtsv7M4_T_le_v4SPD16_eabi.lib</file>
         <name>autoinit.obj</name>
      </input_file>
      <input_file id="fl-cf">
         <path>C:\ti\ccsv7\tools\compiler\ti-cgt-arm_16.9.0.LTS\lib\</path>
         <kind>archive</kind>
         <file>rtsv7M4_T_le_v4SPD16_eabi.lib</file>
         <name>cpy_tbl.obj</name>
      </input_file>
      <input_file id="fl-d0">
         <path>C:\ti\ccsv7\tools\compiler\ti-cgt-arm_16.9.0.LTS\lib\</path>
         <kind>archive</kind>
         <file>rtsv7M4_T_le_v4SPD16_eabi.lib</file>
         <name>startup.obj</name>
      </input_file>
      <input_file id="fl-d1">
         <path>H:\cc_workspace\TivaWare_C_Series-2.1.3.156\driverlib\ccs\Debug\</path>
         <kind>archive</kind>
         <file>driverlib.lib</file>
         <name>gpio.obj</name>
      </input_file>
      <input_file id="fl-d2">
         <path>H:\cc_workspace\TivaWare_C_Series-2.1.3.156\driverlib\ccs\Debug\</path>
         <kind>archive</kind>
         <file>driverlib.lib</file>
         <name>interrupt.obj</name>
      </input_file>
      <input_file id="fl-d3">
         <path>H:\cc_workspace\TivaWare_C_Series-2.1.3.156\driverlib\ccs\Debug\</path>
         <kind>archive</kind>
         <file>driverlib.lib</file>
         <name>lcd.obj</name>
      </input_file>
      <input_file id="fl-d4">
         <path>H:\cc_workspace\TivaWare_C_Series-2.1.3.156\driverlib\ccs\Debug\</path>
         <kind>archive</kind>
         <file>driverlib.lib</file>
         <name>sysctl.obj</name>
      </input_file>
      <input_file id="fl-d5">
         <path>H:\cc_workspace\TivaWare_C_Series-2.1.3.156\driverlib\ccs\Debug\</path>
         <kind>archive</kind>
         <file>driverlib.lib</file>
         <name>cpu.obj</name>
      </input_file>
      <input_file id="fl-d6">
         <path>H:\cc_workspace\TivaWare_C_Series-2.1.3.156\grlib\ccs\Debug\</path>
         <kind>archive</kind>
         <file>grlib.lib</file>
         <name>context.obj</name>
      </input_file>
      <input_file id="fl-d7">
         <path>H:\cc_workspace\TivaWare_C_Series-2.1.3.156\grlib\ccs\Debug\</path>
         <kind>archive</kind>
         <file>grlib.lib</file>
         <name>image.obj</name>
      </input_file>
      <input_file id="fl-d8">
         <path>H:\cc_workspace\TivaWare_C_Series-2.1.3.156\grlib\ccs\Debug\</path>
         <kind>archive</kind>
         <file>grlib.lib</file>
         <name>string.obj</name>
      </input_file>
      <input_file id="fl-d9">
         <path>H:\cc_workspace\TivaWare_C_Series-2.1.3.156\grlib\ccs\Debug\</path>
         <kind>archive</kind>
         <file>grlib.lib</file>
         <name>fontcm20.obj</name>
      </input_file>
      <input_file id="fl-da">
         <path>H:\cc_workspace\TivaWare_C_Series-2.1.3.156\grlib\ccs\Debug\</path>
         <kind>archive</kind>
         <file>grlib.lib</file>
         <name>fontcmss18b.obj</name>
      </input_file>
      <input_file id="fl-db">
         <path>H:\cc_workspace\TivaWare_C_Series-2.1.3.156\grlib\ccs\Debug\</path>
         <kind>archive</kind>
         <file>grlib.lib</file>
         <name>charmap.obj</name>
      </input_file>
   </input_file_list>
   <object_component_list>
      <object_component id="oc-f">
         <name>.intvecs</name>
         <load_address>0x0</load_address>
         <run_address>0x0</run_address>
         <size>0x200</size>
         <input_file_ref idref="fl-3"/>
      </object_component>
      <object_component id="oc-e3">
         <name>.text:main</name>
         <load_address>0x47d8</load_address>
         <run_address>0x47d8</run_address>
         <size>0x543</size>
         <input_file_ref idref="fl-2"/>
      </object_component>
      <object_component id="oc-12e">
         <name>.text:PinoutSet</name>
         <load_address>0x4d1c</load_address>
         <run_address>0x4d1c</run_address>
         <size>0x4b8</size>
         <input_file_ref idref="fl-6"/>
      </object_component>
      <object_component id="oc-134">
         <name>.text:Kentec320x240x16_SSD2119Init</name>
         <load_address>0x51d4</load_address>
         <run_address>0x51d4</run_address>
         <size>0x484</size>
         <input_file_ref idref="fl-5"/>
      </object_component>
      <object_component id="oc-2af">
         <name>.text:InternalImageDraw</name>
         <load_address>0x5658</load_address>
         <run_address>0x5658</run_address>
         <size>0x374</size>
         <input_file_ref idref="fl-d7"/>
      </object_component>
      <object_component id="oc-2ef">
         <name>.text:PixelTransparentDraw</name>
         <load_address>0x59cc</load_address>
         <run_address>0x59cc</run_address>
         <size>0x2f8</size>
         <input_file_ref idref="fl-d7"/>
      </object_component>
      <object_component id="oc-29d">
         <name>.text:GrFontGlyphRender</name>
         <load_address>0x5cc4</load_address>
         <run_address>0x5cc4</run_address>
         <size>0x254</size>
         <input_file_ref idref="fl-d8"/>
      </object_component>
      <object_component id="oc-140">
         <name>.text:FrameDraw</name>
         <load_address>0x5f18</load_address>
         <run_address>0x5f18</run_address>
         <size>0x1f8</size>
         <input_file_ref idref="fl-4"/>
      </object_component>
      <object_component id="oc-128">
         <name>.text:SysCtlClockFreqSet</name>
         <load_address>0x6110</load_address>
         <run_address>0x6110</run_address>
         <size>0x1ec</size>
         <input_file_ref idref="fl-d4"/>
      </object_component>
      <object_component id="oc-23f">
         <name>.text:Kentec320x240x16_SSD2119PixelDrawMultiple</name>
         <load_address>0x62fc</load_address>
         <run_address>0x62fc</run_address>
         <size>0x1cc</size>
         <input_file_ref idref="fl-5"/>
      </object_component>
      <object_component id="oc-251">
         <name>.text:Kentec320x240x16_SSD2119RectFill</name>
         <load_address>0x64c8</load_address>
         <run_address>0x64c8</run_address>
         <size>0x194</size>
         <input_file_ref idref="fl-5"/>
      </object_component>
      <object_component id="oc-22a">
         <name>.text:GPIOPadConfigSet</name>
         <load_address>0x665c</load_address>
         <run_address>0x665c</run_address>
         <size>0x132</size>
         <input_file_ref idref="fl-d1"/>
      </object_component>
      <object_component id="oc-37">
         <name>.text:FaultISR</name>
         <load_address>0x678e</load_address>
         <run_address>0x678e</run_address>
         <size>0x2</size>
         <input_file_ref idref="fl-3"/>
      </object_component>
      <object_component id="oc-a1">
         <name>.text:DisplayIntStatus</name>
         <load_address>0x6790</load_address>
         <run_address>0x6790</run_address>
         <size>0xec</size>
         <input_file_ref idref="fl-2"/>
      </object_component>
      <object_component id="oc-1ed">
         <name>.text:GrDefaultStringRenderer</name>
         <load_address>0x687c</load_address>
         <run_address>0x687c</run_address>
         <size>0xc0</size>
         <input_file_ref idref="fl-d8"/>
      </object_component>
      <object_component id="oc-245">
         <name>.text:Kentec320x240x16_SSD2119LineDrawH</name>
         <load_address>0x693c</load_address>
         <run_address>0x693c</run_address>
         <size>0xb0</size>
         <input_file_ref idref="fl-5"/>
      </object_component>
      <object_component id="oc-24b">
         <name>.text:Kentec320x240x16_SSD2119LineDrawV</name>
         <load_address>0x69ec</load_address>
         <run_address>0x69ec</run_address>
         <size>0xb0</size>
         <input_file_ref idref="fl-5"/>
      </object_component>
      <object_component id="oc-63">
         <name>.text</name>
         <load_address>0x6a9c</load_address>
         <run_address>0x6a9c</run_address>
         <size>0x9c</size>
         <input_file_ref idref="fl-c7"/>
      </object_component>
      <object_component id="oc-6f">
         <name>.text</name>
         <load_address>0x6b38</load_address>
         <run_address>0x6b38</run_address>
         <size>0x7a</size>
         <input_file_ref idref="fl-c8"/>
      </object_component>
      <object_component id="oc-3d">
         <name>.text:IntDefaultHandler</name>
         <load_address>0x6bb2</load_address>
         <run_address>0x6bb2</run_address>
         <size>0x2</size>
         <input_file_ref idref="fl-3"/>
      </object_component>
      <object_component id="oc-239">
         <name>.text:Kentec320x240x16_SSD2119PixelDraw</name>
         <load_address>0x6bb4</load_address>
         <run_address>0x6bb4</run_address>
         <size>0x78</size>
         <input_file_ref idref="fl-5"/>
      </object_component>
      <object_component id="oc-87">
         <name>.text</name>
         <load_address>0x6c2c</load_address>
         <run_address>0x6c2c</run_address>
         <size>0x70</size>
         <input_file_ref idref="fl-ce"/>
      </object_component>
      <object_component id="oc-13a">
         <name>.text:GrContextInit</name>
         <load_address>0x6c9c</load_address>
         <run_address>0x6c9c</run_address>
         <size>0x68</size>
         <input_file_ref idref="fl-d6"/>
      </object_component>
      <object_component id="oc-f6">
         <name>.text:GrStringWidthGet</name>
         <load_address>0x6d04</load_address>
         <run_address>0x6d04</run_address>
         <size>0x68</size>
         <input_file_ref idref="fl-d8"/>
      </object_component>
      <object_component id="oc-12">
         <name>.text:decompress:lzss</name>
         <load_address>0x6d6c</load_address>
         <run_address>0x6d6c</run_address>
         <size>0x68</size>
         <input_file_ref idref="fl-c3"/>
      </object_component>
      <object_component id="oc-1fa">
         <name>.text:GrContextClipRegionSet</name>
         <load_address>0x6dd4</load_address>
         <run_address>0x6dd4</run_address>
         <size>0x66</size>
         <input_file_ref idref="fl-d6"/>
      </object_component>
      <object_component id="oc-26f">
         <name>.text:FontWideGlyphDataGet</name>
         <load_address>0x6e3a</load_address>
         <run_address>0x6e3a</run_address>
         <size>0x5a</size>
         <input_file_ref idref="fl-d8"/>
      </object_component>
      <object_component id="oc-49">
         <name>.text:IntGPIOb</name>
         <load_address>0x6e94</load_address>
         <run_address>0x6e94</run_address>
         <size>0x58</size>
         <input_file_ref idref="fl-2"/>
      </object_component>
      <object_component id="oc-4f">
         <name>.text:IntGPIOc</name>
         <load_address>0x6eec</load_address>
         <run_address>0x6eec</run_address>
         <size>0x58</size>
         <input_file_ref idref="fl-2"/>
      </object_component>
      <object_component id="oc-24">
         <name>.text</name>
         <load_address>0x6f44</load_address>
         <run_address>0x6f44</run_address>
         <size>0x54</size>
         <input_file_ref idref="fl-c2"/>
      </object_component>
      <object_component id="oc-93">
         <name>.text</name>
         <load_address>0x6f98</load_address>
         <run_address>0x6f98</run_address>
         <size>0x54</size>
         <input_file_ref idref="fl-c6"/>
      </object_component>
      <object_component id="oc-d5">
         <name>.text</name>
         <load_address>0x6fec</load_address>
         <run_address>0x6fec</run_address>
         <size>0x4c</size>
         <input_file_ref idref="fl-cf"/>
      </object_component>
      <object_component id="oc-223">
         <name>.text:UpdateContextCharMapping</name>
         <load_address>0x7038</load_address>
         <run_address>0x7038</run_address>
         <size>0x4a</size>
         <input_file_ref idref="fl-d8"/>
      </object_component>
      <object_component id="oc-25d">
         <name>.text:Kentec320x240x16_SSD2119Flush</name>
         <load_address>0x7082</load_address>
         <run_address>0x7082</run_address>
         <size>0x2</size>
         <input_file_ref idref="fl-5"/>
      </object_component>
      <object_component id="oc-43">
         <name>.text:IntGPIOa</name>
         <load_address>0x7084</load_address>
         <run_address>0x7084</run_address>
         <size>0x48</size>
         <input_file_ref idref="fl-2"/>
      </object_component>
      <object_component id="oc-19d">
         <name>.text:_SysCtlFrequencyGet</name>
         <load_address>0x70cc</load_address>
         <run_address>0x70cc</run_address>
         <size>0x48</size>
         <input_file_ref idref="fl-d4"/>
      </object_component>
      <object_component id="oc-1d4">
         <name>.text:LCDIDDTimingSet</name>
         <load_address>0x7114</load_address>
         <run_address>0x7114</run_address>
         <size>0x3c</size>
         <input_file_ref idref="fl-d3"/>
      </object_component>
      <object_component id="oc-275">
         <name>.text:FontGlyphDataGet</name>
         <load_address>0x7150</load_address>
         <run_address>0x7150</run_address>
         <size>0x3a</size>
         <input_file_ref idref="fl-d8"/>
      </object_component>
      <object_component id="oc-31">
         <name>.text:NmiSR</name>
         <load_address>0x718a</load_address>
         <run_address>0x718a</run_address>
         <size>0x2</size>
         <input_file_ref idref="fl-3"/>
      </object_component>
      <object_component id="oc-1bb">
         <name>.text:SysCtlPeripheralEnable</name>
         <load_address>0x718c</load_address>
         <run_address>0x718c</run_address>
         <size>0x34</size>
         <input_file_ref idref="fl-d4"/>
      </object_component>
      <object_component id="oc-a7">
         <name>.text:Delay</name>
         <load_address>0x71c0</load_address>
         <run_address>0x71c0</run_address>
         <size>0x30</size>
         <input_file_ref idref="fl-2"/>
      </object_component>
      <object_component id="oc-174">
         <name>.text:GrStringNextCharGet</name>
         <load_address>0x71f0</load_address>
         <run_address>0x71f0</run_address>
         <size>0x2e</size>
         <input_file_ref idref="fl-d8"/>
      </object_component>
      <object_component id="oc-fc">
         <name>.text:GrFontBaselineGet</name>
         <load_address>0x721e</load_address>
         <run_address>0x721e</run_address>
         <size>0x2c</size>
         <input_file_ref idref="fl-d8"/>
      </object_component>
      <object_component id="oc-230">
         <name>.text:GPIODirModeSet</name>
         <load_address>0x724a</load_address>
         <run_address>0x724a</run_address>
         <size>0x2a</size>
         <input_file_ref idref="fl-d1"/>
      </object_component>
      <object_component id="oc-180">
         <name>.text:GrFontInfoGet</name>
         <load_address>0x7274</load_address>
         <run_address>0x7274</run_address>
         <size>0x26</size>
         <input_file_ref idref="fl-d8"/>
      </object_component>
      <object_component id="oc-17a">
         <name>.text:GrFontGlyphDataGet</name>
         <load_address>0x729a</load_address>
         <run_address>0x729a</run_address>
         <size>0x22</size>
         <input_file_ref idref="fl-d8"/>
      </object_component>
      <object_component id="oc-1c2">
         <name>.text:LCDModeSet</name>
         <load_address>0x72bc</load_address>
         <run_address>0x72bc</run_address>
         <size>0x22</size>
         <input_file_ref idref="fl-d3"/>
      </object_component>
      <object_component id="oc-7b">
         <name>.text</name>
         <load_address>0x72de</load_address>
         <run_address>0x72de</run_address>
         <size>0x2</size>
         <input_file_ref idref="fl-c9"/>
      </object_component>
      <object_component id="oc-197">
         <name>.text:_SysCtlMemTimingGet</name>
         <load_address>0x72e0</load_address>
         <run_address>0x72e0</run_address>
         <size>0x20</size>
         <input_file_ref idref="fl-d4"/>
      </object_component>
      <object_component id="oc-2d0">
         <name>.text:GrFontCodepageGet</name>
         <load_address>0x7300</load_address>
         <run_address>0x7300</run_address>
         <size>0x1e</size>
         <input_file_ref idref="fl-d8"/>
      </object_component>
      <object_component id="oc-14c">
         <name>.text:GPIOPinTypeGPIOOutput</name>
         <load_address>0x731e</load_address>
         <run_address>0x731e</run_address>
         <size>0x18</size>
         <input_file_ref idref="fl-d1"/>
      </object_component>
      <object_component id="oc-db">
         <name>.text</name>
         <load_address>0x7336</load_address>
         <run_address>0x7336</run_address>
         <size>0x2</size>
         <input_file_ref idref="fl-d0"/>
      </object_component>
      <object_component id="oc-8d">
         <name>.text</name>
         <load_address>0x7338</load_address>
         <run_address>0x7338</run_address>
         <size>0x18</size>
         <input_file_ref idref="fl-cd"/>
      </object_component>
      <object_component id="oc-102">
         <name>.text:GrStringDraw</name>
         <load_address>0x7350</load_address>
         <run_address>0x7350</run_address>
         <size>0x16</size>
         <input_file_ref idref="fl-d8"/>
      </object_component>
      <object_component id="oc-257">
         <name>.text:Kentec320x240x16_SSD2119ColorTranslate</name>
         <load_address>0x7366</load_address>
         <run_address>0x7366</run_address>
         <size>0x16</size>
         <input_file_ref idref="fl-5"/>
      </object_component>
      <object_component id="oc-168">
         <name>.text</name>
         <load_address>0x737c</load_address>
         <run_address>0x737c</run_address>
         <size>0x14</size>
         <input_file_ref idref="fl-cc"/>
      </object_component>
      <object_component id="oc-1ae">
         <name>.text:GPIOPinTypeEthernetLED</name>
         <load_address>0x7390</load_address>
         <run_address>0x7390</run_address>
         <size>0x12</size>
         <input_file_ref idref="fl-d1"/>
      </object_component>
      <object_component id="oc-1b4">
         <name>.text:GPIOPinTypeLCD</name>
         <load_address>0x73a2</load_address>
         <run_address>0x73a2</run_address>
         <size>0x12</size>
         <input_file_ref idref="fl-d1"/>
      </object_component>
      <object_component id="oc-200">
         <name>.text:GrImageDraw</name>
         <load_address>0x73b4</load_address>
         <run_address>0x73b4</run_address>
         <size>0xe</size>
         <input_file_ref idref="fl-d7"/>
      </object_component>
      <object_component id="oc-18">
         <name>.text:decompress:none</name>
         <load_address>0x73c2</load_address>
         <run_address>0x73c2</run_address>
         <size>0xe</size>
         <input_file_ref idref="fl-c4"/>
      </object_component>
      <object_component id="oc-1da">
         <name>.text:LCDIDDCommandWrite</name>
         <load_address>0x73d0</load_address>
         <run_address>0x73d0</run_address>
         <size>0xc</size>
         <input_file_ref idref="fl-d3"/>
      </object_component>
      <object_component id="oc-1e0">
         <name>.text:LCDIDDDataWrite</name>
         <load_address>0x73dc</load_address>
         <run_address>0x73dc</run_address>
         <size>0xc</size>
         <input_file_ref idref="fl-d3"/>
      </object_component>
      <object_component id="oc-1e">
         <name>.text:decompress:ZI</name>
         <load_address>0x73e8</load_address>
         <run_address>0x73e8</run_address>
         <size>0xc</size>
         <input_file_ref idref="fl-c5"/>
      </object_component>
      <object_component id="oc-2a4">
         <name>.text:GrMapISO8859_1_Unicode</name>
         <load_address>0x73f4</load_address>
         <run_address>0x73f4</run_address>
         <size>0x8</size>
         <input_file_ref idref="fl-db"/>
      </object_component>
      <object_component id="oc-152">
         <name>.text:GPIOPinWrite</name>
         <load_address>0x73fc</load_address>
         <run_address>0x73fc</run_address>
         <size>0x6</size>
         <input_file_ref idref="fl-d1"/>
      </object_component>
      <object_component id="oc-146">
         <name>.text:GrContextFontSet</name>
         <load_address>0x7402</load_address>
         <run_address>0x7402</run_address>
         <size>0x6</size>
         <input_file_ref idref="fl-d8"/>
      </object_component>
      <object_component id="oc-2b">
         <name>.text:ResetISR</name>
         <load_address>0x7408</load_address>
         <run_address>0x7408</run_address>
         <size>0x6</size>
         <input_file_ref idref="fl-3"/>
      </object_component>
      <object_component id="oc-1c1">
         <name>.text:SysCtlDelay</name>
         <load_address>0x740e</load_address>
         <run_address>0x740e</run_address>
         <size>0x6</size>
         <input_file_ref idref="fl-d4"/>
      </object_component>
      <object_component id="oc-1c8">
         <name>.text:LCDDMAConfigSet</name>
         <load_address>0x7414</load_address>
         <run_address>0x7414</run_address>
         <size>0x4</size>
         <input_file_ref idref="fl-d3"/>
      </object_component>
      <object_component id="oc-1ce">
         <name>.text:LCDIDDConfigSet</name>
         <load_address>0x7418</load_address>
         <run_address>0x7418</run_address>
         <size>0x4</size>
         <input_file_ref idref="fl-d3"/>
      </object_component>
      <object_component id="oc-81">
         <name>.text</name>
         <load_address>0x741c</load_address>
         <run_address>0x741c</run_address>
         <size>0x4</size>
         <input_file_ref idref="fl-ca"/>
      </object_component>
      <object_component id="oc-209">
         <name>.const:.string:g_pui8Top</name>
         <load_address>0x200</load_address>
         <run_address>0x200</run_address>
         <size>0x1a46</size>
         <input_file_ref idref="fl-4"/>
      </object_component>
      <object_component id="oc-265">
         <name>.const:.string:g_pui8Cm20Data</name>
         <load_address>0x1c46</load_address>
         <run_address>0x1c46</run_address>
         <size>0x95e</size>
         <input_file_ref idref="fl-d9"/>
      </object_component>
      <object_component id="oc-218">
         <name>.const:.string:g_pui8Bottom</name>
         <load_address>0x25a4</load_address>
         <run_address>0x25a4</run_address>
         <size>0x786</size>
         <input_file_ref idref="fl-4"/>
      </object_component>
      <object_component id="oc-2c8">
         <name>.const:.string:g_pui8Cmss18bData</name>
         <load_address>0x2d2a</load_address>
         <run_address>0x2d2a</run_address>
         <size>0x782</size>
         <input_file_ref idref="fl-da"/>
      </object_component>
      <object_component id="oc-20f">
         <name>.const:.string:g_pui8Left</name>
         <load_address>0x34ac</load_address>
         <run_address>0x34ac</run_address>
         <size>0x546</size>
         <input_file_ref idref="fl-4"/>
      </object_component>
      <object_component id="oc-212">
         <name>.const:.string:g_pui8Right</name>
         <load_address>0x39f2</load_address>
         <run_address>0x39f2</run_address>
         <size>0x546</size>
         <input_file_ref idref="fl-4"/>
      </object_component>
      <object_component id="oc-1a6">
         <name>.const:g_pppui32XTALtoVCO</name>
         <load_address>0x3f38</load_address>
         <run_address>0x3f38</run_address>
         <size>0x1b0</size>
         <input_file_ref idref="fl-d4"/>
      </object_component>
      <object_component id="oc-206">
         <name>.const:.string:g_pui8TopLeft</name>
         <load_address>0x40e8</load_address>
         <run_address>0x40e8</run_address>
         <size>0x17c</size>
         <input_file_ref idref="fl-4"/>
      </object_component>
      <object_component id="oc-20c">
         <name>.const:.string:g_pui8TopRight</name>
         <load_address>0x4264</load_address>
         <run_address>0x4264</run_address>
         <size>0x173</size>
         <input_file_ref idref="fl-4"/>
      </object_component>
      <object_component id="oc-215">
         <name>.const:.string:g_pui8BottomLeft</name>
         <load_address>0x43d7</load_address>
         <run_address>0x43d7</run_address>
         <size>0xd0</size>
         <input_file_ref idref="fl-4"/>
      </object_component>
      <object_component id="oc-15b">
         <name>.const:g_sFontCm20</name>
         <load_address>0x44a8</load_address>
         <run_address>0x44a8</run_address>
         <size>0xc8</size>
         <input_file_ref idref="fl-d9"/>
      </object_component>
      <object_component id="oc-21e">
         <name>.const:g_sFontCmss18b</name>
         <load_address>0x4570</load_address>
         <run_address>0x4570</run_address>
         <size>0xc8</size>
         <input_file_ref idref="fl-da"/>
      </object_component>
      <object_component id="oc-21b">
         <name>.const:.string:g_pui8BottomRight</name>
         <load_address>0x4638</load_address>
         <run_address>0x4638</run_address>
         <size>0xc4</size>
         <input_file_ref idref="fl-4"/>
      </object_component>
      <object_component id="oc-1a3">
         <name>.const:g_pui32Xtals</name>
         <load_address>0x46fc</load_address>
         <run_address>0x46fc</run_address>
         <size>0x6c</size>
         <input_file_ref idref="fl-d4"/>
      </object_component>
      <object_component id="oc-27f">
         <name>.const:g_sXTALtoMEMTIM</name>
         <load_address>0x4768</load_address>
         <run_address>0x4768</run_address>
         <size>0x30</size>
         <input_file_ref idref="fl-d4"/>
      </object_component>
      <object_component id="oc-158">
         <name>.const:g_sKentec320x240x16_SSD2119</name>
         <load_address>0x4798</load_address>
         <run_address>0x4798</run_address>
         <size>0x28</size>
         <input_file_ref idref="fl-5"/>
      </object_component>
      <object_component id="oc-1f3">
         <name>.const</name>
         <load_address>0x47c0</load_address>
         <run_address>0x47c0</run_address>
         <size>0x10</size>
         <input_file_ref idref="fl-d6"/>
      </object_component>
      <object_component id="oc-1a9">
         <name>.const</name>
         <load_address>0x47d0</load_address>
         <run_address>0x47d0</run_address>
         <size>0x8</size>
         <input_file_ref idref="fl-d4"/>
      </object_component>
      <object_component id="oc-322">
         <name>.cinit..data.load</name>
         <load_address>0x7420</load_address>
         <run_address>0x7420</run_address>
         <size>0x11</size>
      </object_component>
      <object_component id="oc-320">
         <name>__TI_handler_table</name>
         <load_address>0x7434</load_address>
         <run_address>0x7434</run_address>
         <size>0xc</size>
      </object_component>
      <object_component id="oc-323">
         <name>.cinit..bss.load</name>
         <load_address>0x7440</load_address>
         <run_address>0x7440</run_address>
         <size>0x8</size>
      </object_component>
      <object_component id="oc-321">
         <name>__TI_cinit_table</name>
         <load_address>0x7448</load_address>
         <run_address>0x7448</run_address>
         <size>0x10</size>
      </object_component>
      <object_component id="oc-eb">
         <name>.data:$O1$$</name>
         <load_address>0x20000460</load_address>
         <run_address>0x20000460</run_address>
         <size>0xc</size>
         <input_file_ref idref="fl-c6"/>
      </object_component>
      <object_component id="oc-99">
         <name>.data</name>
         <load_address>0x20000474</load_address>
         <run_address>0x20000474</run_address>
         <size>0x4</size>
         <input_file_ref idref="fl-cb"/>
      </object_component>
      <object_component id="oc-ee">
         <name>.data:$O1$$</name>
         <load_address>0x2000046c</load_address>
         <run_address>0x2000046c</run_address>
         <size>0x8</size>
         <input_file_ref idref="fl-cc"/>
      </object_component>
      <object_component id="oc-b0">
         <name>.common:g_ui32Index</name>
         <uninitialized>true</uninitialized>
         <run_address>0x2000045c</run_address>
         <size>0x4</size>
      </object_component>
      <object_component id="oc-ad">
         <name>.common:g_ui32GPIOa</name>
         <uninitialized>true</uninitialized>
         <run_address>0x20000450</run_address>
         <size>0x4</size>
      </object_component>
      <object_component id="oc-b2">
         <name>.common:g_ui32GPIOb</name>
         <uninitialized>true</uninitialized>
         <run_address>0x20000454</run_address>
         <size>0x4</size>
      </object_component>
      <object_component id="oc-b4">
         <name>.common:g_ui32GPIOc</name>
         <uninitialized>true</uninitialized>
         <run_address>0x20000458</run_address>
         <size>0x4</size>
      </object_component>
      <object_component id="oc-108">
         <name>.common:g_sContext</name>
         <uninitialized>true</uninitialized>
         <run_address>0x20000400</run_address>
         <size>0x2c</size>
      </object_component>
      <object_component id="oc-1f6">
         <name>.common:g_psGrLibDefaults</name>
         <uninitialized>true</uninitialized>
         <run_address>0x2000044c</run_address>
         <size>0x4</size>
      </object_component>
      <object_component id="oc-2f5">
         <name>.common:g_pui8Dictionary</name>
         <uninitialized>true</uninitialized>
         <run_address>0x2000042c</run_address>
         <size>0x20</size>
      </object_component>
      <object_component id="oc-2a">
         <name>.stack</name>
         <uninitialized>true</uninitialized>
         <run_address>0x20000000</run_address>
         <size>0x0</size>
         <input_file_ref idref="fl-c2"/>
      </object_component>
      <object_component id="oc-324">
         <name>.stack</name>
         <uninitialized>true</uninitialized>
         <run_address>0x20000000</run_address>
         <size>0x0</size>
      </object_component>
      <object_component id="oc-ae">
         <name>.debug_info</name>
         <load_address>0x0</load_address>
         <run_address>0x0</run_address>
         <size>0x679</size>
         <input_file_ref idref="fl-2"/>
      </object_component>
      <object_component id="oc-a2">
         <name>.debug_info</name>
         <load_address>0x679</load_address>
         <run_address>0x679</run_address>
         <size>0x1e0</size>
         <input_file_ref idref="fl-2"/>
      </object_component>
      <object_component id="oc-a8">
         <name>.debug_info</name>
         <load_address>0x859</load_address>
         <run_address>0x859</run_address>
         <size>0x13f</size>
         <input_file_ref idref="fl-2"/>
      </object_component>
      <object_component id="oc-e4">
         <name>.debug_info</name>
         <load_address>0x998</load_address>
         <run_address>0x998</run_address>
         <size>0x59e</size>
         <input_file_ref idref="fl-2"/>
      </object_component>
      <object_component id="oc-50">
         <name>.debug_info</name>
         <load_address>0xf36</load_address>
         <run_address>0xf36</run_address>
         <size>0x144</size>
         <input_file_ref idref="fl-2"/>
      </object_component>
      <object_component id="oc-4a">
         <name>.debug_info</name>
         <load_address>0x107a</load_address>
         <run_address>0x107a</run_address>
         <size>0x142</size>
         <input_file_ref idref="fl-2"/>
      </object_component>
      <object_component id="oc-44">
         <name>.debug_info</name>
         <load_address>0x11bc</load_address>
         <run_address>0x11bc</run_address>
         <size>0x12a</size>
         <input_file_ref idref="fl-2"/>
      </object_component>
      <object_component id="oc-10d">
         <name>.debug_info</name>
         <load_address>0x12e6</load_address>
         <run_address>0x12e6</run_address>
         <size>0x6bd</size>
         <input_file_ref idref="fl-2"/>
      </object_component>
      <object_component id="oc-112">
         <name>.debug_info</name>
         <load_address>0x19a3</load_address>
         <run_address>0x19a3</run_address>
         <size>0x8b</size>
         <input_file_ref idref="fl-2"/>
      </object_component>
      <object_component id="oc-b8">
         <name>.debug_info</name>
         <load_address>0x1a2e</load_address>
         <run_address>0x1a2e</run_address>
         <size>0x18b</size>
         <input_file_ref idref="fl-2"/>
      </object_component>
      <object_component id="oc-57">
         <name>.debug_info</name>
         <load_address>0x1bb9</load_address>
         <run_address>0x1bb9</run_address>
         <size>0x129</size>
         <input_file_ref idref="fl-3"/>
      </object_component>
      <object_component id="oc-10">
         <name>.debug_info</name>
         <load_address>0x1ce2</load_address>
         <run_address>0x1ce2</run_address>
         <size>0xcc</size>
         <input_file_ref idref="fl-3"/>
      </object_component>
      <object_component id="oc-2c">
         <name>.debug_info</name>
         <load_address>0x1dae</load_address>
         <run_address>0x1dae</run_address>
         <size>0xfc</size>
         <input_file_ref idref="fl-3"/>
      </object_component>
      <object_component id="oc-32">
         <name>.debug_info</name>
         <load_address>0x1eaa</load_address>
         <run_address>0x1eaa</run_address>
         <size>0xea</size>
         <input_file_ref idref="fl-3"/>
      </object_component>
      <object_component id="oc-3e">
         <name>.debug_info</name>
         <load_address>0x1f94</load_address>
         <run_address>0x1f94</run_address>
         <size>0x105</size>
         <input_file_ref idref="fl-3"/>
      </object_component>
      <object_component id="oc-38">
         <name>.debug_info</name>
         <load_address>0x2099</load_address>
         <run_address>0x2099</run_address>
         <size>0xf1</size>
         <input_file_ref idref="fl-3"/>
      </object_component>
      <object_component id="oc-5e">
         <name>.debug_info</name>
         <load_address>0x218a</load_address>
         <run_address>0x218a</run_address>
         <size>0x84</size>
         <input_file_ref idref="fl-3"/>
      </object_component>
      <object_component id="oc-222">
         <name>.debug_info</name>
         <load_address>0x220e</load_address>
         <run_address>0x220e</run_address>
         <size>0x535</size>
         <input_file_ref idref="fl-4"/>
      </object_component>
      <object_component id="oc-207">
         <name>.debug_info</name>
         <load_address>0x2743</load_address>
         <run_address>0x2743</run_address>
         <size>0x114</size>
         <input_file_ref idref="fl-4"/>
      </object_component>
      <object_component id="oc-20a">
         <name>.debug_info</name>
         <load_address>0x2857</load_address>
         <run_address>0x2857</run_address>
         <size>0x10c</size>
         <input_file_ref idref="fl-4"/>
      </object_component>
      <object_component id="oc-20d">
         <name>.debug_info</name>
         <load_address>0x2963</load_address>
         <run_address>0x2963</run_address>
         <size>0x117</size>
         <input_file_ref idref="fl-4"/>
      </object_component>
      <object_component id="oc-210">
         <name>.debug_info</name>
         <load_address>0x2a7a</load_address>
         <run_address>0x2a7a</run_address>
         <size>0x10f</size>
         <input_file_ref idref="fl-4"/>
      </object_component>
      <object_component id="oc-213">
         <name>.debug_info</name>
         <load_address>0x2b89</load_address>
         <run_address>0x2b89</run_address>
         <size>0x111</size>
         <input_file_ref idref="fl-4"/>
      </object_component>
      <object_component id="oc-216">
         <name>.debug_info</name>
         <load_address>0x2c9a</load_address>
         <run_address>0x2c9a</run_address>
         <size>0x11b</size>
         <input_file_ref idref="fl-4"/>
      </object_component>
      <object_component id="oc-219">
         <name>.debug_info</name>
         <load_address>0x2db5</load_address>
         <run_address>0x2db5</run_address>
         <size>0x113</size>
         <input_file_ref idref="fl-4"/>
      </object_component>
      <object_component id="oc-21c">
         <name>.debug_info</name>
         <load_address>0x2ec8</load_address>
         <run_address>0x2ec8</run_address>
         <size>0x11d</size>
         <input_file_ref idref="fl-4"/>
      </object_component>
      <object_component id="oc-141">
         <name>.debug_info</name>
         <load_address>0x2fe5</load_address>
         <run_address>0x2fe5</run_address>
         <size>0x458</size>
         <input_file_ref idref="fl-4"/>
      </object_component>
      <object_component id="oc-1ec">
         <name>.debug_info</name>
         <load_address>0x343d</load_address>
         <run_address>0x343d</run_address>
         <size>0x538</size>
         <input_file_ref idref="fl-5"/>
      </object_component>
      <object_component id="oc-159">
         <name>.debug_info</name>
         <load_address>0x3975</load_address>
         <run_address>0x3975</run_address>
         <size>0x145</size>
         <input_file_ref idref="fl-5"/>
      </object_component>
      <object_component id="oc-252">
         <name>.debug_info</name>
         <load_address>0x3aba</load_address>
         <run_address>0x3aba</run_address>
         <size>0x5ee</size>
         <input_file_ref idref="fl-5"/>
      </object_component>
      <object_component id="oc-240">
         <name>.debug_info</name>
         <load_address>0x40a8</load_address>
         <run_address>0x40a8</run_address>
         <size>0x5e3</size>
         <input_file_ref idref="fl-5"/>
      </object_component>
      <object_component id="oc-23a">
         <name>.debug_info</name>
         <load_address>0x468b</load_address>
         <run_address>0x468b</run_address>
         <size>0x3aa</size>
         <input_file_ref idref="fl-5"/>
      </object_component>
      <object_component id="oc-24c">
         <name>.debug_info</name>
         <load_address>0x4a35</load_address>
         <run_address>0x4a35</run_address>
         <size>0x41a</size>
         <input_file_ref idref="fl-5"/>
      </object_component>
      <object_component id="oc-246">
         <name>.debug_info</name>
         <load_address>0x4e4f</load_address>
         <run_address>0x4e4f</run_address>
         <size>0x41a</size>
         <input_file_ref idref="fl-5"/>
      </object_component>
      <object_component id="oc-135">
         <name>.debug_info</name>
         <load_address>0x5269</load_address>
         <run_address>0x5269</run_address>
         <size>0xb73</size>
         <input_file_ref idref="fl-5"/>
      </object_component>
      <object_component id="oc-25e">
         <name>.debug_info</name>
         <load_address>0x5ddc</load_address>
         <run_address>0x5ddc</run_address>
         <size>0x259</size>
         <input_file_ref idref="fl-5"/>
      </object_component>
      <object_component id="oc-258">
         <name>.debug_info</name>
         <load_address>0x6035</load_address>
         <run_address>0x6035</run_address>
         <size>0x2a5</size>
         <input_file_ref idref="fl-5"/>
      </object_component>
      <object_component id="oc-1e7">
         <name>.debug_info</name>
         <load_address>0x62da</load_address>
         <run_address>0x62da</run_address>
         <size>0x1a4</size>
         <input_file_ref idref="fl-5"/>
      </object_component>
      <object_component id="oc-12f">
         <name>.debug_info</name>
         <load_address>0x647e</load_address>
         <run_address>0x647e</run_address>
         <size>0x4b1</size>
         <input_file_ref idref="fl-6"/>
      </object_component>
      <object_component id="oc-26">
         <name>.debug_info</name>
         <load_address>0x692f</load_address>
         <run_address>0x692f</run_address>
         <size>0x160</size>
         <input_file_ref idref="fl-c2"/>
      </object_component>
      <object_component id="oc-c2">
         <name>.debug_info</name>
         <load_address>0x6a8f</load_address>
         <run_address>0x6a8f</run_address>
         <size>0xf9</size>
         <input_file_ref idref="fl-c3"/>
      </object_component>
      <object_component id="oc-16">
         <name>.debug_info</name>
         <load_address>0x6b88</load_address>
         <run_address>0x6b88</run_address>
         <size>0x245</size>
         <input_file_ref idref="fl-c3"/>
      </object_component>
      <object_component id="oc-59">
         <name>.debug_info</name>
         <load_address>0x6dcd</load_address>
         <run_address>0x6dcd</run_address>
         <size>0x60</size>
         <input_file_ref idref="fl-c3"/>
      </object_component>
      <object_component id="oc-bd">
         <name>.debug_info</name>
         <load_address>0x6e2d</load_address>
         <run_address>0x6e2d</run_address>
         <size>0x46</size>
         <input_file_ref idref="fl-c3"/>
      </object_component>
      <object_component id="oc-6e">
         <name>.debug_info</name>
         <load_address>0x6e73</load_address>
         <run_address>0x6e73</run_address>
         <size>0x140</size>
         <input_file_ref idref="fl-c4"/>
      </object_component>
      <object_component id="oc-1c">
         <name>.debug_info</name>
         <load_address>0x6fb3</load_address>
         <run_address>0x6fb3</run_address>
         <size>0x1df</size>
         <input_file_ref idref="fl-c4"/>
      </object_component>
      <object_component id="oc-69">
         <name>.debug_info</name>
         <load_address>0x7192</load_address>
         <run_address>0x7192</run_address>
         <size>0x46</size>
         <input_file_ref idref="fl-c4"/>
      </object_component>
      <object_component id="oc-c4">
         <name>.debug_info</name>
         <load_address>0x71d8</load_address>
         <run_address>0x71d8</run_address>
         <size>0x2c</size>
         <input_file_ref idref="fl-c4"/>
      </object_component>
      <object_component id="oc-7a">
         <name>.debug_info</name>
         <load_address>0x7204</load_address>
         <run_address>0x7204</run_address>
         <size>0x12f</size>
         <input_file_ref idref="fl-c5"/>
      </object_component>
      <object_component id="oc-1f">
         <name>.debug_info</name>
         <load_address>0x7333</load_address>
         <run_address>0x7333</run_address>
         <size>0x1aa</size>
         <input_file_ref idref="fl-c5"/>
      </object_component>
      <object_component id="oc-75">
         <name>.debug_info</name>
         <load_address>0x74dd</load_address>
         <run_address>0x74dd</run_address>
         <size>0x46</size>
         <input_file_ref idref="fl-c5"/>
      </object_component>
      <object_component id="oc-cc">
         <name>.debug_info</name>
         <load_address>0x7523</load_address>
         <run_address>0x7523</run_address>
         <size>0x2c</size>
         <input_file_ref idref="fl-c5"/>
      </object_component>
      <object_component id="oc-f2">
         <name>.debug_info</name>
         <load_address>0x754f</load_address>
         <run_address>0x754f</run_address>
         <size>0x234</size>
         <input_file_ref idref="fl-c6"/>
      </object_component>
      <object_component id="oc-ec">
         <name>.debug_info</name>
         <load_address>0x7783</load_address>
         <run_address>0x7783</run_address>
         <size>0x185</size>
         <input_file_ref idref="fl-c6"/>
      </object_component>
      <object_component id="oc-94">
         <name>.debug_info</name>
         <load_address>0x7908</load_address>
         <run_address>0x7908</run_address>
         <size>0x214</size>
         <input_file_ref idref="fl-c6"/>
      </object_component>
      <object_component id="oc-66">
         <name>.debug_info</name>
         <load_address>0x7b1c</load_address>
         <run_address>0x7b1c</run_address>
         <size>0x111</size>
         <input_file_ref idref="fl-c7"/>
      </object_component>
      <object_component id="oc-70">
         <name>.debug_info</name>
         <load_address>0x7c2d</load_address>
         <run_address>0x7c2d</run_address>
         <size>0x13f</size>
         <input_file_ref idref="fl-c8"/>
      </object_component>
      <object_component id="oc-7c">
         <name>.debug_info</name>
         <load_address>0x7d6c</load_address>
         <run_address>0x7d6c</run_address>
         <size>0x138</size>
         <input_file_ref idref="fl-c9"/>
      </object_component>
      <object_component id="oc-82">
         <name>.debug_info</name>
         <load_address>0x7ea4</load_address>
         <run_address>0x7ea4</run_address>
         <size>0x148</size>
         <input_file_ref idref="fl-ca"/>
      </object_component>
      <object_component id="oc-9a">
         <name>.debug_info</name>
         <load_address>0x7fec</load_address>
         <run_address>0x7fec</run_address>
         <size>0x109</size>
         <input_file_ref idref="fl-cb"/>
      </object_component>
      <object_component id="oc-170">
         <name>.debug_info</name>
         <load_address>0x80f5</load_address>
         <run_address>0x80f5</run_address>
         <size>0x124</size>
         <input_file_ref idref="fl-cc"/>
      </object_component>
      <object_component id="oc-ef">
         <name>.debug_info</name>
         <load_address>0x8219</load_address>
         <run_address>0x8219</run_address>
         <size>0x113</size>
         <input_file_ref idref="fl-cc"/>
      </object_component>
      <object_component id="oc-169">
         <name>.debug_info</name>
         <load_address>0x832c</load_address>
         <run_address>0x832c</run_address>
         <size>0x21f</size>
         <input_file_ref idref="fl-cc"/>
      </object_component>
      <object_component id="oc-ea">
         <name>.debug_info</name>
         <load_address>0x854b</load_address>
         <run_address>0x854b</run_address>
         <size>0x166</size>
         <input_file_ref idref="fl-cd"/>
      </object_component>
      <object_component id="oc-8e">
         <name>.debug_info</name>
         <load_address>0x86b1</load_address>
         <run_address>0x86b1</run_address>
         <size>0x167</size>
         <input_file_ref idref="fl-cd"/>
      </object_component>
      <object_component id="oc-161">
         <name>.debug_info</name>
         <load_address>0x8818</load_address>
         <run_address>0x8818</run_address>
         <size>0x5e</size>
         <input_file_ref idref="fl-cd"/>
      </object_component>
      <object_component id="oc-e2">
         <name>.debug_info</name>
         <load_address>0x8876</load_address>
         <run_address>0x8876</run_address>
         <size>0x2e9</size>
         <input_file_ref idref="fl-ce"/>
      </object_component>
      <object_component id="oc-89">
         <name>.debug_info</name>
         <load_address>0x8b5f</load_address>
         <run_address>0x8b5f</run_address>
         <size>0x190</size>
         <input_file_ref idref="fl-ce"/>
      </object_component>
      <object_component id="oc-11e">
         <name>.debug_info</name>
         <load_address>0x8cef</load_address>
         <run_address>0x8cef</run_address>
         <size>0x39</size>
         <input_file_ref idref="fl-ce"/>
      </object_component>
      <object_component id="oc-192">
         <name>.debug_info</name>
         <load_address>0x8d28</load_address>
         <run_address>0x8d28</run_address>
         <size>0x39</size>
         <input_file_ref idref="fl-ce"/>
      </object_component>
      <object_component id="oc-123">
         <name>.debug_info</name>
         <load_address>0x8d61</load_address>
         <run_address>0x8d61</run_address>
         <size>0xcd</size>
         <input_file_ref idref="fl-ce"/>
      </object_component>
      <object_component id="oc-11a">
         <name>.debug_info</name>
         <load_address>0x8e2e</load_address>
         <run_address>0x8e2e</run_address>
         <size>0x1e0</size>
         <input_file_ref idref="fl-cf"/>
      </object_component>
      <object_component id="oc-d6">
         <name>.debug_info</name>
         <load_address>0x900e</load_address>
         <run_address>0x900e</run_address>
         <size>0x183</size>
         <input_file_ref idref="fl-cf"/>
      </object_component>
      <object_component id="oc-18d">
         <name>.debug_info</name>
         <load_address>0x9191</load_address>
         <run_address>0x9191</run_address>
         <size>0x2c</size>
         <input_file_ref idref="fl-cf"/>
      </object_component>
      <object_component id="oc-dd">
         <name>.debug_info</name>
         <load_address>0x91bd</load_address>
         <run_address>0x91bd</run_address>
         <size>0x145</size>
         <input_file_ref idref="fl-d0"/>
      </object_component>
      <object_component id="oc-237">
         <name>.debug_info</name>
         <load_address>0x9302</load_address>
         <run_address>0x9302</run_address>
         <size>0x230</size>
         <input_file_ref idref="fl-d1"/>
      </object_component>
      <object_component id="oc-153">
         <name>.debug_info</name>
         <load_address>0x9532</load_address>
         <run_address>0x9532</run_address>
         <size>0x2a3</size>
         <input_file_ref idref="fl-d1"/>
      </object_component>
      <object_component id="oc-231">
         <name>.debug_info</name>
         <load_address>0x97d5</load_address>
         <run_address>0x97d5</run_address>
         <size>0x2b3</size>
         <input_file_ref idref="fl-d1"/>
      </object_component>
      <object_component id="oc-22b">
         <name>.debug_info</name>
         <load_address>0x9a88</load_address>
         <run_address>0x9a88</run_address>
         <size>0x316</size>
         <input_file_ref idref="fl-d1"/>
      </object_component>
      <object_component id="oc-1b5">
         <name>.debug_info</name>
         <load_address>0x9d9e</load_address>
         <run_address>0x9d9e</run_address>
         <size>0x279</size>
         <input_file_ref idref="fl-d1"/>
      </object_component>
      <object_component id="oc-14d">
         <name>.debug_info</name>
         <load_address>0xa017</load_address>
         <run_address>0xa017</run_address>
         <size>0x2b7</size>
         <input_file_ref idref="fl-d1"/>
      </object_component>
      <object_component id="oc-1af">
         <name>.debug_info</name>
         <load_address>0xa2ce</load_address>
         <run_address>0xa2ce</run_address>
         <size>0x289</size>
         <input_file_ref idref="fl-d1"/>
      </object_component>
      <object_component id="oc-295">
         <name>.debug_info</name>
         <load_address>0xa557</load_address>
         <run_address>0xa557</run_address>
         <size>0x24c</size>
         <input_file_ref idref="fl-d3"/>
      </object_component>
      <object_component id="oc-1c3">
         <name>.debug_info</name>
         <load_address>0xa7a3</load_address>
         <run_address>0xa7a3</run_address>
         <size>0x2e7</size>
         <input_file_ref idref="fl-d3"/>
      </object_component>
      <object_component id="oc-1d6">
         <name>.debug_info</name>
         <load_address>0xaa8a</load_address>
         <run_address>0xaa8a</run_address>
         <size>0x2bd</size>
         <input_file_ref idref="fl-d3"/>
      </object_component>
      <object_component id="oc-1e2">
         <name>.debug_info</name>
         <load_address>0xad47</load_address>
         <run_address>0xad47</run_address>
         <size>0x2c1</size>
         <input_file_ref idref="fl-d3"/>
      </object_component>
      <object_component id="oc-1d0">
         <name>.debug_info</name>
         <load_address>0xb008</load_address>
         <run_address>0xb008</run_address>
         <size>0x288</size>
         <input_file_ref idref="fl-d3"/>
      </object_component>
      <object_component id="oc-1dc">
         <name>.debug_info</name>
         <load_address>0xb290</load_address>
         <run_address>0xb290</run_address>
         <size>0x2c3</size>
         <input_file_ref idref="fl-d3"/>
      </object_component>
      <object_component id="oc-1ca">
         <name>.debug_info</name>
         <load_address>0xb553</load_address>
         <run_address>0xb553</run_address>
         <size>0x288</size>
         <input_file_ref idref="fl-d3"/>
      </object_component>
      <object_component id="oc-1ad">
         <name>.debug_info</name>
         <load_address>0xb7db</load_address>
         <run_address>0xb7db</run_address>
         <size>0x298</size>
         <input_file_ref idref="fl-d4"/>
      </object_component>
      <object_component id="oc-1a4">
         <name>.debug_info</name>
         <load_address>0xba73</load_address>
         <run_address>0xba73</run_address>
         <size>0x14d</size>
         <input_file_ref idref="fl-d4"/>
      </object_component>
      <object_component id="oc-1a7">
         <name>.debug_info</name>
         <load_address>0xbbc0</load_address>
         <run_address>0xbbc0</run_address>
         <size>0x159</size>
         <input_file_ref idref="fl-d4"/>
      </object_component>
      <object_component id="oc-280">
         <name>.debug_info</name>
         <load_address>0xbd19</load_address>
         <run_address>0xbd19</run_address>
         <size>0x153</size>
         <input_file_ref idref="fl-d4"/>
      </object_component>
      <object_component id="oc-1aa">
         <name>.debug_info</name>
         <load_address>0xbe6c</load_address>
         <run_address>0xbe6c</run_address>
         <size>0x160</size>
         <input_file_ref idref="fl-d4"/>
      </object_component>
      <object_component id="oc-1bc">
         <name>.debug_info</name>
         <load_address>0xbfcc</load_address>
         <run_address>0xbfcc</run_address>
         <size>0x27d</size>
         <input_file_ref idref="fl-d4"/>
      </object_component>
      <object_component id="oc-198">
         <name>.debug_info</name>
         <load_address>0xc249</load_address>
         <run_address>0xc249</run_address>
         <size>0x270</size>
         <input_file_ref idref="fl-d4"/>
      </object_component>
      <object_component id="oc-19e">
         <name>.debug_info</name>
         <load_address>0xc4b9</load_address>
         <run_address>0xc4b9</run_address>
         <size>0x2ba</size>
         <input_file_ref idref="fl-d4"/>
      </object_component>
      <object_component id="oc-129">
         <name>.debug_info</name>
         <load_address>0xc773</load_address>
         <run_address>0xc773</run_address>
         <size>0x47f</size>
         <input_file_ref idref="fl-d4"/>
      </object_component>
      <object_component id="oc-28c">
         <name>.debug_info</name>
         <load_address>0xcbf2</load_address>
         <run_address>0xcbf2</run_address>
         <size>0x5f</size>
         <input_file_ref idref="fl-d4"/>
      </object_component>
      <object_component id="oc-1f7">
         <name>.debug_info</name>
         <load_address>0xcc51</load_address>
         <run_address>0xcc51</run_address>
         <size>0x464</size>
         <input_file_ref idref="fl-d6"/>
      </object_component>
      <object_component id="oc-1f4">
         <name>.debug_info</name>
         <load_address>0xd0b5</load_address>
         <run_address>0xd0b5</run_address>
         <size>0x167</size>
         <input_file_ref idref="fl-d6"/>
      </object_component>
      <object_component id="oc-13b">
         <name>.debug_info</name>
         <load_address>0xd21c</load_address>
         <run_address>0xd21c</run_address>
         <size>0x27d</size>
         <input_file_ref idref="fl-d6"/>
      </object_component>
      <object_component id="oc-1fb">
         <name>.debug_info</name>
         <load_address>0xd499</load_address>
         <run_address>0xd499</run_address>
         <size>0x2a5</size>
         <input_file_ref idref="fl-d6"/>
      </object_component>
      <object_component id="oc-2b6">
         <name>.debug_info</name>
         <load_address>0xd73e</load_address>
         <run_address>0xd73e</run_address>
         <size>0x3d2</size>
         <input_file_ref idref="fl-d7"/>
      </object_component>
      <object_component id="oc-2f0">
         <name>.debug_info</name>
         <load_address>0xdb10</load_address>
         <run_address>0xdb10</run_address>
         <size>0x5f7</size>
         <input_file_ref idref="fl-d7"/>
      </object_component>
      <object_component id="oc-2b0">
         <name>.debug_info</name>
         <load_address>0xe107</load_address>
         <run_address>0xe107</run_address>
         <size>0x583</size>
         <input_file_ref idref="fl-d7"/>
      </object_component>
      <object_component id="oc-201">
         <name>.debug_info</name>
         <load_address>0xe68a</load_address>
         <run_address>0xe68a</run_address>
         <size>0x278</size>
         <input_file_ref idref="fl-d7"/>
      </object_component>
      <object_component id="oc-187">
         <name>.debug_info</name>
         <load_address>0xe902</load_address>
         <run_address>0xe902</run_address>
         <size>0x51c</size>
         <input_file_ref idref="fl-d8"/>
      </object_component>
      <object_component id="oc-175">
         <name>.debug_info</name>
         <load_address>0xee1e</load_address>
         <run_address>0xee1e</run_address>
         <size>0x2fe</size>
         <input_file_ref idref="fl-d8"/>
      </object_component>
      <object_component id="oc-270">
         <name>.debug_info</name>
         <load_address>0xf11c</load_address>
         <run_address>0xf11c</run_address>
         <size>0x315</size>
         <input_file_ref idref="fl-d8"/>
      </object_component>
      <object_component id="oc-276">
         <name>.debug_info</name>
         <load_address>0xf431</load_address>
         <run_address>0xf431</run_address>
         <size>0x34b</size>
         <input_file_ref idref="fl-d8"/>
      </object_component>
      <object_component id="oc-17b">
         <name>.debug_info</name>
         <load_address>0xf77c</load_address>
         <run_address>0xf77c</run_address>
         <size>0x2cc</size>
         <input_file_ref idref="fl-d8"/>
      </object_component>
      <object_component id="oc-181">
         <name>.debug_info</name>
         <load_address>0xfa48</load_address>
         <run_address>0xfa48</run_address>
         <size>0x341</size>
         <input_file_ref idref="fl-d8"/>
      </object_component>
      <object_component id="oc-f7">
         <name>.debug_info</name>
         <load_address>0xfd89</load_address>
         <run_address>0xfd89</run_address>
         <size>0x450</size>
         <input_file_ref idref="fl-d8"/>
      </object_component>
      <object_component id="oc-103">
         <name>.debug_info</name>
         <load_address>0x101d9</load_address>
         <run_address>0x101d9</run_address>
         <size>0x2b7</size>
         <input_file_ref idref="fl-d8"/>
      </object_component>
      <object_component id="oc-2d1">
         <name>.debug_info</name>
         <load_address>0x10490</load_address>
         <run_address>0x10490</run_address>
         <size>0x254</size>
         <input_file_ref idref="fl-d8"/>
      </object_component>
      <object_component id="oc-224">
         <name>.debug_info</name>
         <load_address>0x106e4</load_address>
         <run_address>0x106e4</run_address>
         <size>0x2b6</size>
         <input_file_ref idref="fl-d8"/>
      </object_component>
      <object_component id="oc-29e">
         <name>.debug_info</name>
         <load_address>0x1099a</load_address>
         <run_address>0x1099a</run_address>
         <size>0x47f</size>
         <input_file_ref idref="fl-d8"/>
      </object_component>
      <object_component id="oc-fd">
         <name>.debug_info</name>
         <load_address>0x10e19</load_address>
         <run_address>0x10e19</run_address>
         <size>0x2c0</size>
         <input_file_ref idref="fl-d8"/>
      </object_component>
      <object_component id="oc-1ee">
         <name>.debug_info</name>
         <load_address>0x110d9</load_address>
         <run_address>0x110d9</run_address>
         <size>0x4bd</size>
         <input_file_ref idref="fl-d8"/>
      </object_component>
      <object_component id="oc-147">
         <name>.debug_info</name>
         <load_address>0x11596</load_address>
         <run_address>0x11596</run_address>
         <size>0x28d</size>
         <input_file_ref idref="fl-d8"/>
      </object_component>
      <object_component id="oc-26a">
         <name>.debug_info</name>
         <load_address>0x11823</load_address>
         <run_address>0x11823</run_address>
         <size>0x35e</size>
         <input_file_ref idref="fl-d9"/>
      </object_component>
      <object_component id="oc-266">
         <name>.debug_info</name>
         <load_address>0x11b81</load_address>
         <run_address>0x11b81</run_address>
         <size>0x151</size>
         <input_file_ref idref="fl-d9"/>
      </object_component>
      <object_component id="oc-15c">
         <name>.debug_info</name>
         <load_address>0x11cd2</load_address>
         <run_address>0x11cd2</run_address>
         <size>0x14d</size>
         <input_file_ref idref="fl-d9"/>
      </object_component>
      <object_component id="oc-2cd">
         <name>.debug_info</name>
         <load_address>0x11e1f</load_address>
         <run_address>0x11e1f</run_address>
         <size>0x361</size>
         <input_file_ref idref="fl-da"/>
      </object_component>
      <object_component id="oc-2c9">
         <name>.debug_info</name>
         <load_address>0x12180</load_address>
         <run_address>0x12180</run_address>
         <size>0x15a</size>
         <input_file_ref idref="fl-da"/>
      </object_component>
      <object_component id="oc-21f">
         <name>.debug_info</name>
         <load_address>0x122da</load_address>
         <run_address>0x122da</run_address>
         <size>0x155</size>
         <input_file_ref idref="fl-da"/>
      </object_component>
      <object_component id="oc-2ee">
         <name>.debug_info</name>
         <load_address>0x1242f</load_address>
         <run_address>0x1242f</run_address>
         <size>0x3cd</size>
         <input_file_ref idref="fl-db"/>
      </object_component>
      <object_component id="oc-2a5">
         <name>.debug_info</name>
         <load_address>0x127fc</load_address>
         <run_address>0x127fc</run_address>
         <size>0x2b1</size>
         <input_file_ref idref="fl-db"/>
      </object_component>
      <object_component id="oc-325">
         <name>.debug_info</name>
         <load_address>0x12aad</load_address>
         <run_address>0x12aad</run_address>
         <size>0x8f</size>
      </object_component>
      <object_component id="oc-10c">
         <name>.debug_line</name>
         <load_address>0x0</load_address>
         <run_address>0x0</run_address>
         <size>0x217</size>
         <input_file_ref idref="fl-2"/>
      </object_component>
      <object_component id="oc-a5">
         <name>.debug_line</name>
         <load_address>0x217</load_address>
         <run_address>0x217</run_address>
         <size>0x69</size>
         <input_file_ref idref="fl-2"/>
      </object_component>
      <object_component id="oc-ab">
         <name>.debug_line</name>
         <load_address>0x280</load_address>
         <run_address>0x280</run_address>
         <size>0x55</size>
         <input_file_ref idref="fl-2"/>
      </object_component>
      <object_component id="oc-e7">
         <name>.debug_line</name>
         <load_address>0x2d5</load_address>
         <run_address>0x2d5</run_address>
         <size>0x18a</size>
         <input_file_ref idref="fl-2"/>
      </object_component>
      <object_component id="oc-53">
         <name>.debug_line</name>
         <load_address>0x45f</load_address>
         <run_address>0x45f</run_address>
         <size>0x60</size>
         <input_file_ref idref="fl-2"/>
      </object_component>
      <object_component id="oc-4d">
         <name>.debug_line</name>
         <load_address>0x4bf</load_address>
         <run_address>0x4bf</run_address>
         <size>0x60</size>
         <input_file_ref idref="fl-2"/>
      </object_component>
      <object_component id="oc-47">
         <name>.debug_line</name>
         <load_address>0x51f</load_address>
         <run_address>0x51f</run_address>
         <size>0x5c</size>
         <input_file_ref idref="fl-2"/>
      </object_component>
      <object_component id="oc-110">
         <name>.debug_line</name>
         <load_address>0x57b</load_address>
         <run_address>0x57b</run_address>
         <size>0x5d</size>
         <input_file_ref idref="fl-2"/>
      </object_component>
      <object_component id="oc-115">
         <name>.debug_line</name>
         <load_address>0x5d8</load_address>
         <run_address>0x5d8</run_address>
         <size>0x20</size>
         <input_file_ref idref="fl-2"/>
      </object_component>
      <object_component id="oc-bb">
         <name>.debug_line</name>
         <load_address>0x5f8</load_address>
         <run_address>0x5f8</run_address>
         <size>0x65</size>
         <input_file_ref idref="fl-2"/>
      </object_component>
      <object_component id="oc-b7">
         <name>.debug_line</name>
         <load_address>0x65d</load_address>
         <run_address>0x65d</run_address>
         <size>0x34</size>
         <input_file_ref idref="fl-3"/>
      </object_component>
      <object_component id="oc-56">
         <name>.debug_line</name>
         <load_address>0x691</load_address>
         <run_address>0x691</run_address>
         <size>0x34</size>
         <input_file_ref idref="fl-3"/>
      </object_component>
      <object_component id="oc-2f">
         <name>.debug_line</name>
         <load_address>0x6c5</load_address>
         <run_address>0x6c5</run_address>
         <size>0x46</size>
         <input_file_ref idref="fl-3"/>
      </object_component>
      <object_component id="oc-35">
         <name>.debug_line</name>
         <load_address>0x70b</load_address>
         <run_address>0x70b</run_address>
         <size>0x49</size>
         <input_file_ref idref="fl-3"/>
      </object_component>
      <object_component id="oc-41">
         <name>.debug_line</name>
         <load_address>0x754</load_address>
         <run_address>0x754</run_address>
         <size>0x49</size>
         <input_file_ref idref="fl-3"/>
      </object_component>
      <object_component id="oc-3b">
         <name>.debug_line</name>
         <load_address>0x79d</load_address>
         <run_address>0x79d</run_address>
         <size>0x49</size>
         <input_file_ref idref="fl-3"/>
      </object_component>
      <object_component id="oc-61">
         <name>.debug_line</name>
         <load_address>0x7e6</load_address>
         <run_address>0x7e6</run_address>
         <size>0x20</size>
         <input_file_ref idref="fl-3"/>
      </object_component>
      <object_component id="oc-2cf">
         <name>.debug_line</name>
         <load_address>0x806</load_address>
         <run_address>0x806</run_address>
         <size>0x5d</size>
         <input_file_ref idref="fl-4"/>
      </object_component>
      <object_component id="oc-2b9">
         <name>.debug_line</name>
         <load_address>0x863</load_address>
         <run_address>0x863</run_address>
         <size>0x7b</size>
         <input_file_ref idref="fl-4"/>
      </object_component>
      <object_component id="oc-2bb">
         <name>.debug_line</name>
         <load_address>0x8de</load_address>
         <run_address>0x8de</run_address>
         <size>0x7b</size>
         <input_file_ref idref="fl-4"/>
      </object_component>
      <object_component id="oc-2bd">
         <name>.debug_line</name>
         <load_address>0x959</load_address>
         <run_address>0x959</run_address>
         <size>0x7b</size>
         <input_file_ref idref="fl-4"/>
      </object_component>
      <object_component id="oc-2bf">
         <name>.debug_line</name>
         <load_address>0x9d4</load_address>
         <run_address>0x9d4</run_address>
         <size>0x7b</size>
         <input_file_ref idref="fl-4"/>
      </object_component>
      <object_component id="oc-2c1">
         <name>.debug_line</name>
         <load_address>0xa4f</load_address>
         <run_address>0xa4f</run_address>
         <size>0x7b</size>
         <input_file_ref idref="fl-4"/>
      </object_component>
      <object_component id="oc-2c3">
         <name>.debug_line</name>
         <load_address>0xaca</load_address>
         <run_address>0xaca</run_address>
         <size>0x7b</size>
         <input_file_ref idref="fl-4"/>
      </object_component>
      <object_component id="oc-2c5">
         <name>.debug_line</name>
         <load_address>0xb45</load_address>
         <run_address>0xb45</run_address>
         <size>0x7b</size>
         <input_file_ref idref="fl-4"/>
      </object_component>
      <object_component id="oc-2c7">
         <name>.debug_line</name>
         <load_address>0xbc0</load_address>
         <run_address>0xbc0</run_address>
         <size>0x7b</size>
         <input_file_ref idref="fl-4"/>
      </object_component>
      <object_component id="oc-144">
         <name>.debug_line</name>
         <load_address>0xc3b</load_address>
         <run_address>0xc3b</run_address>
         <size>0x12a</size>
         <input_file_ref idref="fl-4"/>
      </object_component>
      <object_component id="oc-29c">
         <name>.debug_line</name>
         <load_address>0xd65</load_address>
         <run_address>0xd65</run_address>
         <size>0xe1</size>
         <input_file_ref idref="fl-5"/>
      </object_component>
      <object_component id="oc-264">
         <name>.debug_line</name>
         <load_address>0xe46</load_address>
         <run_address>0xe46</run_address>
         <size>0x8e</size>
         <input_file_ref idref="fl-5"/>
      </object_component>
      <object_component id="oc-255">
         <name>.debug_line</name>
         <load_address>0xed4</load_address>
         <run_address>0xed4</run_address>
         <size>0x139</size>
         <input_file_ref idref="fl-5"/>
      </object_component>
      <object_component id="oc-243">
         <name>.debug_line</name>
         <load_address>0x100d</load_address>
         <run_address>0x100d</run_address>
         <size>0x1a8</size>
         <input_file_ref idref="fl-5"/>
      </object_component>
      <object_component id="oc-23d">
         <name>.debug_line</name>
         <load_address>0x11b5</load_address>
         <run_address>0x11b5</run_address>
         <size>0xcb</size>
         <input_file_ref idref="fl-5"/>
      </object_component>
      <object_component id="oc-24f">
         <name>.debug_line</name>
         <load_address>0x1280</load_address>
         <run_address>0x1280</run_address>
         <size>0xd4</size>
         <input_file_ref idref="fl-5"/>
      </object_component>
      <object_component id="oc-249">
         <name>.debug_line</name>
         <load_address>0x1354</load_address>
         <run_address>0x1354</run_address>
         <size>0xd4</size>
         <input_file_ref idref="fl-5"/>
      </object_component>
      <object_component id="oc-138">
         <name>.debug_line</name>
         <load_address>0x1428</load_address>
         <run_address>0x1428</run_address>
         <size>0x1f5</size>
         <input_file_ref idref="fl-5"/>
      </object_component>
      <object_component id="oc-261">
         <name>.debug_line</name>
         <load_address>0x161d</load_address>
         <run_address>0x161d</run_address>
         <size>0xa0</size>
         <input_file_ref idref="fl-5"/>
      </object_component>
      <object_component id="oc-25b">
         <name>.debug_line</name>
         <load_address>0x16bd</load_address>
         <run_address>0x16bd</run_address>
         <size>0xa3</size>
         <input_file_ref idref="fl-5"/>
      </object_component>
      <object_component id="oc-1ea">
         <name>.debug_line</name>
         <load_address>0x1760</load_address>
         <run_address>0x1760</run_address>
         <size>0x5f</size>
         <input_file_ref idref="fl-5"/>
      </object_component>
      <object_component id="oc-132">
         <name>.debug_line</name>
         <load_address>0x17bf</load_address>
         <run_address>0x17bf</run_address>
         <size>0x1af</size>
         <input_file_ref idref="fl-6"/>
      </object_component>
      <object_component id="oc-25">
         <name>.debug_line</name>
         <load_address>0x196e</load_address>
         <run_address>0x196e</run_address>
         <size>0x53</size>
         <input_file_ref idref="fl-c2"/>
      </object_component>
      <object_component id="oc-118">
         <name>.debug_line</name>
         <load_address>0x19c1</load_address>
         <run_address>0x19c1</run_address>
         <size>0x20</size>
         <input_file_ref idref="fl-c3"/>
      </object_component>
      <object_component id="oc-15">
         <name>.debug_line</name>
         <load_address>0x19e1</load_address>
         <run_address>0x19e1</run_address>
         <size>0xa9</size>
         <input_file_ref idref="fl-c3"/>
      </object_component>
      <object_component id="oc-5c">
         <name>.debug_line</name>
         <load_address>0x1a8a</load_address>
         <run_address>0x1a8a</run_address>
         <size>0x3a</size>
         <input_file_ref idref="fl-c3"/>
      </object_component>
      <object_component id="oc-c0">
         <name>.debug_line</name>
         <load_address>0x1ac4</load_address>
         <run_address>0x1ac4</run_address>
         <size>0x8a</size>
         <input_file_ref idref="fl-c3"/>
      </object_component>
      <object_component id="oc-ca">
         <name>.debug_line</name>
         <load_address>0x1b4e</load_address>
         <run_address>0x1b4e</run_address>
         <size>0x8a</size>
         <input_file_ref idref="fl-c4"/>
      </object_component>
      <object_component id="oc-19">
         <name>.debug_line</name>
         <load_address>0x1bd8</load_address>
         <run_address>0x1bd8</run_address>
         <size>0x55</size>
         <input_file_ref idref="fl-c4"/>
      </object_component>
      <object_component id="oc-6c">
         <name>.debug_line</name>
         <load_address>0x1c2d</load_address>
         <run_address>0x1c2d</run_address>
         <size>0x3a</size>
         <input_file_ref idref="fl-c4"/>
      </object_component>
      <object_component id="oc-c7">
         <name>.debug_line</name>
         <load_address>0x1c67</load_address>
         <run_address>0x1c67</run_address>
         <size>0x8a</size>
         <input_file_ref idref="fl-c4"/>
      </object_component>
      <object_component id="oc-d2">
         <name>.debug_line</name>
         <load_address>0x1cf1</load_address>
         <run_address>0x1cf1</run_address>
         <size>0x8a</size>
         <input_file_ref idref="fl-c5"/>
      </object_component>
      <object_component id="oc-22">
         <name>.debug_line</name>
         <load_address>0x1d7b</load_address>
         <run_address>0x1d7b</run_address>
         <size>0x4f</size>
[...]
            <object_component_ref idref="oc-be"/>
            <object_component_ref idref="oc-6a"/>
            <object_component_ref idref="oc-c5"/>
            <object_component_ref idref="oc-76"/>
            <object_component_ref idref="oc-cd"/>
            <object_component_ref idref="oc-f3"/>
            <object_component_ref idref="oc-171"/>
            <object_component_ref idref="oc-162"/>
            <object_component_ref idref="oc-11f"/>
            <object_component_ref idref="oc-193"/>
            <object_component_ref idref="oc-124"/>
            <object_component_ref idref="oc-18e"/>
            <object_component_ref idref="oc-28d"/>
         </contents>
      </logical_group>
      <load_segment id="lg-32a" display="no" color="cyan">
         <name>SEGMENT_0</name>
         <load_address>0x0</load_address>
         <run_address>0x0</run_address>
         <size>0x7458</size>
         <flags>0x5</flags>
         <contents>
            <logical_group_ref idref="lg-3"/>
            <logical_group_ref idref="lg-5"/>
            <logical_group_ref idref="lg-4"/>
            <logical_group_ref idref="lg-6"/>
         </contents>
      </load_segment>
      <load_segment id="lg-32b" display="no" color="cyan">
         <name>SEGMENT_1</name>
         <run_address>0x20000000</run_address>
         <size>0x478</size>
         <flags>0x6</flags>
         <contents>
            <logical_group_ref idref="lg-d"/>
            <logical_group_ref idref="lg-b"/>
            <logical_group_ref idref="lg-a"/>
         </contents>
      </load_segment>
   </logical_group_list>
   <placement_map>
      <memory_area display="yes" color="green">
         <name>FLASH</name>
         <page_id>0x0</page_id>
         <origin>0x0</origin>
         <length>0x100000</length>
         <used_space>0x7458</used_space>
         <unused_space>0xf8ba8</unused_space>
         <attributes>RX</attributes>
         <usage_details>
            <allocated_space>
               <start_address>0x0</start_address>
               <size>0x200</size>
               <logical_group_ref idref="lg-3"/>
            </allocated_space>
            <allocated_space>
               <start_address>0x200</start_address>
               <size>0x45d8</size>
               <logical_group_ref idref="lg-5"/>
            </allocated_space>
            <allocated_space>
               <start_address>0x47d8</start_address>
               <size>0x2c48</size>
               <logical_group_ref idref="lg-4"/>
            </allocated_space>
            <allocated_space>
               <start_address>0x7420</start_address>
               <size>0x38</size>
               <logical_group_ref idref="lg-6"/>
            </allocated_space>
            <available_space>
               <start_address>0x7458</start_address>
               <size>0xf8ba8</size>
            </available_space>
         </usage_details>
      </memory_area>
      <memory_area display="yes" color="green">
         <name>SRAM</name>
         <page_id>0x0</page_id>
         <origin>0x20000000</origin>
         <length>0x40000</length>
         <used_space>0x478</used_space>
         <unused_space>0x3fb88</unused_space>
         <attributes>RWX</attributes>
         <usage_details>
            <allocated_space>
               <start_address>0x20000000</start_address>
               <size>0x400</size>
               <logical_group_ref idref="lg-d"/>
            </allocated_space>
            <allocated_space>
               <start_address>0x20000400</start_address>
               <size>0x60</size>
               <logical_group_ref idref="lg-b"/>
            </allocated_space>
            <allocated_space>
               <start_address>0x20000460</start_address>
               <size>0x18</size>
               <logical_group_ref idref="lg-a"/>
            </allocated_space>
            <available_space>
               <start_address>0x20000478</start_address>
               <size>0x3fb88</size>
            </available_space>
         </usage_details>
      </memory_area>
   </placement_map>
   <cptbl_list>
      <cptbl>
         <name>__TI_cinit_table</name>
         <cprec>
            <name>.data</name>
            <load_address>0x7420</load_address>
            <load_size>0x11</load_size>
            <run_address>0x20000460</run_address>
            <run_size>0x18</run_size>
            <compression>lzss</compression>
         </cprec>
         <cprec>
            <name>.bss</name>
            <load_address>0x7440</load_address>
            <load_size>0x8</load_size>
            <run_address>0x20000400</run_address>
            <run_size>0x60</run_size>
            <compression>zero_init</compression>
         </cprec>
      </cptbl>
   </cptbl_list>
   <handler_table>
      <handler_table_name>__TI_handler_table</handler_table_name>
      <handler>
         <index>0x0</index>
         <name>__TI_decompress_lzss</name>
      </handler>
      <handler>
         <index>0x1</index>
         <name>__TI_decompress_none</name>
      </handler>
      <handler>
         <index>0x2</index>
         <name>__TI_zero_init</name>
      </handler>
   </handler_table>
   <symbol_table>
      <symbol id="sm-1">
         <name>__STACK_TOP</name>
         <value>0x20000400</value>
      </symbol>
      <symbol id="sm-2">
         <name>__TI_CINIT_Base</name>
         <value>0x7448</value>
      </symbol>
      <symbol id="sm-3">
         <name>__TI_CINIT_Limit</name>
         <value>0x7458</value>
      </symbol>
      <symbol id="sm-4">
         <name>__TI_Handler_Table_Base</name>
         <value>0x7434</value>
      </symbol>
      <symbol id="sm-5">
         <name>__TI_Handler_Table_Limit</name>
         <value>0x7440</value>
      </symbol>
      <symbol id="sm-6">
         <name>binit</name>
         <value>0xffffffff</value>
      </symbol>
      <symbol id="sm-7">
         <name>__binit__</name>
         <value>0xffffffff</value>
      </symbol>
      <symbol id="sm-8">
         <name>__STACK_SIZE</name>
         <value>0x400</value>
      </symbol>
      <symbol id="sm-9">
         <name>__STACK_END</name>
         <value>0x20000400</value>
      </symbol>
      <symbol id="sm-a">
         <name>__c_args__</name>
         <value>0xffffffff</value>
      </symbol>
      <symbol id="sm-b">
         <name>__TI_pprof_out_hndl</name>
         <value>0xffffffff</value>
      </symbol>
      <symbol id="sm-c">
         <name>__TI_prof_data_start</name>
         <value>0xffffffff</value>
      </symbol>
      <symbol id="sm-d">
         <name>__TI_prof_data_size</name>
         <value>0xffffffff</value>
      </symbol>
      <symbol id="sm-a8">
         <name>g_ui32Index</name>
         <value>0x2000045c</value>
      </symbol>
      <symbol id="sm-a9">
         <name>g_ui32GPIOa</name>
         <value>0x20000450</value>
      </symbol>
      <symbol id="sm-aa">
         <name>g_ui32GPIOb</name>
         <value>0x20000454</value>
      </symbol>
      <symbol id="sm-ab">
         <name>g_ui32GPIOc</name>
         <value>0x20000458</value>
      </symbol>
      <symbol id="sm-ac">
         <name>g_sContext</name>
         <value>0x20000400</value>
      </symbol>
      <symbol id="sm-ad">
         <name>main</name>
         <value>0x47d9</value>
         <object_component_ref idref="oc-e3"/>
      </symbol>
      <symbol id="sm-ae">
         <name>Delay</name>
         <value>0x71c1</value>
         <object_component_ref idref="oc-a7"/>
      </symbol>
      <symbol id="sm-af">
         <name>IntGPIOc</name>
         <value>0x6eed</value>
         <object_component_ref idref="oc-4f"/>
      </symbol>
      <symbol id="sm-b0">
         <name>IntGPIOb</name>
         <value>0x6e95</value>
         <object_component_ref idref="oc-49"/>
      </symbol>
      <symbol id="sm-b1">
         <name>IntGPIOa</name>
         <value>0x7085</value>
         <object_component_ref idref="oc-43"/>
      </symbol>
      <symbol id="sm-b2">
         <name>DisplayIntStatus</name>
         <value>0x6791</value>
         <object_component_ref idref="oc-a1"/>
      </symbol>
      <symbol id="sm-e8">
         <name>ResetISR</name>
         <value>0x7409</value>
         <object_component_ref idref="oc-2b"/>
      </symbol>
      <symbol id="sm-e9">
         <name>g_pfnVectors</name>
         <value>0x0</value>
         <object_component_ref idref="oc-f"/>
      </symbol>
      <symbol id="sm-13a">
         <name>FrameDraw</name>
         <value>0x5f19</value>
         <object_component_ref idref="oc-140"/>
      </symbol>
      <symbol id="sm-1b8">
         <name>Kentec320x240x16_SSD2119Init</name>
         <value>0x51d5</value>
         <object_component_ref idref="oc-134"/>
      </symbol>
      <symbol id="sm-1b9">
         <name>g_sKentec320x240x16_SSD2119</name>
         <value>0x4798</value>
         <object_component_ref idref="oc-158"/>
      </symbol>
      <symbol id="sm-1f0">
         <name>PinoutSet</name>
         <value>0x4d1d</value>
         <object_component_ref idref="oc-12e"/>
      </symbol>
      <symbol id="sm-201">
         <name>_c_int00</name>
         <value>0x6f45</value>
         <object_component_ref idref="oc-24"/>
      </symbol>
      <symbol id="sm-202">
         <name>__stack</name>
         <value>0x20000000</value>
         <object_component_ref idref="oc-2a"/>
      </symbol>
      <symbol id="sm-220">
         <name>__TI_decompress_lzss</name>
         <value>0x6d6d</value>
         <object_component_ref idref="oc-12"/>
      </symbol>
      <symbol id="sm-237">
         <name>__TI_decompress_none</name>
         <value>0x73c3</value>
         <object_component_ref idref="oc-18"/>
      </symbol>
      <symbol id="sm-24e">
         <name>__TI_zero_init</name>
         <value>0x73e9</value>
         <object_component_ref idref="oc-1e"/>
      </symbol>
      <symbol id="sm-26f">
         <name>C$$EXIT</name>
         <value>0x6f99</value>
         <object_component_ref idref="oc-93"/>
      </symbol>
      <symbol id="sm-270">
         <name>abort</name>
         <value>0x6f9d</value>
         <object_component_ref idref="oc-93"/>
      </symbol>
      <symbol id="sm-271">
         <name>exit</name>
         <value>0x6fa5</value>
         <object_component_ref idref="oc-93"/>
      </symbol>
      <symbol id="sm-272">
         <name>__TI_dtors_ptr</name>
         <value>0x20000464</value>
         <object_component_ref idref="oc-eb"/>
      </symbol>
      <symbol id="sm-273">
         <name>__TI_cleanup_ptr</name>
         <value>0x20000460</value>
         <object_component_ref idref="oc-eb"/>
      </symbol>
      <symbol id="sm-274">
         <name>__TI_enable_exit_profile_output</name>
         <value>0x20000468</value>
         <object_component_ref idref="oc-eb"/>
      </symbol>
      <symbol id="sm-28f">
         <name>memcpy</name>
         <value>0x6a9d</value>
         <object_component_ref idref="oc-63"/>
      </symbol>
      <symbol id="sm-290">
         <name>__aeabi_memcpy</name>
         <value>0x6a9d</value>
         <object_component_ref idref="oc-63"/>
      </symbol>
      <symbol id="sm-291">
         <name>__aeabi_memcpy8</name>
         <value>0x6a9d</value>
         <object_component_ref idref="oc-63"/>
      </symbol>
      <symbol id="sm-292">
         <name>__aeabi_memcpy4</name>
         <value>0x6a9d</value>
         <object_component_ref idref="oc-63"/>
      </symbol>
      <symbol id="sm-2a1">
         <name>__aeabi_memset</name>
         <value>0x6b3b</value>
         <object_component_ref idref="oc-6f"/>
      </symbol>
      <symbol id="sm-2a2">
         <name>memset</name>
         <value>0x6b41</value>
         <object_component_ref idref="oc-6f"/>
      </symbol>
      <symbol id="sm-2a3">
         <name>__aeabi_memset8</name>
         <value>0x6b3b</value>
         <object_component_ref idref="oc-6f"/>
      </symbol>
      <symbol id="sm-2a4">
         <name>__aeabi_memset4</name>
         <value>0x6b3b</value>
         <object_component_ref idref="oc-6f"/>
      </symbol>
      <symbol id="sm-2a5">
         <name>__aeabi_memclr8</name>
         <value>0x6b39</value>
         <object_component_ref idref="oc-6f"/>
      </symbol>
      <symbol id="sm-2a6">
         <name>__aeabi_memclr4</name>
         <value>0x6b39</value>
         <object_component_ref idref="oc-6f"/>
      </symbol>
      <symbol id="sm-2a7">
         <name>__aeabi_memclr</name>
         <value>0x6b39</value>
         <object_component_ref idref="oc-6f"/>
      </symbol>
      <symbol id="sm-2b1">
         <name>__mpu_init</name>
         <value>0x72df</value>
         <object_component_ref idref="oc-7b"/>
      </symbol>
      <symbol id="sm-2bb">
         <name>_system_pre_init</name>
         <value>0x741d</value>
         <object_component_ref idref="oc-81"/>
      </symbol>
      <symbol id="sm-2c3">
         <name>main_func_sp</name>
         <value>0x20000474</value>
         <object_component_ref idref="oc-99"/>
      </symbol>
      <symbol id="sm-2dc">
         <name>_nop</name>
         <value>0x738b</value>
         <object_component_ref idref="oc-168"/>
      </symbol>
      <symbol id="sm-2dd">
         <name>_lock</name>
         <value>0x2000046c</value>
         <object_component_ref idref="oc-ee"/>
      </symbol>
      <symbol id="sm-2de">
         <name>_unlock</name>
         <value>0x20000470</value>
         <object_component_ref idref="oc-ee"/>
      </symbol>
      <symbol id="sm-2df">
         <name>_register_lock</name>
         <value>0x7383</value>
         <object_component_ref idref="oc-168"/>
      </symbol>
      <symbol id="sm-2e0">
         <name>_register_unlock</name>
         <value>0x737d</value>
         <object_component_ref idref="oc-168"/>
      </symbol>
      <symbol id="sm-2f4">
         <name>_args_main</name>
         <value>0x7339</value>
         <object_component_ref idref="oc-8d"/>
      </symbol>
      <symbol id="sm-31e">
         <name>__TI_auto_init</name>
         <value>0x6c2d</value>
         <object_component_ref idref="oc-87"/>
      </symbol>
      <symbol id="sm-338">
         <name>copy_in</name>
         <value>0x6fed</value>
         <object_component_ref idref="oc-d5"/>
      </symbol>
      <symbol id="sm-342">
         <name>_system_post_cinit</name>
         <value>0x7337</value>
         <object_component_ref idref="oc-db"/>
      </symbol>
      <symbol id="sm-379">
         <name>GPIOPinTypeGPIOOutput</name>
         <value>0x731f</value>
         <object_component_ref idref="oc-14c"/>
      </symbol>
      <symbol id="sm-37a">
         <name>GPIODirModeSet</name>
         <value>0x724b</value>
         <object_component_ref idref="oc-230"/>
      </symbol>
      <symbol id="sm-37b">
         <name>GPIOPinWrite</name>
         <value>0x73fd</value>
         <object_component_ref idref="oc-152"/>
      </symbol>
      <symbol id="sm-37c">
         <name>GPIOPadConfigSet</name>
         <value>0x665d</value>
         <object_component_ref idref="oc-22a"/>
      </symbol>
      <symbol id="sm-37d">
         <name>GPIOPinTypeLCD</name>
         <value>0x73a3</value>
         <object_component_ref idref="oc-1b4"/>
      </symbol>
      <symbol id="sm-37e">
         <name>GPIOPinTypeEthernetLED</name>
         <value>0x7391</value>
         <object_component_ref idref="oc-1ae"/>
      </symbol>
      <symbol id="sm-3b5">
         <name>LCDIDDConfigSet</name>
         <value>0x7419</value>
         <object_component_ref idref="oc-1ce"/>
      </symbol>
      <symbol id="sm-3b6">
         <name>LCDDMAConfigSet</name>
         <value>0x7415</value>
         <object_component_ref idref="oc-1c8"/>
      </symbol>
      <symbol id="sm-3b7">
         <name>LCDIDDDataWrite</name>
         <value>0x73dd</value>
         <object_component_ref idref="oc-1e0"/>
      </symbol>
      <symbol id="sm-3b8">
         <name>LCDIDDCommandWrite</name>
         <value>0x73d1</value>
         <object_component_ref idref="oc-1da"/>
      </symbol>
      <symbol id="sm-3b9">
         <name>LCDIDDTimingSet</name>
         <value>0x7115</value>
         <object_component_ref idref="oc-1d4"/>
      </symbol>
      <symbol id="sm-3ba">
         <name>LCDModeSet</name>
         <value>0x72bd</value>
         <object_component_ref idref="oc-1c2"/>
      </symbol>
      <symbol id="sm-429">
         <name>SysCtlDelay</name>
         <value>0x740f</value>
         <object_component_ref idref="oc-1c1"/>
      </symbol>
      <symbol id="sm-42a">
         <name>SysCtlPeripheralEnable</name>
         <value>0x718d</value>
         <object_component_ref idref="oc-1bb"/>
      </symbol>
      <symbol id="sm-42b">
         <name>SysCtlClockFreqSet</name>
         <value>0x6111</value>
         <object_component_ref idref="oc-128"/>
      </symbol>
      <symbol id="sm-457">
         <name>GrContextInit</name>
         <value>0x6c9d</value>
         <object_component_ref idref="oc-13a"/>
      </symbol>
      <symbol id="sm-458">
         <name>GrContextClipRegionSet</name>
         <value>0x6dd5</value>
         <object_component_ref idref="oc-1fa"/>
      </symbol>
      <symbol id="sm-459">
         <name>g_psDefaultCodePointMapTable</name>
         <value>0x47c0</value>
         <object_component_ref idref="oc-1f3"/>
      </symbol>
      <symbol id="sm-4b0">
         <name>GrImageDraw</name>
         <value>0x73b5</value>
         <object_component_ref idref="oc-200"/>
      </symbol>
      <symbol id="sm-553">
         <name>GrFontInfoGet</name>
         <value>0x7275</value>
         <object_component_ref idref="oc-180"/>
      </symbol>
      <symbol id="sm-554">
         <name>GrDefaultStringRenderer</name>
         <value>0x687d</value>
         <object_component_ref idref="oc-1ed"/>
      </symbol>
      <symbol id="sm-555">
         <name>GrFontGlyphRender</name>
         <value>0x5cc5</value>
         <object_component_ref idref="oc-29d"/>
      </symbol>
      <symbol id="sm-556">
         <name>GrContextFontSet</name>
         <value>0x7403</value>
         <object_component_ref idref="oc-146"/>
      </symbol>
      <symbol id="sm-557">
         <name>GrFontGlyphDataGet</name>
         <value>0x729b</value>
         <object_component_ref idref="oc-17a"/>
      </symbol>
      <symbol id="sm-558">
         <name>GrStringDraw</name>
         <value>0x7351</value>
         <object_component_ref idref="oc-102"/>
      </symbol>
      <symbol id="sm-559">
         <name>GrFontCodepageGet</name>
         <value>0x7301</value>
         <object_component_ref idref="oc-2d0"/>
      </symbol>
      <symbol id="sm-55a">
         <name>GrStringNextCharGet</name>
         <value>0x71f1</value>
         <object_component_ref idref="oc-174"/>
      </symbol>
      <symbol id="sm-55b">
         <name>GrStringWidthGet</name>
         <value>0x6d05</value>
         <object_component_ref idref="oc-f6"/>
      </symbol>
      <symbol id="sm-55c">
         <name>GrFontBaselineGet</name>
         <value>0x721f</value>
         <object_component_ref idref="oc-fc"/>
      </symbol>
      <symbol id="sm-56e">
         <name>g_sFontCm20</name>
         <value>0x44a8</value>
         <object_component_ref idref="oc-15b"/>
      </symbol>
      <symbol id="sm-580">
         <name>g_sFontCmss18b</name>
         <value>0x4570</value>
         <object_component_ref idref="oc-21e"/>
      </symbol>
      <symbol id="sm-58d">
         <name>GrMapISO8859_1_Unicode</name>
         <value>0x73f5</value>
         <object_component_ref idref="oc-2a4"/>
      </symbol>
      <symbol id="sm-58e">
         <name>__TI_static_base__</name>
         <value>0x0</value>
      </symbol>
      <symbol id="sm-591">
         <name>SHT$$INIT_ARRAY$$Limit</name>
         <value>0x0</value>
      </symbol>
      <symbol id="sm-592">
         <name>SHT$$INIT_ARRAY$$Base</name>
         <value>0x0</value>
      </symbol>
   </symbol_table>
   <title>Link successful</title>
</link_info>
