******************************************************************************
                  TI ARM Linker PC v16.9.0                     
******************************************************************************
>> Linked Wed Mar 15 17:11:37 2017

OUTPUT FILE NAME:   <interrupts.out>
ENTRY POINT SYMBOL: "_c_int00"  address: 00006f45


MEMORY CONFIGURATION

         name            origin    length      used     unused   attr    fill
----------------------  --------  ---------  --------  --------  ----  --------
  FLASH                 00000000   00100000  00007458  000f8ba8  R  X
  SRAM                  20000000   00040000  00000478  0003fb88  RW X


SEGMENT ALLOCATION MAP

run origin  load origin   length   init length attrs members
----------  ----------- ---------- ----------- ----- -------
00000000    00000000    00007458   00007458    r-x
  00000000    00000000    00000200   00000200    r-- .intvecs
  00000200    00000200    000045d8   000045d8    r-- .const
  000047d8    000047d8    00002c48   00002c48    r-x .text
  00007420    00007420    00000038   00000038    r-- .cinit
20000000    20000000    00000478   00000000    rw-
  20000000    20000000    00000400   00000000    rw- .stack
  20000400    20000400    00000060   00000000    rw- .bss
  20000460    20000460    00000018   00000000    rw- .data


SECTION ALLOCATION MAP

 output                                  attributes/
section   page    origin      length       input sections
--------  ----  ----------  ----------   ----------------
.intvecs   0    00000000    00000200     
                  00000000    00000200     startup_ccs.obj (.intvecs)

.const     0    00000200    000045d8     
                  00000200    00001a46     frame.obj (.const:.string:g_pui8Top)
                  00001c46    0000095e     grlib.lib : fontcm20.obj (.const:.string:g_pui8Cm20Data)
                  000025a4    00000786     frame.obj (.const:.string:g_pui8Bottom)
                  00002d2a    00000782     grlib.lib : fontcmss18b.obj (.const:.string:g_pui8Cmss18bData)
                  000034ac    00000546     frame.obj (.const:.string:g_pui8Left)
                  000039f2    00000546     frame.obj (.const:.string:g_pui8Right)
                  00003f38    000001b0     driverlib.lib : sysctl.obj (.const:g_pppui32XTALtoVCO)
                  000040e8    0000017c     frame.obj (.const:.string:g_pui8TopLeft)
                  00004264    00000173     frame.obj (.const:.string:g_pui8TopRight)
                  000043d7    000000d0     frame.obj (.const:.string:g_pui8BottomLeft)
                  000044a7    00000001     --HOLE-- [fill = 0]
                  000044a8    000000c8     grlib.lib : fontcm20.obj (.const:g_sFontCm20)
                  00004570    000000c8               : fontcmss18b.obj (.const:g_sFontCmss18b)
                  00004638    000000c4     frame.obj (.const:.string:g_pui8BottomRight)
                  000046fc    0000006c     driverlib.lib : sysctl.obj (.const:g_pui32Xtals)
                  00004768    00000030                   : sysctl.obj (.const:g_sXTALtoMEMTIM)
                  00004798    00000028     kentec320x240x16_ssd2119.obj (.const:g_sKentec320x240x16_SSD2119)
                  000047c0    00000010     grlib.lib : context.obj (.const)
                  000047d0    00000008     driverlib.lib : sysctl.obj (.const)

.text      0    000047d8    00002c48     
                  000047d8    00000543     interrupts.obj (.text:main)
                  00004d1b    00000001     --HOLE-- [fill = 0]
                  00004d1c    000004b8     pinout.obj (.text:PinoutSet)
                  000051d4    00000484     kentec320x240x16_ssd2119.obj (.text:Kentec320x240x16_SSD2119Init)
                  00005658    00000374     grlib.lib : image.obj (.text:InternalImageDraw)
                  000059cc    000002f8               : image.obj (.text:PixelTransparentDraw)
                  00005cc4    00000254               : string.obj (.text:GrFontGlyphRender)
                  00005f18    000001f8     frame.obj (.text:FrameDraw)
                  00006110    000001ec     driverlib.lib : sysctl.obj (.text:SysCtlClockFreqSet)
                  000062fc    000001cc     kentec320x240x16_ssd2119.obj (.text:Kentec320x240x16_SSD2119PixelDrawMultiple)
                  000064c8    00000194     kentec320x240x16_ssd2119.obj (.text:Kentec320x240x16_SSD2119RectFill)
                  0000665c    00000132     driverlib.lib : gpio.obj (.text:GPIOPadConfigSet)
                  0000678e    00000002     startup_ccs.obj (.text:FaultISR)
                  00006790    000000ec     interrupts.obj (.text:DisplayIntStatus)
                  0000687c    000000c0     grlib.lib : string.obj (.text:GrDefaultStringRenderer)
                  0000693c    000000b0     kentec320x240x16_ssd2119.obj (.text:Kentec320x240x16_SSD2119LineDrawH)
                  000069ec    000000b0     kentec320x240x16_ssd2119.obj (.text:Kentec320x240x16_SSD2119LineDrawV)
                  00006a9c    0000009c     rtsv7M4_T_le_v4SPD16_eabi.lib : memcpy_t2.obj (.text)
                  00006b38    0000007a                                   : memset_t2.obj (.text)
                  00006bb2    00000002     startup_ccs.obj (.text:IntDefaultHandler)
                  00006bb4    00000078     kentec320x240x16_ssd2119.obj (.text:Kentec320x240x16_SSD2119PixelDraw)
                  00006c2c    00000070     rtsv7M4_T_le_v4SPD16_eabi.lib : autoinit.obj (.text)
                  00006c9c    00000068     grlib.lib : context.obj (.text:GrContextInit)
                  00006d04    00000068               : string.obj (.text:GrStringWidthGet)
                  00006d6c    00000068     rtsv7M4_T_le_v4SPD16_eabi.lib : copy_decompress_lzss.obj (.text:decompress:lzss)
                  00006dd4    00000066     grlib.lib : context.obj (.text:GrContextClipRegionSet)
                  00006e3a    0000005a               : string.obj (.text:FontWideGlyphDataGet)
                  00006e94    00000058     interrupts.obj (.text:IntGPIOb)
                  00006eec    00000058     interrupts.obj (.text:IntGPIOc)
                  00006f44    00000054     rtsv7M4_T_le_v4SPD16_eabi.lib : boot.obj (.text)
                  00006f98    00000054                                   : exit.obj (.text)
                  00006fec    0000004c                                   : cpy_tbl.obj (.text)
                  00007038    0000004a     grlib.lib : string.obj (.text:UpdateContextCharMapping)
                  00007082    00000002     kentec320x240x16_ssd2119.obj (.text:Kentec320x240x16_SSD2119Flush)
                  00007084    00000048     interrupts.obj (.text:IntGPIOa)
                  000070cc    00000048     driverlib.lib : sysctl.obj (.text:_SysCtlFrequencyGet)
                  00007114    0000003c                   : lcd.obj (.text:LCDIDDTimingSet)
                  00007150    0000003a     grlib.lib : string.obj (.text:FontGlyphDataGet)
                  0000718a    00000002     startup_ccs.obj (.text:NmiSR)
                  0000718c    00000034     driverlib.lib : sysctl.obj (.text:SysCtlPeripheralEnable)
                  000071c0    00000030     interrupts.obj (.text:Delay)
                  000071f0    0000002e     grlib.lib : string.obj (.text:GrStringNextCharGet)
                  0000721e    0000002c               : string.obj (.text:GrFontBaselineGet)
                  0000724a    0000002a     driverlib.lib : gpio.obj (.text:GPIODirModeSet)
                  00007274    00000026     grlib.lib : string.obj (.text:GrFontInfoGet)
                  0000729a    00000022               : string.obj (.text:GrFontGlyphDataGet)
                  000072bc    00000022     driverlib.lib : lcd.obj (.text:LCDModeSet)
                  000072de    00000002     rtsv7M4_T_le_v4SPD16_eabi.lib : mpu_init.obj (.text)
                  000072e0    00000020     driverlib.lib : sysctl.obj (.text:_SysCtlMemTimingGet)
                  00007300    0000001e     grlib.lib : string.obj (.text:GrFontCodepageGet)
                  0000731e    00000018     driverlib.lib : gpio.obj (.text:GPIOPinTypeGPIOOutput)
                  00007336    00000002     rtsv7M4_T_le_v4SPD16_eabi.lib : startup.obj (.text)
                  00007338    00000018                                   : args_main.obj (.text)
                  00007350    00000016     grlib.lib : string.obj (.text:GrStringDraw)
                  00007366    00000016     kentec320x240x16_ssd2119.obj (.text:Kentec320x240x16_SSD2119ColorTranslate)
                  0000737c    00000014     rtsv7M4_T_le_v4SPD16_eabi.lib : _lock.obj (.text)
                  00007390    00000012     driverlib.lib : gpio.obj (.text:GPIOPinTypeEthernetLED)
                  000073a2    00000012                   : gpio.obj (.text:GPIOPinTypeLCD)
                  000073b4    0000000e     grlib.lib : image.obj (.text:GrImageDraw)
                  000073c2    0000000e     rtsv7M4_T_le_v4SPD16_eabi.lib : copy_decompress_none.obj (.text:decompress:none)
                  000073d0    0000000c     driverlib.lib : lcd.obj (.text:LCDIDDCommandWrite)
                  000073dc    0000000c                   : lcd.obj (.text:LCDIDDDataWrite)
                  000073e8    0000000c     rtsv7M4_T_le_v4SPD16_eabi.lib : copy_zero_init.obj (.text:decompress:ZI)
                  000073f4    00000008     grlib.lib : charmap.obj (.text:GrMapISO8859_1_Unicode)
                  000073fc    00000006     driverlib.lib : gpio.obj (.text:GPIOPinWrite)
                  00007402    00000006     grlib.lib : string.obj (.text:GrContextFontSet)
                  00007408    00000006     startup_ccs.obj (.text:ResetISR)
                  0000740e    00000006     driverlib.lib : sysctl.obj (.text:SysCtlDelay)
                  00007414    00000004                   : lcd.obj (.text:LCDDMAConfigSet)
                  00007418    00000004                   : lcd.obj (.text:LCDIDDConfigSet)
                  0000741c    00000004     rtsv7M4_T_le_v4SPD16_eabi.lib : pre_init.obj (.text)

.cinit     0    00007420    00000038     
                  00007420    00000011     (.cinit..data.load) [load image, compression = lzss]
                  00007431    00000003     --HOLE-- [fill = 0]
                  00007434    0000000c     (__TI_handler_table)
                  00007440    00000008     (.cinit..bss.load) [load image, compression = zero_init]
                  00007448    00000010     (__TI_cinit_table)

.init_array 
*          0    00000000    00000000     UNINITIALIZED

.stack     0    20000000    00000400     UNINITIALIZED
                  20000000    00000400     --HOLE--

.bss       0    20000400    00000060     UNINITIALIZED
                  20000400    0000002c     (.common:g_sContext)
                  2000042c    00000020     (.common:g_pui8Dictionary)
                  2000044c    00000004     (.common:g_psGrLibDefaults)
                  20000450    00000004     (.common:g_ui32GPIOa)
                  20000454    00000004     (.common:g_ui32GPIOb)
                  20000458    00000004     (.common:g_ui32GPIOc)
                  2000045c    00000004     (.common:g_ui32Index)

.data      0    20000460    00000018     UNINITIALIZED
                  20000460    0000000c     rtsv7M4_T_le_v4SPD16_eabi.lib : exit.obj (.data:$O1$$)
                  2000046c    00000008                                   : _lock.obj (.data:$O1$$)
                  20000474    00000004                                   : stkdepth_vars.obj (.data)

MODULE SUMMARY

       Module                         code    ro data   rw data
       ------                         ----    -------   -------
    .\
       interrupts.obj                 1879    0         60     
       startup_ccs.obj                12      512       0      
    +--+------------------------------+-------+---------+---------+
       Total:                         1891    512       60     
                                                               
    .\drivers\
       frame.obj                      504     12507     0      
       kentec320x240x16_ssd2119.obj   2516    40        0      
       pinout.obj                     1208    0         0      
    +--+------------------------------+-------+---------+---------+
       Total:                         4228    12547     0      
                                                               
    C:\ti\ccsv7\tools\compiler\ti-cgt-arm_16.9.0.LTS\lib\rtsv7M4_T_le_v4SPD16_eabi.lib
       memcpy_t2.obj                  156     0         0      
       memset_t2.obj                  122     0         0      
       autoinit.obj                   112     0         0      
       copy_decompress_lzss.obj       104     0         0      
       exit.obj                       84      0         12     
       boot.obj                       84      0         0      
       cpy_tbl.obj                    76      0         0      
       _lock.obj                      20      0         8      
       args_main.obj                  24      0         0      
       copy_decompress_none.obj       14      0         0      
       copy_zero_init.obj             12      0         0      
       pre_init.obj                   4       0         0      
       stkdepth_vars.obj              0       0         4      
       mpu_init.obj                   2       0         0      
       startup.obj                    2       0         0      
    +--+------------------------------+-------+---------+---------+
       Total:                         816     0         24     
                                                               
    H:/cc_workspace/TivaWare_C_Series-2.1.3.156/driverlib/ccs/Debug/driverlib.lib
       sysctl.obj                     654     596       0      
       gpio.obj                       414     0         0      
       lcd.obj                        126     0         0      
    +--+------------------------------+-------+---------+---------+
       Total:                         1194    596       0      
                                                               
    H:/cc_workspace/TivaWare_C_Series-2.1.3.156/grlib/ccs/Debug/grlib.lib
       fontcm20.obj                   0       2598      0      
       fontcmss18b.obj                0       2122      0      
       image.obj                      1658    0         32     
       string.obj                     1334    0         0      
       context.obj                    206     16        4      
       charmap.obj                    8       0         0      
    +--+------------------------------+-------+---------+---------+
       Total:                         3206    4736      36     
                                                               
       Stack:                         0       0         1024   
       Linker Generated:              0       53        0      
    +--+------------------------------+-------+---------+---------+
       Grand Total:                   11335   18444     1144   


LINKER GENERATED COPY TABLES

__TI_cinit_table @ 00007448 records: 2, size/record: 8, table size: 16
	.data: load addr=00007420, load size=00000011 bytes, run addr=20000460, run size=00000018 bytes, compression=lzss
	.bss: load addr=00007440, load size=00000008 bytes, run addr=20000400, run size=00000060 bytes, compression=zero_init


LINKER GENERATED HANDLER TABLE

__TI_handler_table @ 00007434 records: 3, size/record: 4, table size: 12
	index: 0, handler: __TI_decompress_lzss
	index: 1, handler: __TI_decompress_none
	index: 2, handler: __TI_zero_init


GLOBAL SYMBOLS: SORTED ALPHABETICALLY BY Name 

address   name                           
-------   ----                           
00006f99  C$$EXIT                        
000071c1  Delay                          
00006791  DisplayIntStatus               
00005f19  FrameDraw                      
0000724b  GPIODirModeSet                 
0000665d  GPIOPadConfigSet               
00007391  GPIOPinTypeEthernetLED         
0000731f  GPIOPinTypeGPIOOutput          
000073a3  GPIOPinTypeLCD                 
000073fd  GPIOPinWrite                   
00006dd5  GrContextClipRegionSet         
00007403  GrContextFontSet               
00006c9d  GrContextInit                  
0000687d  GrDefaultStringRenderer        
0000721f  GrFontBaselineGet              
00007301  GrFontCodepageGet              
0000729b  GrFontGlyphDataGet             
00005cc5  GrFontGlyphRender              
00007275  GrFontInfoGet                  
000073b5  GrImageDraw                    
000073f5  GrMapISO8859_1_Unicode         
00007351  GrStringDraw                   
000071f1  GrStringNextCharGet            
00006d05  GrStringWidthGet               
00007085  IntGPIOa                       
00006e95  IntGPIOb                       
00006eed  IntGPIOc                       
000051d5  Kentec320x240x16_SSD2119Init   
00007415  LCDDMAConfigSet                
000073d1  LCDIDDCommandWrite             
00007419  LCDIDDConfigSet                
000073dd  LCDIDDDataWrite                
00007115  LCDIDDTimingSet                
000072bd  LCDModeSet                     
00004d1d  PinoutSet                      
00007409  ResetISR                       
UNDEFED   SHT$$INIT_ARRAY$$Base          
UNDEFED   SHT$$INIT_ARRAY$$Limit         
00006111  SysCtlClockFreqSet             
0000740f  SysCtlDelay                    
0000718d  SysCtlPeripheralEnable         
20000400  __STACK_END                    
00000400  __STACK_SIZE                   
20000400  __STACK_TOP                    
00007448  __TI_CINIT_Base                
00007458  __TI_CINIT_Limit               
00007434  __TI_Handler_Table_Base        
00007440  __TI_Handler_Table_Limit       
00006c2d  __TI_auto_init                 
20000460  __TI_cleanup_ptr               
00006d6d  __TI_decompress_lzss           
000073c3  __TI_decompress_none           
20000464  __TI_dtors_ptr                 
20000468  __TI_enable_exit_profile_output
ffffffff  __TI_pprof_out_hndl            
ffffffff  __TI_prof_data_size            
ffffffff  __TI_prof_data_start           
00000000  __TI_static_base__             
000073e9  __TI_zero_init                 
00006b39  __aeabi_memclr                 
00006b39  __aeabi_memclr4                
00006b39  __aeabi_memclr8                
00006a9d  __aeabi_memcpy                 
00006a9d  __aeabi_memcpy4                
00006a9d  __aeabi_memcpy8                
00006b3b  __aeabi_memset                 
00006b3b  __aeabi_memset4                
00006b3b  __aeabi_memset8                
ffffffff  __binit__                      
ffffffff  __c_args__                     
000072df  __mpu_init                     
20000000  __stack                        
00007339  _args_main                     
00006f45  _c_int00                       
2000046c  _lock                          
0000738b  _nop                           
00007383  _register_lock                 
0000737d  _register_unlock               
00007337  _system_post_cinit             
0000741d  _system_pre_init               
20000470  _unlock                        
00006f9d  abort                          
ffffffff  binit                          
00006fed  copy_in                        
00006fa5  exit                           
00000000  g_pfnVectors                   
000047c0  g_psDefaultCodePointMapTable   
20000400  g_sContext                     
000044a8  g_sFontCm20                    
00004570  g_sFontCmss18b                 
00004798  g_sKentec320x240x16_SSD2119    
20000450  g_ui32GPIOa                    
20000454  g_ui32GPIOb                    
20000458  g_ui32GPIOc                    
2000045c  g_ui32Index                    
000047d9  main                           
20000474  main_func_sp                   
00006a9d  memcpy                         
00006b41  memset                         


GLOBAL SYMBOLS: SORTED BY Symbol Address 

address   name                           
-------   ----                           
00000000  __TI_static_base__             
00000000  g_pfnVectors                   
00000400  __STACK_SIZE                   
000044a8  g_sFontCm20                    
00004570  g_sFontCmss18b                 
00004798  g_sKentec320x240x16_SSD2119    
000047c0  g_psDefaultCodePointMapTable   
000047d9  main                           
00004d1d  PinoutSet                      
000051d5  Kentec320x240x16_SSD2119Init   
00005cc5  GrFontGlyphRender              
00005f19  FrameDraw                      
00006111  SysCtlClockFreqSet             
0000665d  GPIOPadConfigSet               
00006791  DisplayIntStatus               
0000687d  GrDefaultStringRenderer        
00006a9d  __aeabi_memcpy                 
00006a9d  __aeabi_memcpy4                
00006a9d  __aeabi_memcpy8                
00006a9d  memcpy                         
00006b39  __aeabi_memclr                 
00006b39  __aeabi_memclr4                
00006b39  __aeabi_memclr8                
00006b3b  __aeabi_memset                 
00006b3b  __aeabi_memset4                
00006b3b  __aeabi_memset8                
00006b41  memset                         
00006c2d  __TI_auto_init                 
00006c9d  GrContextInit                  
00006d05  GrStringWidthGet               
00006d6d  __TI_decompress_lzss           
00006dd5  GrContextClipRegionSet         
00006e95  IntGPIOb                       
00006eed  IntGPIOc                       
00006f45  _c_int00                       
00006f99  C$$EXIT                        
00006f9d  abort                          
00006fa5  exit                           
00006fed  copy_in                        
00007085  IntGPIOa                       
00007115  LCDIDDTimingSet                
0000718d  SysCtlPeripheralEnable         
000071c1  Delay                          
000071f1  GrStringNextCharGet            
0000721f  GrFontBaselineGet              
0000724b  GPIODirModeSet                 
00007275  GrFontInfoGet                  
0000729b  GrFontGlyphDataGet             
000072bd  LCDModeSet                     
000072df  __mpu_init                     
00007301  GrFontCodepageGet              
0000731f  GPIOPinTypeGPIOOutput          
00007337  _system_post_cinit             
00007339  _args_main                     
00007351  GrStringDraw                   
0000737d  _register_unlock               
00007383  _register_lock                 
0000738b  _nop                           
00007391  GPIOPinTypeEthernetLED         
000073a3  GPIOPinTypeLCD                 
000073b5  GrImageDraw                    
000073c3  __TI_decompress_none           
000073d1  LCDIDDCommandWrite             
000073dd  LCDIDDDataWrite                
000073e9  __TI_zero_init                 
000073f5  GrMapISO8859_1_Unicode         
000073fd  GPIOPinWrite                   
00007403  GrContextFontSet               
00007409  ResetISR                       
0000740f  SysCtlDelay                    
00007415  LCDDMAConfigSet                
00007419  LCDIDDConfigSet                
0000741d  _system_pre_init               
00007434  __TI_Handler_Table_Base        
00007440  __TI_Handler_Table_Limit       
00007448  __TI_CINIT_Base                
00007458  __TI_CINIT_Limit               
20000000  __stack                        
20000400  __STACK_END                    
20000400  __STACK_TOP                    
20000400  g_sContext                     
20000450  g_ui32GPIOa                    
20000454  g_ui32GPIOb                    
20000458  g_ui32GPIOc                    
2000045c  g_ui32Index                    
20000460  __TI_cleanup_ptr               
20000464  __TI_dtors_ptr                 
20000468  __TI_enable_exit_profile_output
2000046c  _lock                          
20000470  _unlock                        
20000474  main_func_sp                   
ffffffff  __TI_pprof_out_hndl            
ffffffff  __TI_prof_data_size            
ffffffff  __TI_prof_data_start           
ffffffff  __binit__                      
ffffffff  __c_args__                     
ffffffff  binit                          
UNDEFED   SHT$$INIT_ARRAY$$Base          
UNDEFED   SHT$$INIT_ARRAY$$Limit         

[99 symbols]
