******************************************************************************
                  TI ARM Linker PC v16.9.1                     
******************************************************************************
>> Linked Wed Apr 26 12:34:57 2017

OUTPUT FILE NAME:   <uart_echo.out>
ENTRY POINT SYMBOL: "_c_int00"  address: 00003f41


MEMORY CONFIGURATION

         name            origin    length      used     unused   attr    fill
----------------------  --------  ---------  --------  --------  ----  --------
  FLASH                 00000000   00100000  00008332  000f7cce  R  X
  SRAM                  20000000   00040000  0000028c  0003fd74  RW X


SEGMENT ALLOCATION MAP

run origin  load origin   length   init length attrs members
----------  ----------- ---------- ----------- ----- -------
00000000    00000000    00008338   00008338    r-x
  00000000    00000000    00000200   00000200    r-- .intvecs
  00000200    00000200    000043d6   000043d6    r-x .text
  000045d8    000045d8    00003d24   00003d24    r-- .const
  00008300    00008300    00000038   00000038    r-- .cinit
20000000    20000000    0000028c   00000000    rw-
  20000000    20000000    00000200   00000000    rw- .stack
  20000200    20000200    0000006c   00000000    rw- .bss
  2000026c    2000026c    00000020   00000000    rw- .data


SECTION ALLOCATION MAP

 output                                  attributes/
section   page    origin      length       input sections
--------  ----  ----------  ----------   ----------------
.intvecs   0    00000000    00000200     
                  00000000    00000200     startup_ccs.obj (.intvecs)

.text      0    00000200    000043d6     
                  00000200    0000113e     rtsv7M4_T_le_v4SPD16_eabi.lib : _printfi.obj (.text)
                  0000133e    00000002     startup_ccs.obj (.text:FaultISR)
                  00001340    00000484     kentec320x240x16_ssd2119.obj (.text:Kentec320x240x16_SSD2119Init)
                  000017c4    0000046c     pinout.obj (.text:PinoutSet)
                  00001c30    00000374     grlib.lib : image.obj (.text:InternalImageDraw)
                  00001fa4    000002f8               : image.obj (.text:PixelTransparentDraw)
                  0000229c    00000254               : string.obj (.text:GrFontGlyphRender)
                  000024f0    000001f8     frame.obj (.text:FrameDraw)
                  000026e8    000001f4     rtsv7M4_T_le_v4SPD16_eabi.lib : ull_div_t2.obj (.text)
                  000028dc    000001ec     driverlib.lib : sysctl.obj (.text:SysCtlClockFreqSet)
                  00002ac8    000001cc     kentec320x240x16_ssd2119.obj (.text:Kentec320x240x16_SSD2119PixelDrawMultiple)
                  00002c94    000001c0     uart_echo.obj (.text:main)
                  00002e54    000001b6     rtsv7M4_T_le_v4SPD16_eabi.lib : fd_add_t2.obj (.text)
                  0000300a    00000002     startup_ccs.obj (.text:IntDefaultHandler)
                  0000300c    00000194     kentec320x240x16_ssd2119.obj (.text:Kentec320x240x16_SSD2119RectFill)
                  000031a0    00000136     rtsv7M4_T_le_v4SPD16_eabi.lib : fd_div_t2.obj (.text)
                  000032d6    00000132     driverlib.lib : gpio.obj (.text:GPIOPadConfigSet)
                  00003408    000000fc     rtsv7M4_T_le_v4SPD16_eabi.lib : fd_mul_t2.obj (.text)
                  00003504    000000fc                                   : s_scalbn.obj (.text)
                  00003600    000000ec     uart_echo.obj (.text:UARTIntHandler)
                  000036ec    000000c0     grlib.lib : string.obj (.text:GrDefaultStringRenderer)
                  000037ac    000000b0     kentec320x240x16_ssd2119.obj (.text:Kentec320x240x16_SSD2119LineDrawH)
                  0000385c    000000b0     kentec320x240x16_ssd2119.obj (.text:Kentec320x240x16_SSD2119LineDrawV)
                  0000390c    0000009c     rtsv7M4_T_le_v4SPD16_eabi.lib : memcpy_t2.obj (.text)
                  000039a8    00000086                                   : fd_cmp_t2.obj (.text:__aeabi_cdcmple)
                  00003a2e    00000086                                   : fd_cmp_t2.obj (.text:__aeabi_cdrcmple)
                  00003ab4    0000007a                                   : memset_t2.obj (.text)
                  00003b2e    00000002     kentec320x240x16_ssd2119.obj (.text:Kentec320x240x16_SSD2119Flush)
                  00003b30    00000078     kentec320x240x16_ssd2119.obj (.text:Kentec320x240x16_SSD2119PixelDraw)
                  00003ba8    00000070     rtsv7M4_T_le_v4SPD16_eabi.lib : autoinit.obj (.text)
                  00003c18    00000068     grlib.lib : context.obj (.text:GrContextInit)
                  00003c80    00000068               : string.obj (.text:GrStringWidthGet)
                  00003ce8    00000068     driverlib.lib : interrupt.obj (.text:IntEnable)
                  00003d50    00000068     rtsv7M4_T_le_v4SPD16_eabi.lib : copy_decompress_lzss.obj (.text:decompress:lzss)
                  00003db8    00000066     grlib.lib : context.obj (.text:GrContextClipRegionSet)
                  00003e1e    00000002     startup_ccs.obj (.text:NmiSR)
                  00003e20    00000064     rtsv7M4_T_le_v4SPD16_eabi.lib : s_frexp.obj (.text)
                  00003e84    00000060                                   : sprintf.obj (.text)
                  00003ee4    0000005a     grlib.lib : string.obj (.text:FontWideGlyphDataGet)
                  00003f3e    00000002     rtsv7M4_T_le_v4SPD16_eabi.lib : mpu_init.obj (.text)
                  00003f40    00000054                                   : boot.obj (.text)
                  00003f94    00000054                                   : exit.obj (.text)
                  00003fe8    00000054                                   : ltoa.obj (.text)
                  0000403c    0000004c                                   : atoi.obj (.text)
                  00004088    0000004c                                   : cpy_tbl.obj (.text)
                  000040d4    0000004a     grlib.lib : string.obj (.text:UpdateContextCharMapping)
                  0000411e    00000002     rtsv7M4_T_le_v4SPD16_eabi.lib : startup.obj (.text)
                  00004120    00000048     driverlib.lib : sysctl.obj (.text:_SysCtlFrequencyGet)
                  00004168    00000048     rtsv7M4_T_le_v4SPD16_eabi.lib : fd_toi_t2.obj (.text)
                  000041b0    00000046     driverlib.lib : uart.obj (.text:UARTConfigSetExpClk)
                  000041f6    0000003c                   : lcd.obj (.text:LCDIDDTimingSet)
                  00004232    0000003a     grlib.lib : string.obj (.text:FontGlyphDataGet)
                  0000426c    00000034     driverlib.lib : sysctl.obj (.text:SysCtlPeripheralEnable)
                  000042a0    0000002e     grlib.lib : string.obj (.text:GrStringNextCharGet)
                  000042ce    0000002e     rtsv7M4_T_le_v4SPD16_eabi.lib : i_tofd_t2.obj (.text)
                  000042fc    0000002c     grlib.lib : string.obj (.text:GrFontBaselineGet)
                  00004328    0000002a     driverlib.lib : gpio.obj (.text:GPIODirModeSet)
                  00004352    00000026     grlib.lib : string.obj (.text:GrFontInfoGet)
                  00004378    00000022               : string.obj (.text:GrFontGlyphDataGet)
                  0000439a    00000022     driverlib.lib : lcd.obj (.text:LCDModeSet)
                  000043bc    00000020                   : uart.obj (.text:UARTDisable)
                  000043dc    00000020                   : sysctl.obj (.text:_SysCtlMemTimingGet)
                  000043fc    0000001e     grlib.lib : string.obj (.text:GrFontCodepageGet)
                  0000441a    00000002     --HOLE-- [fill = 0]
                  0000441c    0000001c     uart_echo.obj (.text:UARTSend)
                  00004438    0000001c     rtsv7M4_T_le_v4SPD16_eabi.lib : memccpy.obj (.text)
                  00004454    00000018                                   : args_main.obj (.text)
                  0000446c    00000016     grlib.lib : string.obj (.text:GrStringDraw)
                  00004482    00000016     kentec320x240x16_ssd2119.obj (.text:Kentec320x240x16_SSD2119ColorTranslate)
                  00004498    00000016     rtsv7M4_T_le_v4SPD16_eabi.lib : strchr.obj (.text)
                  000044ae    00000014     driverlib.lib : uart.obj (.text:UARTEnable)
                  000044c2    00000002     --HOLE-- [fill = 0]
                  000044c4    00000014     rtsv7M4_T_le_v4SPD16_eabi.lib : _lock.obj (.text)
                  000044d8    00000014                                   : s_copysign.obj (.text)
                  000044ec    00000014                                   : strlen.obj (.text)
                  00004500    00000012     driverlib.lib : gpio.obj (.text:GPIOPinTypeLCD)
                  00004512    00000010                   : interrupt.obj (.text:IntMasterEnable)
                  00004522    0000000e     grlib.lib : image.obj (.text:GrImageDraw)
                  00004530    0000000e     driverlib.lib : uart.obj (.text:UARTCharGetNonBlocking)
                  0000453e    0000000e                   : uart.obj (.text:UARTCharsAvail)
                  0000454c    0000000e     rtsv7M4_T_le_v4SPD16_eabi.lib : copy_decompress_none.obj (.text:decompress:none)
                  0000455a    0000000c     driverlib.lib : cpu.obj (.text:CPUcpsie)
                  00004566    0000000c                   : lcd.obj (.text:LCDIDDCommandWrite)
                  00004572    0000000c                   : lcd.obj (.text:LCDIDDDataWrite)
                  0000457e    0000000c     rtsv7M4_T_le_v4SPD16_eabi.lib : copy_zero_init.obj (.text:decompress:ZI)
                  0000458a    0000000a     driverlib.lib : uart.obj (.text:UARTCharPut)
                  00004594    0000000a                   : uart.obj (.text:UARTIntStatus)
                  0000459e    00000008     grlib.lib : charmap.obj (.text:GrMapISO8859_1_Unicode)
                  000045a6    00000008     driverlib.lib : uart.obj (.text:UARTIntEnable)
                  000045ae    00000006                   : gpio.obj (.text:GPIOPinWrite)
                  000045b4    00000006     grlib.lib : string.obj (.text:GrContextFontSet)
                  000045ba    00000006     startup_ccs.obj (.text:ResetISR)
                  000045c0    00000006     driverlib.lib : sysctl.obj (.text:SysCtlDelay)
                  000045c6    00000004                   : lcd.obj (.text:LCDDMAConfigSet)
                  000045ca    00000004                   : lcd.obj (.text:LCDIDDConfigSet)
                  000045ce    00000004                   : uart.obj (.text:UARTIntClear)
                  000045d2    00000004     rtsv7M4_T_le_v4SPD16_eabi.lib : pre_init.obj (.text)

.const     0    000045d8    00003d24     
                  000045d8    00001a46     frame.obj (.const:.string:g_pui8Top)
                  0000601e    00000786     frame.obj (.const:.string:g_pui8Bottom)
                  000067a4    00000782     grlib.lib : fontcmss18b.obj (.const:.string:g_pui8Cmss18bData)
                  00006f26    00000546     frame.obj (.const:.string:g_pui8Left)
                  0000746c    00000546     frame.obj (.const:.string:g_pui8Right)
                  000079b2    00000002     --HOLE-- [fill = 0]
                  000079b4    000001b0     driverlib.lib : sysctl.obj (.const:g_pppui32XTALtoVCO)
                  00007b64    0000017c     frame.obj (.const:.string:g_pui8TopLeft)
                  00007ce0    00000173     frame.obj (.const:.string:g_pui8TopRight)
                  00007e53    00000101     rtsv7M4_T_le_v4SPD16_eabi.lib : ctype.obj (.const:.string:_ctypes_)
                  00007f54    000000d0     frame.obj (.const:.string:g_pui8BottomLeft)
                  00008024    000000c8     grlib.lib : fontcmss18b.obj (.const:g_sFontCmss18b)
                  000080ec    000000c4     frame.obj (.const:.string:g_pui8BottomRight)
                  000081b0    00000070     driverlib.lib : interrupt.obj (.const)
                  00008220    0000006c                   : sysctl.obj (.const:g_pui32Xtals)
                  0000828c    00000030                   : sysctl.obj (.const:g_sXTALtoMEMTIM)
                  000082bc    00000028     kentec320x240x16_ssd2119.obj (.const:g_sKentec320x240x16_SSD2119)
                  000082e4    00000010     grlib.lib : context.obj (.const)
                  000082f4    00000008     driverlib.lib : sysctl.obj (.const)

.cinit     0    00008300    00000038     
                  00008300    00000011     (.cinit..data.load) [load image, compression = lzss]
                  00008311    00000003     --HOLE-- [fill = 0]
                  00008314    0000000c     (__TI_handler_table)
                  00008320    00000008     (.cinit..bss.load) [load image, compression = zero_init]
                  00008328    00000010     (__TI_cinit_table)

.init_array 
*          0    00000000    00000000     UNINITIALIZED

.stack     0    20000000    00000200     UNINITIALIZED
                  20000000    00000200     --HOLE--

.bss       0    20000200    0000006c     UNINITIALIZED
                  20000200    0000002c     (.common:sContext)
                  2000022c    00000020     (.common:g_pui8Dictionary)
                  2000024c    0000001c     uart_echo.obj (.bss:buff$1)
                  20000268    00000004     (.common:g_psGrLibDefaults)

.data      0    2000026c    00000020     UNINITIALIZED
                  2000026c    0000000c     rtsv7M4_T_le_v4SPD16_eabi.lib : exit.obj (.data:$O1$$)
                  20000278    00000008                                   : _lock.obj (.data:$O1$$)
                  20000280    00000004                                   : errno.obj (.data)
                  20000284    00000004                                   : stkdepth_vars.obj (.data)
                  20000288    00000004     uart_echo.obj (.data)

MODULE SUMMARY

       Module                         code    ro data   rw data
       ------                         ----    -------   -------
    .\
       uart_echo.obj                  712     0         76     
       startup_ccs.obj                12      512       0      
    +--+------------------------------+-------+---------+---------+
       Total:                         724     512       76     
                                                               
    .\drivers\
       frame.obj                      504     12507     0      
       kentec320x240x16_ssd2119.obj   2516    40        0      
       pinout.obj                     1132    0         0      
    +--+------------------------------+-------+---------+---------+
       Total:                         4152    12547     0      
                                                               
    C:/Users/WadeJensen/Dropbox/01_EN40/YEAR_4_SEM_1/EGH456/Repos/code_composer/TivaWare_C_Series-2.1.3.156/driverlib/ccs/Debug/driverlib.lib
       sysctl.obj                     654     596       0      
       gpio.obj                       372     0         0      
       interrupt.obj                  120     112       0      
       uart.obj                       182     0         0      
       lcd.obj                        126     0         0      
       cpu.obj                        12      0         0      
    +--+------------------------------+-------+---------+---------+
       Total:                         1466    708       0      
                                                               
    C:/Users/WadeJensen/Dropbox/01_EN40/YEAR_4_SEM_1/EGH456/Repos/code_composer/TivaWare_C_Series-2.1.3.156/grlib/ccs/Debug/grlib.lib
       fontcmss18b.obj                0       2122      0      
       image.obj                      1658    0         32     
       string.obj                     1334    0         0      
       context.obj                    206     16        4      
       charmap.obj                    8       0         0      
    +--+------------------------------+-------+---------+---------+
       Total:                         3206    2138      36     
                                                               
    C:\ti\ccsv7\tools\compiler\ti-cgt-arm_16.9.1.LTS\lib\rtsv7M4_T_le_v4SPD16_eabi.lib
       _printfi.obj                   4414    0         0      
       ull_div_t2.obj                 500     0         0      
       fd_add_t2.obj                  438     0         0      
       fd_div_t2.obj                  310     0         0      
       fd_cmp_t2.obj                  268     0         0      
       ctype.obj                      0       257       0      
       fd_mul_t2.obj                  252     0         0      
       s_scalbn.obj                   252     0         0      
       memcpy_t2.obj                  156     0         0      
       memset_t2.obj                  122     0         0      
       autoinit.obj                   112     0         0      
       copy_decompress_lzss.obj       104     0         0      
       s_frexp.obj                    100     0         0      
       exit.obj                       84      0         12     
       sprintf.obj                    96      0         0      
       boot.obj                       84      0         0      
       ltoa.obj                       84      0         0      
       atoi.obj                       76      0         0      
       cpy_tbl.obj                    76      0         0      
       fd_toi_t2.obj                  72      0         0      
       i_tofd_t2.obj                  46      0         0      
       _lock.obj                      20      0         8      
       memccpy.obj                    28      0         0      
       args_main.obj                  24      0         0      
       strchr.obj                     22      0         0      
       s_copysign.obj                 20      0         0      
       strlen.obj                     20      0         0      
       copy_decompress_none.obj       14      0         0      
       copy_zero_init.obj             12      0         0      
       errno.obj                      0       0         4      
       pre_init.obj                   4       0         0      
       stkdepth_vars.obj              0       0         4      
       mpu_init.obj                   2       0         0      
       startup.obj                    2       0         0      
    +--+------------------------------+-------+---------+---------+
       Total:                         7814    257       28     
                                                               
       Stack:                         0       0         512    
       Linker Generated:              0       53        0      
    +--+------------------------------+-------+---------+---------+
       Grand Total:                   17362   16215     652    


LINKER GENERATED COPY TABLES

__TI_cinit_table @ 00008328 records: 2, size/record: 8, table size: 16
	.data: load addr=00008300, load size=00000011 bytes, run addr=2000026c, run size=00000020 bytes, compression=lzss
	.bss: load addr=00008320, load size=00000008 bytes, run addr=20000200, run size=0000006c bytes, compression=zero_init


LINKER GENERATED HANDLER TABLE

__TI_handler_table @ 00008314 records: 3, size/record: 4, table size: 12
	index: 0, handler: __TI_decompress_lzss
	index: 1, handler: __TI_decompress_none
	index: 2, handler: __TI_zero_init


GLOBAL SYMBOLS: SORTED ALPHABETICALLY BY Name 

address   name                           
-------   ----                           
00003f95  C$$EXIT                        
0000455b  CPUcpsie                       
000024f1  FrameDraw                      
00004329  GPIODirModeSet                 
000032d7  GPIOPadConfigSet               
00004501  GPIOPinTypeLCD                 
000045af  GPIOPinWrite                   
00003db9  GrContextClipRegionSet         
000045b5  GrContextFontSet               
00003c19  GrContextInit                  
000036ed  GrDefaultStringRenderer        
000042fd  GrFontBaselineGet              
000043fd  GrFontCodepageGet              
00004379  GrFontGlyphDataGet             
0000229d  GrFontGlyphRender              
00004353  GrFontInfoGet                  
00004523  GrImageDraw                    
0000459f  GrMapISO8859_1_Unicode         
0000446d  GrStringDraw                   
000042a1  GrStringNextCharGet            
00003c81  GrStringWidthGet               
00003ce9  IntEnable                      
00004513  IntMasterEnable                
00001341  Kentec320x240x16_SSD2119Init   
000045c7  LCDDMAConfigSet                
00004567  LCDIDDCommandWrite             
000045cb  LCDIDDConfigSet                
00004573  LCDIDDDataWrite                
000041f7  LCDIDDTimingSet                
0000439b  LCDModeSet                     
000017c5  PinoutSet                      
000045bb  ResetISR                       
UNDEFED   SHT$$INIT_ARRAY$$Base          
UNDEFED   SHT$$INIT_ARRAY$$Limit         
000028dd  SysCtlClockFreqSet             
000045c1  SysCtlDelay                    
0000426d  SysCtlPeripheralEnable         
00004531  UARTCharGetNonBlocking         
0000458b  UARTCharPut                    
0000453f  UARTCharsAvail                 
000041b1  UARTConfigSetExpClk            
000043bd  UARTDisable                    
000044af  UARTEnable                     
000045cf  UARTIntClear                   
000045a7  UARTIntEnable                  
00003601  UARTIntHandler                 
00004595  UARTIntStatus                  
0000441d  UARTSend                       
20000200  __STACK_END                    
00000200  __STACK_SIZE                   
20000200  __STACK_TOP                    
00008328  __TI_CINIT_Base                
00008338  __TI_CINIT_Limit               
00008314  __TI_Handler_Table_Base        
00008320  __TI_Handler_Table_Limit       
00003ba9  __TI_auto_init                 
2000026c  __TI_cleanup_ptr               
00003d51  __TI_decompress_lzss           
0000454d  __TI_decompress_none           
20000270  __TI_dtors_ptr                 
20000274  __TI_enable_exit_profile_output
ffffffff  __TI_pprof_out_hndl            
00000a45  __TI_printfi                   
ffffffff  __TI_prof_data_size            
ffffffff  __TI_prof_data_start           
00000000  __TI_static_base__             
0000457f  __TI_zero_init                 
000039a9  __aeabi_cdcmpeq                
000039a9  __aeabi_cdcmple                
00003a2f  __aeabi_cdrcmple               
00004169  __aeabi_d2iz                   
00002e5f  __aeabi_dadd                   
000031a1  __aeabi_ddiv                   
00003409  __aeabi_dmul                   
00002e55  __aeabi_dsub                   
000042cf  __aeabi_i2d                    
00003ab5  __aeabi_memclr                 
00003ab5  __aeabi_memclr4                
00003ab5  __aeabi_memclr8                
0000390d  __aeabi_memcpy                 
0000390d  __aeabi_memcpy4                
0000390d  __aeabi_memcpy8                
00003ab7  __aeabi_memset                 
00003ab7  __aeabi_memset4                
00003ab7  __aeabi_memset8                
000026e9  __aeabi_uldivmod               
ffffffff  __binit__                      
ffffffff  __c_args__                     
00003f3f  __mpu_init                     
20000000  __stack                        
00004455  _args_main                     
00003f41  _c_int00                       
00007e53  _ctypes_                       
20000278  _lock                          
000044d3  _nop                           
000044cb  _register_lock                 
000044c5  _register_unlock               
0000411f  _system_post_cinit             
000045d3  _system_pre_init               
2000027c  _unlock                        
00003f99  abort                          
0000403d  atoi                           
ffffffff  binit                          
00004089  copy_in                        
000044d9  copysign                       
000044d9  copysignl                      
20000280  errno                          
00003fa1  exit                           
00003e21  frexp                          
00003e21  frexpl                         
00000000  g_pfnVectors                   
000082e4  g_psDefaultCodePointMapTable   
00008024  g_sFontCmss18b                 
000082bc  g_sKentec320x240x16_SSD2119    
00003505  ldexp                          
00003505  ldexpl                         
00003fe9  ltoa                           
00002c95  main                           
20000284  main_func_sp                   
00004439  memccpy                        
0000390d  memcpy                         
00003abd  memset                         
20000200  sContext                       
00003505  scalbn                         
00003505  scalbnl                        
00003e85  sprintf                        
00004499  strchr                         
000044ed  strlen                         


GLOBAL SYMBOLS: SORTED BY Symbol Address 

address   name                           
-------   ----                           
00000000  __TI_static_base__             
00000000  g_pfnVectors                   
00000200  __STACK_SIZE                   
00000a45  __TI_printfi                   
00001341  Kentec320x240x16_SSD2119Init   
000017c5  PinoutSet                      
0000229d  GrFontGlyphRender              
000024f1  FrameDraw                      
000026e9  __aeabi_uldivmod               
000028dd  SysCtlClockFreqSet             
00002c95  main                           
00002e55  __aeabi_dsub                   
00002e5f  __aeabi_dadd                   
000031a1  __aeabi_ddiv                   
000032d7  GPIOPadConfigSet               
00003409  __aeabi_dmul                   
00003505  ldexp                          
00003505  ldexpl                         
00003505  scalbn                         
00003505  scalbnl                        
00003601  UARTIntHandler                 
000036ed  GrDefaultStringRenderer        
0000390d  __aeabi_memcpy                 
0000390d  __aeabi_memcpy4                
0000390d  __aeabi_memcpy8                
0000390d  memcpy                         
000039a9  __aeabi_cdcmpeq                
000039a9  __aeabi_cdcmple                
00003a2f  __aeabi_cdrcmple               
00003ab5  __aeabi_memclr                 
00003ab5  __aeabi_memclr4                
00003ab5  __aeabi_memclr8                
00003ab7  __aeabi_memset                 
00003ab7  __aeabi_memset4                
00003ab7  __aeabi_memset8                
00003abd  memset                         
00003ba9  __TI_auto_init                 
00003c19  GrContextInit                  
00003c81  GrStringWidthGet               
00003ce9  IntEnable                      
00003d51  __TI_decompress_lzss           
00003db9  GrContextClipRegionSet         
00003e21  frexp                          
00003e21  frexpl                         
00003e85  sprintf                        
00003f3f  __mpu_init                     
00003f41  _c_int00                       
00003f95  C$$EXIT                        
00003f99  abort                          
00003fa1  exit                           
00003fe9  ltoa                           
0000403d  atoi                           
00004089  copy_in                        
0000411f  _system_post_cinit             
00004169  __aeabi_d2iz                   
000041b1  UARTConfigSetExpClk            
000041f7  LCDIDDTimingSet                
0000426d  SysCtlPeripheralEnable         
000042a1  GrStringNextCharGet            
000042cf  __aeabi_i2d                    
000042fd  GrFontBaselineGet              
00004329  GPIODirModeSet                 
00004353  GrFontInfoGet                  
00004379  GrFontGlyphDataGet             
0000439b  LCDModeSet                     
000043bd  UARTDisable                    
000043fd  GrFontCodepageGet              
0000441d  UARTSend                       
00004439  memccpy                        
00004455  _args_main                     
0000446d  GrStringDraw                   
00004499  strchr                         
000044af  UARTEnable                     
000044c5  _register_unlock               
000044cb  _register_lock                 
000044d3  _nop                           
000044d9  copysign                       
000044d9  copysignl                      
000044ed  strlen                         
00004501  GPIOPinTypeLCD                 
00004513  IntMasterEnable                
00004523  GrImageDraw                    
00004531  UARTCharGetNonBlocking         
0000453f  UARTCharsAvail                 
0000454d  __TI_decompress_none           
0000455b  CPUcpsie                       
00004567  LCDIDDCommandWrite             
00004573  LCDIDDDataWrite                
0000457f  __TI_zero_init                 
0000458b  UARTCharPut                    
00004595  UARTIntStatus                  
0000459f  GrMapISO8859_1_Unicode         
000045a7  UARTIntEnable                  
000045af  GPIOPinWrite                   
000045b5  GrContextFontSet               
000045bb  ResetISR                       
000045c1  SysCtlDelay                    
000045c7  LCDDMAConfigSet                
000045cb  LCDIDDConfigSet                
000045cf  UARTIntClear                   
000045d3  _system_pre_init               
00007e53  _ctypes_                       
00008024  g_sFontCmss18b                 
000082bc  g_sKentec320x240x16_SSD2119    
000082e4  g_psDefaultCodePointMapTable   
00008314  __TI_Handler_Table_Base        
00008320  __TI_Handler_Table_Limit       
00008328  __TI_CINIT_Base                
00008338  __TI_CINIT_Limit               
20000000  __stack                        
20000200  __STACK_END                    
20000200  __STACK_TOP                    
20000200  sContext                       
2000026c  __TI_cleanup_ptr               
20000270  __TI_dtors_ptr                 
20000274  __TI_enable_exit_profile_output
20000278  _lock                          
2000027c  _unlock                        
20000280  errno                          
20000284  main_func_sp                   
ffffffff  __TI_pprof_out_hndl            
ffffffff  __TI_prof_data_size            
ffffffff  __TI_prof_data_start           
ffffffff  __binit__                      
ffffffff  __c_args__                     
ffffffff  binit                          
UNDEFED   SHT$$INIT_ARRAY$$Base          
UNDEFED   SHT$$INIT_ARRAY$$Limit         

[128 symbols]
