******************************************************************************
                  TI ARM Linker PC v16.9.0                     
******************************************************************************
>> Linked Wed Mar 15 17:10:40 2017

OUTPUT FILE NAME:   <watchdog.out>
ENTRY POINT SYMBOL: "_c_int00"  address: 00007a5d


MEMORY CONFIGURATION

         name            origin    length      used     unused   attr    fill
----------------------  --------  ---------  --------  --------  ----  --------
  FLASH                 00000000   00100000  00007f7e  000f8082  R  X
  SRAM                  20000000   00040000  0000028c  0003fd74  RW X


SEGMENT ALLOCATION MAP

run origin  load origin   length   init length attrs members
----------  ----------- ---------- ----------- ----- -------
00000000    00000000    00007f80   00007f80    r-x
  00000000    00000000    00000200   00000200    r-- .intvecs
  00000200    00000200    00004c28   00004c28    r-- .const
  00004e28    00004e28    00003116   00003116    r-x .text
  00007f40    00007f40    00000040   00000040    r-- .cinit
20000000    20000000    0000028c   00000000    rw-
  20000000    20000000    00000200   00000000    rw- .stack
  20000200    20000200    0000006c   00000000    rw- .bss
  2000026c    2000026c    00000020   00000000    rw- .data


SECTION ALLOCATION MAP

 output                                  attributes/
section   page    origin      length       input sections
--------  ----  ----------  ----------   ----------------
.intvecs   0    00000000    00000200     
                  00000000    00000200     startup_ccs.obj (.intvecs)

.const     0    00000200    00004c28     
                  00000200    00001a46     frame.obj (.const:.string:g_pui8Top)
                  00001c46    000008c1     grlib.lib : fontcmss20.obj (.const:.string:g_pui8Cmss20Data)
                  00002507    00000786     frame.obj (.const:.string:g_pui8Bottom)
                  00002c8d    00000782     grlib.lib : fontcmss18b.obj (.const:.string:g_pui8Cmss18bData)
                  0000340f    00000609               : fontcmss14.obj (.const:.string:g_pui8Cmss14Data)
                  00003a18    00000546     frame.obj (.const:.string:g_pui8Left)
                  00003f5e    00000546     frame.obj (.const:.string:g_pui8Right)
                  000044a4    000001b0     driverlib.lib : sysctl.obj (.const:g_pppui32XTALtoVCO)
                  00004654    0000017c     frame.obj (.const:.string:g_pui8TopLeft)
                  000047d0    00000173     frame.obj (.const:.string:g_pui8TopRight)
                  00004943    000000d0     frame.obj (.const:.string:g_pui8BottomLeft)
                  00004a13    00000001     --HOLE-- [fill = 0]
                  00004a14    000000c8     grlib.lib : fontcmss14.obj (.const:g_sFontCmss14)
                  00004adc    000000c8               : fontcmss18b.obj (.const:g_sFontCmss18b)
                  00004ba4    000000c8               : fontcmss20.obj (.const:g_sFontCmss20)
                  00004c6c    000000c4     frame.obj (.const:.string:g_pui8BottomRight)
                  00004d30    0000006c     driverlib.lib : sysctl.obj (.const:g_pui32Xtals)
                  00004d9c    00000030                   : sysctl.obj (.const:g_sXTALtoMEMTIM)
                  00004dcc    00000028     kentec320x240x16_ssd2119.obj (.const:g_sKentec320x240x16_SSD2119)
                  00004df4    0000001c     touch.obj (.const:g_pi32TouchParameters)
                  00004e10    00000010     grlib.lib : context.obj (.const)
                  00004e20    00000008     driverlib.lib : sysctl.obj (.const)

.text      0    00004e28    00003116     
                  00004e28    000004b8     pinout.obj (.text:PinoutSet)
                  000052e0    00000484     kentec320x240x16_ssd2119.obj (.text:Kentec320x240x16_SSD2119Init)
                  00005764    00000374     grlib.lib : image.obj (.text:InternalImageDraw)
                  00005ad8    000002f8               : image.obj (.text:PixelTransparentDraw)
                  00005dd0    0000027c     watchdog.obj (.text:main)
                  0000604c    00000254     grlib.lib : string.obj (.text:GrFontGlyphRender)
                  000062a0    0000024d     ustdlib.obj (.text:uvsnprintf)
                  000064ed    00000001     --HOLE-- [fill = 0]
                  000064ee    00000002     startup_ccs.obj (.text:FaultISR)
                  000064f0    000001f8     frame.obj (.text:FrameDraw)
                  000066e8    000001ec     driverlib.lib : sysctl.obj (.text:SysCtlClockFreqSet)
                  000068d4    000001cc     kentec320x240x16_ssd2119.obj (.text:Kentec320x240x16_SSD2119PixelDrawMultiple)
                  00006aa0    00000194     kentec320x240x16_ssd2119.obj (.text:Kentec320x240x16_SSD2119RectFill)
                  00006c34    00000180     touch.obj (.text:TouchScreenDebouncer)
                  00006db4    00000178     watchdog.obj (.text:WatchdogIntHandler)
                  00006f2c    00000158     watchdog.obj (.text:WatchdogTouchCallback)
                  00007084    00000140     touch.obj (.text:TouchScreenIntHandler)
                  000071c4    00000132     driverlib.lib : gpio.obj (.text:GPIOPadConfigSet)
                  000072f6    00000002     startup_ccs.obj (.text:IntDefaultHandler)
                  000072f8    000000f4     touch.obj (.text:TouchScreenInit)
                  000073ec    000000c0     grlib.lib : string.obj (.text:GrDefaultStringRenderer)
                  000074ac    000000b0     kentec320x240x16_ssd2119.obj (.text:Kentec320x240x16_SSD2119LineDrawH)
                  0000755c    000000b0     kentec320x240x16_ssd2119.obj (.text:Kentec320x240x16_SSD2119LineDrawV)
                  0000760c    0000009c     rtsv7M4_T_le_v4SPD16_eabi.lib : memcpy_t2.obj (.text)
                  000076a8    0000007a                                   : memset_t2.obj (.text)
                  00007722    00000002     kentec320x240x16_ssd2119.obj (.text:Kentec320x240x16_SSD2119Flush)
                  00007724    00000078     kentec320x240x16_ssd2119.obj (.text:Kentec320x240x16_SSD2119PixelDraw)
                  0000779c    00000070     rtsv7M4_T_le_v4SPD16_eabi.lib : autoinit.obj (.text)
                  0000780c    00000068     grlib.lib : context.obj (.text:GrContextInit)
                  00007874    00000068               : string.obj (.text:GrStringWidthGet)
                  000078dc    00000068     rtsv7M4_T_le_v4SPD16_eabi.lib : copy_decompress_lzss.obj (.text:decompress:lzss)
                  00007944    00000066     grlib.lib : context.obj (.text:GrContextClipRegionSet)
                  000079aa    0000005a               : string.obj (.text:FontWideGlyphDataGet)
                  00007a04    00000058     driverlib.lib : timer.obj (.text:TimerControlTrigger)
                  00007a5c    00000054     rtsv7M4_T_le_v4SPD16_eabi.lib : boot.obj (.text)
                  00007ab0    00000054                                   : exit.obj (.text)
                  00007b04    0000004c                                   : cpy_tbl.obj (.text)
                  00007b50    0000004a     grlib.lib : string.obj (.text:UpdateContextCharMapping)
                  00007b9a    00000002     startup_ccs.obj (.text:NmiSR)
                  00007b9c    00000048     driverlib.lib : sysctl.obj (.text:_SysCtlFrequencyGet)
                  00007be4    00000040     rtsv7M4_T_le_v4SPD16_eabi.lib : u_divt2.obj (.text)
                  00007c24    0000003c     driverlib.lib : lcd.obj (.text:LCDIDDTimingSet)
                  00007c60    0000003a     grlib.lib : string.obj (.text:FontGlyphDataGet)
                  00007c9a    00000002     rtsv7M4_T_le_v4SPD16_eabi.lib : i_div0.obj (.text)
                  00007c9c    00000034     driverlib.lib : sysctl.obj (.text:SysCtlPeripheralEnable)
                  00007cd0    0000002e     grlib.lib : string.obj (.text:GrStringNextCharGet)
                  00007cfe    0000002c               : string.obj (.text:GrFontBaselineGet)
                  00007d2a    0000002a     driverlib.lib : gpio.obj (.text:GPIODirModeSet)
                  00007d54    0000002a     ustdlib.obj (.text:ustrncpy)
                  00007d7e    00000026     grlib.lib : string.obj (.text:GrFontInfoGet)
                  00007da4    00000022               : string.obj (.text:GrFontGlyphDataGet)
                  00007dc6    00000022     driverlib.lib : lcd.obj (.text:LCDModeSet)
                  00007de8    00000020                   : sysctl.obj (.text:_SysCtlMemTimingGet)
                  00007e08    00000020     ustdlib.obj (.text:usprintf)
                  00007e28    0000001e     grlib.lib : string.obj (.text:GrFontCodepageGet)
                  00007e46    00000002     rtsv7M4_T_le_v4SPD16_eabi.lib : mpu_init.obj (.text)
                  00007e48    00000018                                   : args_main.obj (.text)
                  00007e60    00000016     grlib.lib : string.obj (.text:GrStringDraw)
                  00007e76    00000016     kentec320x240x16_ssd2119.obj (.text:Kentec320x240x16_SSD2119ColorTranslate)
                  00007e8c    00000014     rtsv7M4_T_le_v4SPD16_eabi.lib : _lock.obj (.text)
                  00007ea0    00000012     driverlib.lib : gpio.obj (.text:GPIOPinTypeEthernetLED)
                  00007eb2    00000012                   : gpio.obj (.text:GPIOPinTypeLCD)
                  00007ec4    0000000e     grlib.lib : image.obj (.text:GrImageDraw)
                  00007ed2    0000000e     rtsv7M4_T_le_v4SPD16_eabi.lib : copy_decompress_none.obj (.text:decompress:none)
                  00007ee0    0000000c     driverlib.lib : lcd.obj (.text:LCDIDDCommandWrite)
                  00007eec    0000000c                   : lcd.obj (.text:LCDIDDDataWrite)
                  00007ef8    0000000c     touch.obj (.text:TouchScreenCallbackSet)
                  00007f04    0000000c     rtsv7M4_T_le_v4SPD16_eabi.lib : copy_zero_init.obj (.text:decompress:ZI)
                  00007f10    00000008     grlib.lib : charmap.obj (.text:GrMapISO8859_1_Unicode)
                  00007f18    00000006     driverlib.lib : gpio.obj (.text:GPIOPinWrite)
                  00007f1e    00000006     grlib.lib : string.obj (.text:GrContextFontSet)
                  00007f24    00000006     startup_ccs.obj (.text:ResetISR)
                  00007f2a    00000006     driverlib.lib : sysctl.obj (.text:SysCtlDelay)
                  00007f30    00000004                   : lcd.obj (.text:LCDDMAConfigSet)
                  00007f34    00000004                   : lcd.obj (.text:LCDIDDConfigSet)
                  00007f38    00000004     rtsv7M4_T_le_v4SPD16_eabi.lib : pre_init.obj (.text)
                  00007f3c    00000002                                   : startup.obj (.text)

.cinit     0    00007f40    00000040     
                  00007f40    00000016     (.cinit..data.load) [load image, compression = lzss]
                  00007f56    00000002     --HOLE-- [fill = 0]
                  00007f58    0000000c     (__TI_handler_table)
                  00007f64    00000004     --HOLE-- [fill = 0]
                  00007f68    00000008     (.cinit..bss.load) [load image, compression = zero_init]
                  00007f70    00000010     (__TI_cinit_table)

.init_array 
*          0    00000000    00000000     UNINITIALIZED

.stack     0    20000000    00000200     UNINITIALIZED
                  20000000    00000200     --HOLE--

.bss       0    20000200    0000006c     UNINITIALIZED
                  20000200    0000002c     (.common:g_sContext)
                  2000022c    00000020     (.common:g_pui8Dictionary)
                  2000024c    00000010     touch.obj (.bss:g_pi16Samples)
                  2000025c    00000008     touch.obj (.bss)
                  20000264    00000004     (.common:g_psGrLibDefaults)
                  20000268    00000002     (.common:g_i16TouchX)
                  2000026a    00000002     (.common:g_i16TouchY)

.data      0    2000026c    00000020     UNINITIALIZED
                  2000026c    0000000c     rtsv7M4_T_le_v4SPD16_eabi.lib : exit.obj (.data:$O1$$)
                  20000278    00000008                                   : _lock.obj (.data:$O1$$)
                  20000280    00000004                                   : stkdepth_vars.obj (.data)
                  20000284    00000004     touch.obj (.data)
                  20000288    00000004     watchdog.obj (.data)

MODULE SUMMARY

       Module                         code    ro data   rw data
       ------                         ----    -------   -------
    .\
       watchdog.obj                   1356    0         48     
       startup_ccs.obj                12      512       0      
    +--+------------------------------+-------+---------+---------+
       Total:                         1368    512       48     
                                                               
    .\drivers\
       frame.obj                      504     12507     0      
       kentec320x240x16_ssd2119.obj   2516    40        0      
       pinout.obj                     1208    0         0      
       touch.obj                      960     28        32     
    +--+------------------------------+-------+---------+---------+
       Total:                         5188    12575     32     
                                                               
    .\utils\
       ustdlib.obj                    663     0         0      
    +--+------------------------------+-------+---------+---------+
       Total:                         663     0         0      
                                                               
    C:\ti\ccsv7\tools\compiler\ti-cgt-arm_16.9.0.LTS\lib\rtsv7M4_T_le_v4SPD16_eabi.lib
       memcpy_t2.obj                  156     0         0      
       memset_t2.obj                  122     0         0      
       autoinit.obj                   112     0         0      
       copy_decompress_lzss.obj       104     0         0      
       exit.obj                       84      0         12     
       boot.obj                       84      0         0      
       cpy_tbl.obj                    76      0         0      
       u_divt2.obj                    64      0         0      
       _lock.obj                      20      0         8      
       args_main.obj                  24      0         0      
       copy_decompress_none.obj       14      0         0      
       copy_zero_init.obj             12      0         0      
       pre_init.obj                   4       0         0      
       stkdepth_vars.obj              0       0         4      
       i_div0.obj                     2       0         0      
       mpu_init.obj                   2       0         0      
       startup.obj                    2       0         0      
    +--+------------------------------+-------+---------+---------+
       Total:                         882     0         24     
                                                               
    H:/cc_workspace/TivaWare_C_Series-2.1.3.156/driverlib/ccs/Debug/driverlib.lib
       sysctl.obj                     654     596       0      
       gpio.obj                       390     0         0      
       lcd.obj                        126     0         0      
       timer.obj                      88      0         0      
    +--+------------------------------+-------+---------+---------+
       Total:                         1258    596       0      
                                                               
    H:/cc_workspace/TivaWare_C_Series-2.1.3.156/grlib/ccs/Debug/grlib.lib
       fontcmss20.obj                 0       2441      0      
       fontcmss18b.obj                0       2122      0      
       fontcmss14.obj                 0       1745      0      
       image.obj                      1658    0         32     
       string.obj                     1334    0         0      
       context.obj                    206     16        4      
       charmap.obj                    8       0         0      
    +--+------------------------------+-------+---------+---------+
       Total:                         3206    6324      36     
                                                               
       Stack:                         0       0         512    
       Linker Generated:              0       58        0      
    +--+------------------------------+-------+---------+---------+
       Grand Total:                   12565   20065     652    


LINKER GENERATED COPY TABLES

__TI_cinit_table @ 00007f70 records: 2, size/record: 8, table size: 16
	.data: load addr=00007f40, load size=00000016 bytes, run addr=2000026c, run size=00000020 bytes, compression=lzss
	.bss: load addr=00007f68, load size=00000008 bytes, run addr=20000200, run size=0000006c bytes, compression=zero_init


LINKER GENERATED HANDLER TABLE

__TI_handler_table @ 00007f58 records: 3, size/record: 4, table size: 12
	index: 0, handler: __TI_decompress_lzss
	index: 1, handler: __TI_decompress_none
	index: 2, handler: __TI_zero_init


GLOBAL SYMBOLS: SORTED ALPHABETICALLY BY Name 

address   name                           
-------   ----                           
00007ab1  C$$EXIT                        
000064f1  FrameDraw                      
00007d2b  GPIODirModeSet                 
000071c5  GPIOPadConfigSet               
00007ea1  GPIOPinTypeEthernetLED         
00007eb3  GPIOPinTypeLCD                 
00007f19  GPIOPinWrite                   
00007945  GrContextClipRegionSet         
00007f1f  GrContextFontSet               
0000780d  GrContextInit                  
000073ed  GrDefaultStringRenderer        
00007cff  GrFontBaselineGet              
00007e29  GrFontCodepageGet              
00007da5  GrFontGlyphDataGet             
0000604d  GrFontGlyphRender              
00007d7f  GrFontInfoGet                  
00007ec5  GrImageDraw                    
00007f11  GrMapISO8859_1_Unicode         
00007e61  GrStringDraw                   
00007cd1  GrStringNextCharGet            
00007875  GrStringWidthGet               
000052e1  Kentec320x240x16_SSD2119Init   
00007f31  LCDDMAConfigSet                
00007ee1  LCDIDDCommandWrite             
00007f35  LCDIDDConfigSet                
00007eed  LCDIDDDataWrite                
00007c25  LCDIDDTimingSet                
00007dc7  LCDModeSet                     
00004e29  PinoutSet                      
00007f25  ResetISR                       
UNDEFED   SHT$$INIT_ARRAY$$Base          
UNDEFED   SHT$$INIT_ARRAY$$Limit         
000066e9  SysCtlClockFreqSet             
00007f2b  SysCtlDelay                    
00007c9d  SysCtlPeripheralEnable         
00007a05  TimerControlTrigger            
00007ef9  TouchScreenCallbackSet         
000072f9  TouchScreenInit                
00007085  TouchScreenIntHandler          
00006db5  WatchdogIntHandler             
20000200  __STACK_END                    
00000200  __STACK_SIZE                   
20000200  __STACK_TOP                    
00007f70  __TI_CINIT_Base                
00007f80  __TI_CINIT_Limit               
00007f58  __TI_Handler_Table_Base        
00007f64  __TI_Handler_Table_Limit       
0000779d  __TI_auto_init                 
2000026c  __TI_cleanup_ptr               
000078dd  __TI_decompress_lzss           
00007ed3  __TI_decompress_none           
20000270  __TI_dtors_ptr                 
20000274  __TI_enable_exit_profile_output
ffffffff  __TI_pprof_out_hndl            
ffffffff  __TI_prof_data_size            
ffffffff  __TI_prof_data_start           
00000000  __TI_static_base__             
00007f05  __TI_zero_init                 
00007c9b  __aeabi_idiv0                  
000076a9  __aeabi_memclr                 
000076a9  __aeabi_memclr4                
000076a9  __aeabi_memclr8                
0000760d  __aeabi_memcpy                 
0000760d  __aeabi_memcpy4                
0000760d  __aeabi_memcpy8                
000076ab  __aeabi_memset                 
000076ab  __aeabi_memset4                
000076ab  __aeabi_memset8                
00007be5  __aeabi_uidiv                  
00007be5  __aeabi_uidivmod               
ffffffff  __binit__                      
ffffffff  __c_args__                     
00007e47  __mpu_init                     
20000000  __stack                        
00007e49  _args_main                     
00007a5d  _c_int00                       
20000278  _lock                          
00007e9b  _nop                           
00007e93  _register_lock                 
00007e8d  _register_unlock               
00007f3d  _system_post_cinit             
00007f39  _system_pre_init               
2000027c  _unlock                        
00007ab5  abort                          
ffffffff  binit                          
00007b05  copy_in                        
00007abd  exit                           
20000288  g_bFeedWatchdog0               
20000289  g_bFeedWatchdog1               
20000284  g_i16TouchMin                  
20000268  g_i16TouchX                    
2000026a  g_i16TouchY                    
00000000  g_pfnVectors                   
00004df4  g_pi32TouchParameters          
00004e10  g_psDefaultCodePointMapTable   
20000200  g_sContext                     
00004a14  g_sFontCmss14                  
00004adc  g_sFontCmss18b                 
00004ba4  g_sFontCmss20                  
00004dcc  g_sKentec320x240x16_SSD2119    
2000028a  g_ui8CounterWatchdog0          
2000028b  g_ui8CounterWatchdog1          
00005dd1  main                           
20000280  main_func_sp                   
0000760d  memcpy                         
000076b1  memset                         
00007e09  usprintf                       
00007d55  ustrncpy                       
000062a1  uvsnprintf                     


GLOBAL SYMBOLS: SORTED BY Symbol Address 

address   name                           
-------   ----                           
00000000  __TI_static_base__             
00000000  g_pfnVectors                   
00000200  __STACK_SIZE                   
00004a14  g_sFontCmss14                  
00004adc  g_sFontCmss18b                 
00004ba4  g_sFontCmss20                  
00004dcc  g_sKentec320x240x16_SSD2119    
00004df4  g_pi32TouchParameters          
00004e10  g_psDefaultCodePointMapTable   
00004e29  PinoutSet                      
000052e1  Kentec320x240x16_SSD2119Init   
00005dd1  main                           
0000604d  GrFontGlyphRender              
000062a1  uvsnprintf                     
000064f1  FrameDraw                      
000066e9  SysCtlClockFreqSet             
00006db5  WatchdogIntHandler             
00007085  TouchScreenIntHandler          
000071c5  GPIOPadConfigSet               
000072f9  TouchScreenInit                
000073ed  GrDefaultStringRenderer        
0000760d  __aeabi_memcpy                 
0000760d  __aeabi_memcpy4                
0000760d  __aeabi_memcpy8                
0000760d  memcpy                         
000076a9  __aeabi_memclr                 
000076a9  __aeabi_memclr4                
000076a9  __aeabi_memclr8                
000076ab  __aeabi_memset                 
000076ab  __aeabi_memset4                
000076ab  __aeabi_memset8                
000076b1  memset                         
0000779d  __TI_auto_init                 
0000780d  GrContextInit                  
00007875  GrStringWidthGet               
000078dd  __TI_decompress_lzss           
00007945  GrContextClipRegionSet         
00007a05  TimerControlTrigger            
00007a5d  _c_int00                       
00007ab1  C$$EXIT                        
00007ab5  abort                          
00007abd  exit                           
00007b05  copy_in                        
00007be5  __aeabi_uidiv                  
00007be5  __aeabi_uidivmod               
00007c25  LCDIDDTimingSet                
00007c9b  __aeabi_idiv0                  
00007c9d  SysCtlPeripheralEnable         
00007cd1  GrStringNextCharGet            
00007cff  GrFontBaselineGet              
00007d2b  GPIODirModeSet                 
00007d55  ustrncpy                       
00007d7f  GrFontInfoGet                  
00007da5  GrFontGlyphDataGet             
00007dc7  LCDModeSet                     
00007e09  usprintf                       
00007e29  GrFontCodepageGet              
00007e47  __mpu_init                     
00007e49  _args_main                     
00007e61  GrStringDraw                   
00007e8d  _register_unlock               
00007e93  _register_lock                 
00007e9b  _nop                           
00007ea1  GPIOPinTypeEthernetLED         
00007eb3  GPIOPinTypeLCD                 
00007ec5  GrImageDraw                    
00007ed3  __TI_decompress_none           
00007ee1  LCDIDDCommandWrite             
00007eed  LCDIDDDataWrite                
00007ef9  TouchScreenCallbackSet         
00007f05  __TI_zero_init                 
00007f11  GrMapISO8859_1_Unicode         
00007f19  GPIOPinWrite                   
00007f1f  GrContextFontSet               
00007f25  ResetISR                       
00007f2b  SysCtlDelay                    
00007f31  LCDDMAConfigSet                
00007f35  LCDIDDConfigSet                
00007f39  _system_pre_init               
00007f3d  _system_post_cinit             
00007f58  __TI_Handler_Table_Base        
00007f64  __TI_Handler_Table_Limit       
00007f70  __TI_CINIT_Base                
00007f80  __TI_CINIT_Limit               
20000000  __stack                        
20000200  __STACK_END                    
20000200  __STACK_TOP                    
20000200  g_sContext                     
20000268  g_i16TouchX                    
2000026a  g_i16TouchY                    
2000026c  __TI_cleanup_ptr               
20000270  __TI_dtors_ptr                 
20000274  __TI_enable_exit_profile_output
20000278  _lock                          
2000027c  _unlock                        
20000280  main_func_sp                   
20000284  g_i16TouchMin                  
20000288  g_bFeedWatchdog0               
20000289  g_bFeedWatchdog1               
2000028a  g_ui8CounterWatchdog0          
2000028b  g_ui8CounterWatchdog1          
ffffffff  __TI_pprof_out_hndl            
ffffffff  __TI_prof_data_size            
ffffffff  __TI_prof_data_start           
ffffffff  __binit__                      
ffffffff  __c_args__                     
ffffffff  binit                          
UNDEFED   SHT$$INIT_ARRAY$$Base          
UNDEFED   SHT$$INIT_ARRAY$$Limit         

[109 symbols]
