******************************************************************************
                  TI ARM Linker PC v16.9.0                     
******************************************************************************
>> Linked Wed Mar 01 18:08:17 2017

OUTPUT FILE NAME:   <synth_c2.out>
ENTRY POINT SYMBOL: "_c_int00"  address: 00006f85


MEMORY CONFIGURATION

         name            origin    length      used     unused   attr    fill
----------------------  --------  ---------  --------  --------  ----  --------
  FLASH                 00000000   00100000  00007604  000f89fc  R  X
  SRAM                  20000000   00040000  00001494  0003eb6c  RW X


SEGMENT ALLOCATION MAP

run origin  load origin   length   init length attrs members
----------  ----------- ---------- ----------- ----- -------
00000000    00000000    00007608   00007608    r-x
  00000000    00000000    00000200   00000200    r-- .intvecs
  00000200    00000200    00003e40   00003e40    r-- .const
  00004040    00004040    00003584   00003584    r-x .text
  000075c8    000075c8    00000040   00000040    r-- .cinit
20000000    20000000    00001494   00000000    rw-
  20000000    20000000    00001074   00000000    rw- .bss
  20001074    20001074    00000400   00000000    rw- .stack
  20001474    20001474    00000020   00000000    rw- .data


SECTION ALLOCATION MAP

 output                                  attributes/
section   page    origin      length       input sections
--------  ----  ----------  ----------   ----------------
.intvecs   0    00000000    00000200     
                  00000000    00000200     startup_ccs.obj (.intvecs)

.const     0    00000200    00003e40     
                  00000200    00001a46     frame.obj (.const:.string:g_pui8Top)
                  00001c46    00000786     frame.obj (.const:.string:g_pui8Bottom)
                  000023cc    00000782     grlib.lib : fontcmss18b.obj (.const:.string:g_pui8Cmss18bData)
                  00002b4e    00000546     frame.obj (.const:.string:g_pui8Left)
                  00003094    00000546     frame.obj (.const:.string:g_pui8Right)
                  000035da    00000002     --HOLE-- [fill = 0]
                  000035dc    000001b0     driverlib.lib : sysctl.obj (.const:g_pppui32XTALtoVCO)
                  0000378c    0000017c     frame.obj (.const:.string:g_pui8TopLeft)
                  00003908    00000173     frame.obj (.const:.string:g_pui8TopRight)
                  00003a7b    00000001     --HOLE-- [fill = 0]
                  00003a7c    00000102     sine.obj (.const:g_pui16FixedSineTable)
                  00003b7e    00000002     --HOLE-- [fill = 0]
                  00003b80    000000e0     synth.obj (.const:g_psWhiteKeys)
                  00003c60    000000d0     frame.obj (.const:.string:g_pui8BottomLeft)
                  00003d30    000000c8     grlib.lib : fontcmss18b.obj (.const:g_sFontCmss18b)
                  00003df8    000000c4     frame.obj (.const:.string:g_pui8BottomRight)
                  00003ebc    0000008c     synth.obj (.const:g_psBlackKeys)
                  00003f48    0000006c     driverlib.lib : sysctl.obj (.const:g_pui32Xtals)
                  00003fb4    00000030                   : sysctl.obj (.const:g_sXTALtoMEMTIM)
                  00003fe4    00000028     kentec320x240x16_ssd2119.obj (.const:g_sKentec320x240x16_SSD2119)
                  0000400c    0000001c     touch.obj (.const:g_pi32TouchParameters)
                  00004028    00000010     grlib.lib : context.obj (.const)
                  00004038    00000008     driverlib.lib : sysctl.obj (.const)

.text      0    00004040    00003584     
                  00004040    000004b8     pinout.obj (.text:PinoutSet)
                  000044f8    00000484     kentec320x240x16_ssd2119.obj (.text:Kentec320x240x16_SSD2119Init)
                  0000497c    000003a4     synth.obj (.text:main)
                  00004d20    00000374     grlib.lib : image.obj (.text:InternalImageDraw)
                  00005094    000002f8               : image.obj (.text:PixelTransparentDraw)
                  0000538c    00000254               : string.obj (.text:GrFontGlyphRender)
                  000055e0    000001f8     frame.obj (.text:FrameDraw)
                  000057d8    000001ec     driverlib.lib : sysctl.obj (.text:SysCtlClockFreqSet)
                  000059c4    000001cc     kentec320x240x16_ssd2119.obj (.text:Kentec320x240x16_SSD2119PixelDrawMultiple)
                  00005b90    00000194     kentec320x240x16_ssd2119.obj (.text:Kentec320x240x16_SSD2119RectFill)
                  00005d24    00000180     touch.obj (.text:TouchScreenDebouncer)
                  00005ea4    0000017c     sound.obj (.text:SoundIntHandler)
                  00006020    00000158     synth.obj (.text:GenerateAudio)
                  00006178    00000140     touch.obj (.text:TouchScreenIntHandler)
                  000062b8    00000132     driverlib.lib : gpio.obj (.text:GPIOPadConfigSet)
                  000063ea    00000106     grlib.lib : line.obj (.text:GrLineDraw)
                  000064f0    000000f4     touch.obj (.text:TouchScreenInit)
                  000065e4    000000c0     grlib.lib : string.obj (.text:GrDefaultStringRenderer)
                  000066a4    000000b8               : line.obj (.text:GrLineClip)
                  0000675c    000000b4     sound.obj (.text:SoundStart)
                  00006810    000000b0     kentec320x240x16_ssd2119.obj (.text:Kentec320x240x16_SSD2119LineDrawH)
                  000068c0    000000b0     kentec320x240x16_ssd2119.obj (.text:Kentec320x240x16_SSD2119LineDrawV)
                  00006970    000000ac     sound.obj (.text:SoundInit)
                  00006a1c    0000009c     rtsv7M4_T_le_v4SPD16_eabi.lib : memcpy_t2.obj (.text)
                  00006ab8    00000094     synth.obj (.text:TouchCallback)
                  00006b4c    00000086     grlib.lib : rectangle.obj (.text:GrRectFill)
                  00006bd2    0000007a     rtsv7M4_T_le_v4SPD16_eabi.lib : memset_t2.obj (.text)
                  00006c4c    00000078     kentec320x240x16_ssd2119.obj (.text:Kentec320x240x16_SSD2119PixelDraw)
                  00006cc4    00000070     rtsv7M4_T_le_v4SPD16_eabi.lib : autoinit.obj (.text)
                  00006d34    00000068     grlib.lib : context.obj (.text:GrContextInit)
                  00006d9c    00000068               : string.obj (.text:GrStringWidthGet)
                  00006e04    00000068     rtsv7M4_T_le_v4SPD16_eabi.lib : copy_decompress_lzss.obj (.text:decompress:lzss)
                  00006e6c    00000066     grlib.lib : context.obj (.text:GrContextClipRegionSet)
                  00006ed2    0000005a               : string.obj (.text:FontWideGlyphDataGet)
                  00006f2c    00000058     driverlib.lib : timer.obj (.text:TimerControlTrigger)
                  00006f84    00000054     rtsv7M4_T_le_v4SPD16_eabi.lib : boot.obj (.text)
                  00006fd8    00000054                                   : exit.obj (.text)
                  0000702c    0000004c                                   : cpy_tbl.obj (.text)
                  00007078    0000004a     grlib.lib : string.obj (.text:UpdateContextCharMapping)
                  000070c2    00000002     startup_ccs.obj (.text:FaultISR)
                  000070c4    00000048     driverlib.lib : sysctl.obj (.text:_SysCtlFrequencyGet)
                  0000710c    00000046     grlib.lib : line.obj (.text:GrLineDrawH)
                  00007152    00000046               : line.obj (.text:GrLineDrawV)
                  00007198    0000003c     driverlib.lib : lcd.obj (.text:LCDIDDTimingSet)
                  000071d4    0000003a     grlib.lib : string.obj (.text:FontGlyphDataGet)
                  0000720e    00000002     startup_ccs.obj (.text:IntDefaultHandler)
                  00007210    00000038     driverlib.lib : sysctl.obj (.text:SysCtlPeripheralReady)
                  00007248    00000036     grlib.lib : line.obj (.text:GrClipCodeGet)
                  0000727e    00000002     kentec320x240x16_ssd2119.obj (.text:Kentec320x240x16_SSD2119Flush)
                  00007280    00000034     synth.obj (.text:SoundCallback)
                  000072b4    00000034     driverlib.lib : sysctl.obj (.text:SysCtlPeripheralEnable)
                  000072e8    0000002e     grlib.lib : string.obj (.text:GrStringNextCharGet)
                  00007316    0000002c               : string.obj (.text:GrFontBaselineGet)
                  00007342    0000002a     driverlib.lib : gpio.obj (.text:GPIODirModeSet)
                  0000736c    00000028                   : timer.obj (.text:TimerUpdateMode)
                  00007394    00000026     grlib.lib : string.obj (.text:GrFontInfoGet)
                  000073ba    00000002     startup_ccs.obj (.text:NmiSR)
                  000073bc    00000024     sine.obj (.text:sine)
                  000073e0    00000022     grlib.lib : string.obj (.text:GrFontGlyphDataGet)
                  00007402    00000022     driverlib.lib : lcd.obj (.text:LCDModeSet)
                  00007424    00000020                   : sysctl.obj (.text:_SysCtlMemTimingGet)
                  00007444    0000001e     grlib.lib : string.obj (.text:GrFontCodepageGet)
                  00007462    00000002     rtsv7M4_T_le_v4SPD16_eabi.lib : mpu_init.obj (.text)
                  00007464    0000001c     sound.obj (.text:SoundVolumeUp)
                  00007480    00000018     driverlib.lib : gpio.obj (.text:GPIOPinTypeGPIOOutput)
                  00007498    00000018     sound.obj (.text:SoundVolumeDown)
                  000074b0    00000018     rtsv7M4_T_le_v4SPD16_eabi.lib : args_main.obj (.text)
                  000074c8    00000016     grlib.lib : string.obj (.text:GrStringDraw)
                  000074de    00000016     kentec320x240x16_ssd2119.obj (.text:Kentec320x240x16_SSD2119ColorTranslate)
                  000074f4    00000014     rtsv7M4_T_le_v4SPD16_eabi.lib : _lock.obj (.text)
                  00007508    00000012     driverlib.lib : gpio.obj (.text:GPIOPinTypeEthernetLED)
                  0000751a    00000012                   : gpio.obj (.text:GPIOPinTypeLCD)
                  0000752c    00000012                   : timer.obj (.text:TimerLoadSet)
                  0000753e    0000000e     grlib.lib : image.obj (.text:GrImageDraw)
                  0000754c    0000000e     rtsv7M4_T_le_v4SPD16_eabi.lib : copy_decompress_none.obj (.text:decompress:none)
                  0000755a    0000000c     driverlib.lib : lcd.obj (.text:LCDIDDCommandWrite)
                  00007566    0000000c                   : lcd.obj (.text:LCDIDDDataWrite)
                  00007572    00000002     rtsv7M4_T_le_v4SPD16_eabi.lib : startup.obj (.text)
                  00007574    0000000c     sound.obj (.text:SoundVolumeSet)
                  00007580    0000000c     touch.obj (.text:TouchScreenCallbackSet)
                  0000758c    0000000c     rtsv7M4_T_le_v4SPD16_eabi.lib : copy_zero_init.obj (.text:decompress:ZI)
                  00007598    00000008     grlib.lib : charmap.obj (.text:GrMapISO8859_1_Unicode)
                  000075a0    00000006     driverlib.lib : gpio.obj (.text:GPIOPinWrite)
                  000075a6    00000006     grlib.lib : string.obj (.text:GrContextFontSet)
                  000075ac    00000006     startup_ccs.obj (.text:ResetISR)
                  000075b2    00000006     driverlib.lib : sysctl.obj (.text:SysCtlDelay)
                  000075b8    00000004                   : lcd.obj (.text:LCDDMAConfigSet)
                  000075bc    00000004                   : lcd.obj (.text:LCDIDDConfigSet)
                  000075c0    00000004     rtsv7M4_T_le_v4SPD16_eabi.lib : pre_init.obj (.text)

.cinit     0    000075c8    00000040     
                  000075c8    00000017     (.cinit..data.load) [load image, compression = lzss]
                  000075df    00000001     --HOLE-- [fill = 0]
                  000075e0    0000000c     (__TI_handler_table)
                  000075ec    00000004     --HOLE-- [fill = 0]
                  000075f0    00000008     (.cinit..bss.load) [load image, compression = zero_init]
                  000075f8    00000010     (__TI_cinit_table)

.init_array 
*          0    00000000    00000000     UNINITIALIZED

.bss       0    20000000    00001074     UNINITIALIZED
                  20000000    00001000     synth.obj (.bss:g_pi16AudioBuffer)
                  20001000    00000028     sound.obj (.bss:g_sSoundState)
                  20001028    00000020     (.common:g_pui8Dictionary)
                  20001048    00000010     touch.obj (.bss:g_pi16Samples)
                  20001058    00000008     touch.obj (.bss)
                  20001060    00000004     synth.obj (.bss)
                  20001064    00000004     (.common:g_psGrLibDefaults)
                  20001068    00000004     (.common:g_ui32AudioPos)
                  2000106c    00000004     (.common:g_ui32AudioStep)
                  20001070    00000002     (.common:g_i16TouchX)
                  20001072    00000002     (.common:g_i16TouchY)

.stack     0    20001074    00000400     UNINITIALIZED
                  20001074    00000400     --HOLE--

.data      0    20001474    00000020     UNINITIALIZED
                  20001474    0000000c     rtsv7M4_T_le_v4SPD16_eabi.lib : exit.obj (.data:$O1$$)
                  20001480    00000008                                   : _lock.obj (.data:$O1$$)
                  20001488    00000004                                   : stkdepth_vars.obj (.data)
                  2000148c    00000004     synth.obj (.data)
                  20001490    00000004     touch.obj (.data)

MODULE SUMMARY

       Module                         code    ro data   rw data
       ------                         ----    -------   -------
    .\
       synth.obj                      1476    364       4112   
       startup_ccs.obj                12      512       0      
    +--+------------------------------+-------+---------+---------+
       Total:                         1488    876       4112   
                                                               
    .\drivers\
       frame.obj                      504     12507     0      
       kentec320x240x16_ssd2119.obj   2516    40        0      
       pinout.obj                     1208    0         0      
       touch.obj                      960     28        32     
       sound.obj                      796     0         40     
    +--+------------------------------+-------+---------+---------+
       Total:                         5984    12575     72     
                                                               
    .\utils\
       sine.obj                       36      258       0      
    +--+------------------------------+-------+---------+---------+
       Total:                         36      258       0      
                                                               
    C:\ti\ccsv7\tools\compiler\ti-cgt-arm_16.9.0.LTS\lib\rtsv7M4_T_le_v4SPD16_eabi.lib
       memcpy_t2.obj                  156     0         0      
       memset_t2.obj                  122     0         0      
       autoinit.obj                   112     0         0      
       copy_decompress_lzss.obj       104     0         0      
       exit.obj                       84      0         12     
       boot.obj                       84      0         0      
       cpy_tbl.obj                    76      0         0      
       _lock.obj                      20      0         8      
       args_main.obj                  24      0         0      
       copy_decompress_none.obj       14      0         0      
       copy_zero_init.obj             12      0         0      
       pre_init.obj                   4       0         0      
       stkdepth_vars.obj              0       0         4      
       mpu_init.obj                   2       0         0      
       startup.obj                    2       0         0      
    +--+------------------------------+-------+---------+---------+
       Total:                         816     0         24     
                                                               
    H:/ti_workspace/TivaWare_C_Series-2.1.3.156/driverlib/ccs/Debug/driverlib.lib
       sysctl.obj                     710     596       0      
       gpio.obj                       414     0         0      
       timer.obj                      146     0         0      
       lcd.obj                        126     0         0      
    +--+------------------------------+-------+---------+---------+
       Total:                         1396    596       0      
                                                               
    H:/ti_workspace/TivaWare_C_Series-2.1.3.156/grlib/ccs/Debug/grlib.lib
       fontcmss18b.obj                0       2122      0      
       image.obj                      1658    0         32     
       string.obj                     1334    0         0      
       line.obj                       640     0         0      
       context.obj                    206     16        4      
       rectangle.obj                  134     0         0      
       charmap.obj                    8       0         0      
    +--+------------------------------+-------+---------+---------+
       Total:                         3980    2138      36     
                                                               
       Stack:                         0       0         1024   
       Linker Generated:              0       59        0      
    +--+------------------------------+-------+---------+---------+
       Grand Total:                   13700   16502     5268   


LINKER GENERATED COPY TABLES

__TI_cinit_table @ 000075f8 records: 2, size/record: 8, table size: 16
	.data: load addr=000075c8, load size=00000017 bytes, run addr=20001474, run size=00000020 bytes, compression=lzss
	.bss: load addr=000075f0, load size=00000008 bytes, run addr=20000000, run size=00001074 bytes, compression=zero_init


LINKER GENERATED HANDLER TABLE

__TI_handler_table @ 000075e0 records: 3, size/record: 4, table size: 12
	index: 0, handler: __TI_decompress_lzss
	index: 1, handler: __TI_decompress_none
	index: 2, handler: __TI_zero_init


GLOBAL SYMBOLS: SORTED ALPHABETICALLY BY Name 

address   name                           
-------   ----                           
00006fd9  C$$EXIT                        
000055e1  FrameDraw                      
00007343  GPIODirModeSet                 
000062b9  GPIOPadConfigSet               
00007509  GPIOPinTypeEthernetLED         
00007481  GPIOPinTypeGPIOOutput          
0000751b  GPIOPinTypeLCD                 
000075a1  GPIOPinWrite                   
00006021  GenerateAudio                  
00006e6d  GrContextClipRegionSet         
000075a7  GrContextFontSet               
00006d35  GrContextInit                  
000065e5  GrDefaultStringRenderer        
00007317  GrFontBaselineGet              
00007445  GrFontCodepageGet              
000073e1  GrFontGlyphDataGet             
0000538d  GrFontGlyphRender              
00007395  GrFontInfoGet                  
0000753f  GrImageDraw                    
000063eb  GrLineDraw                     
0000710d  GrLineDrawH                    
00007153  GrLineDrawV                    
00007599  GrMapISO8859_1_Unicode         
00006b4d  GrRectFill                     
000074c9  GrStringDraw                   
000072e9  GrStringNextCharGet            
00006d9d  GrStringWidthGet               
000044f9  Kentec320x240x16_SSD2119Init   
000075b9  LCDDMAConfigSet                
0000755b  LCDIDDCommandWrite             
000075bd  LCDIDDConfigSet                
00007567  LCDIDDDataWrite                
00007199  LCDIDDTimingSet                
00007403  LCDModeSet                     
00004041  PinoutSet                      
000075ad  ResetISR                       
UNDEFED   SHT$$INIT_ARRAY$$Base          
UNDEFED   SHT$$INIT_ARRAY$$Limit         
00007281  SoundCallback                  
00006971  SoundInit                      
00005ea5  SoundIntHandler                
0000675d  SoundStart                     
00007499  SoundVolumeDown                
00007575  SoundVolumeSet                 
00007465  SoundVolumeUp                  
000057d9  SysCtlClockFreqSet             
000075b3  SysCtlDelay                    
000072b5  SysCtlPeripheralEnable         
00007211  SysCtlPeripheralReady          
00006f2d  TimerControlTrigger            
0000752d  TimerLoadSet                   
0000736d  TimerUpdateMode                
00006ab9  TouchCallback                  
00007581  TouchScreenCallbackSet         
000064f1  TouchScreenInit                
00006179  TouchScreenIntHandler          
20001474  __STACK_END                    
00000400  __STACK_SIZE                   
20001474  __STACK_TOP                    
000075f8  __TI_CINIT_Base                
00007608  __TI_CINIT_Limit               
000075e0  __TI_Handler_Table_Base        
000075ec  __TI_Handler_Table_Limit       
00006cc5  __TI_auto_init                 
20001474  __TI_cleanup_ptr               
00006e05  __TI_decompress_lzss           
0000754d  __TI_decompress_none           
20001478  __TI_dtors_ptr                 
2000147c  __TI_enable_exit_profile_output
ffffffff  __TI_pprof_out_hndl            
ffffffff  __TI_prof_data_size            
ffffffff  __TI_prof_data_start           
00000000  __TI_static_base__             
0000758d  __TI_zero_init                 
00006bd3  __aeabi_memclr                 
00006bd3  __aeabi_memclr4                
00006bd3  __aeabi_memclr8                
00006a1d  __aeabi_memcpy                 
00006a1d  __aeabi_memcpy4                
00006a1d  __aeabi_memcpy8                
00006bd5  __aeabi_memset                 
00006bd5  __aeabi_memset4                
00006bd5  __aeabi_memset8                
ffffffff  __binit__                      
ffffffff  __c_args__                     
00007463  __mpu_init                     
20001074  __stack                        
000074b1  _args_main                     
00006f85  _c_int00                       
20001480  _lock                          
00007503  _nop                           
000074fb  _register_lock                 
000074f5  _register_unlock               
00007573  _system_post_cinit             
000075c1  _system_pre_init               
20001484  _unlock                        
00006fdd  abort                          
ffffffff  binit                          
0000702d  copy_in                        
00006fe5  exit                           
20001490  g_i16TouchMin                  
20001070  g_i16TouchX                    
20001072  g_i16TouchY                    
00000000  g_pfnVectors                   
0000400c  g_pi32TouchParameters          
00004028  g_psDefaultCodePointMapTable   
00003d30  g_sFontCmss18b                 
00003fe4  g_sKentec320x240x16_SSD2119    
20001068  g_ui32AudioPos                 
2000106c  g_ui32AudioStep                
2000148c  g_ui32Key                      
0000497d  main                           
20001488  main_func_sp                   
00006a1d  memcpy                         
00006bdb  memset                         
000073bd  sine                           


GLOBAL SYMBOLS: SORTED BY Symbol Address 

address   name                           
-------   ----                           
00000000  __TI_static_base__             
00000000  g_pfnVectors                   
00000400  __STACK_SIZE                   
00003d30  g_sFontCmss18b                 
00003fe4  g_sKentec320x240x16_SSD2119    
0000400c  g_pi32TouchParameters          
00004028  g_psDefaultCodePointMapTable   
00004041  PinoutSet                      
000044f9  Kentec320x240x16_SSD2119Init   
0000497d  main                           
0000538d  GrFontGlyphRender              
000055e1  FrameDraw                      
000057d9  SysCtlClockFreqSet             
00005ea5  SoundIntHandler                
00006021  GenerateAudio                  
00006179  TouchScreenIntHandler          
000062b9  GPIOPadConfigSet               
000063eb  GrLineDraw                     
000064f1  TouchScreenInit                
000065e5  GrDefaultStringRenderer        
0000675d  SoundStart                     
00006971  SoundInit                      
00006a1d  __aeabi_memcpy                 
00006a1d  __aeabi_memcpy4                
00006a1d  __aeabi_memcpy8                
00006a1d  memcpy                         
00006ab9  TouchCallback                  
00006b4d  GrRectFill                     
00006bd3  __aeabi_memclr                 
00006bd3  __aeabi_memclr4                
00006bd3  __aeabi_memclr8                
00006bd5  __aeabi_memset                 
00006bd5  __aeabi_memset4                
00006bd5  __aeabi_memset8                
00006bdb  memset                         
00006cc5  __TI_auto_init                 
00006d35  GrContextInit                  
00006d9d  GrStringWidthGet               
00006e05  __TI_decompress_lzss           
00006e6d  GrContextClipRegionSet         
00006f2d  TimerControlTrigger            
00006f85  _c_int00                       
00006fd9  C$$EXIT                        
00006fdd  abort                          
00006fe5  exit                           
0000702d  copy_in                        
0000710d  GrLineDrawH                    
00007153  GrLineDrawV                    
00007199  LCDIDDTimingSet                
00007211  SysCtlPeripheralReady          
00007281  SoundCallback                  
000072b5  SysCtlPeripheralEnable         
000072e9  GrStringNextCharGet            
00007317  GrFontBaselineGet              
00007343  GPIODirModeSet                 
0000736d  TimerUpdateMode                
00007395  GrFontInfoGet                  
000073bd  sine                           
000073e1  GrFontGlyphDataGet             
00007403  LCDModeSet                     
00007445  GrFontCodepageGet              
00007463  __mpu_init                     
00007465  SoundVolumeUp                  
00007481  GPIOPinTypeGPIOOutput          
00007499  SoundVolumeDown                
000074b1  _args_main                     
000074c9  GrStringDraw                   
000074f5  _register_unlock               
000074fb  _register_lock                 
00007503  _nop                           
00007509  GPIOPinTypeEthernetLED         
0000751b  GPIOPinTypeLCD                 
0000752d  TimerLoadSet                   
0000753f  GrImageDraw                    
0000754d  __TI_decompress_none           
0000755b  LCDIDDCommandWrite             
00007567  LCDIDDDataWrite                
00007573  _system_post_cinit             
00007575  SoundVolumeSet                 
00007581  TouchScreenCallbackSet         
0000758d  __TI_zero_init                 
00007599  GrMapISO8859_1_Unicode         
000075a1  GPIOPinWrite                   
000075a7  GrContextFontSet               
000075ad  ResetISR                       
000075b3  SysCtlDelay                    
000075b9  LCDDMAConfigSet                
000075bd  LCDIDDConfigSet                
000075c1  _system_pre_init               
000075e0  __TI_Handler_Table_Base        
000075ec  __TI_Handler_Table_Limit       
000075f8  __TI_CINIT_Base                
00007608  __TI_CINIT_Limit               
20001068  g_ui32AudioPos                 
2000106c  g_ui32AudioStep                
20001070  g_i16TouchX                    
20001072  g_i16TouchY                    
20001074  __stack                        
20001474  __STACK_END                    
20001474  __STACK_TOP                    
20001474  __TI_cleanup_ptr               
20001478  __TI_dtors_ptr                 
2000147c  __TI_enable_exit_profile_output
20001480  _lock                          
20001484  _unlock                        
20001488  main_func_sp                   
2000148c  g_ui32Key                      
20001490  g_i16TouchMin                  
ffffffff  __TI_pprof_out_hndl            
ffffffff  __TI_prof_data_size            
ffffffff  __TI_prof_data_start           
ffffffff  __binit__                      
ffffffff  __c_args__                     
ffffffff  binit                          
UNDEFED   SHT$$INIT_ARRAY$$Base          
UNDEFED   SHT$$INIT_ARRAY$$Limit         

[116 symbols]
