******************************************************************************
                  TI ARM Linker PC v16.9.1                     
******************************************************************************
>> Linked Sun Apr 30 17:08:50 2017

OUTPUT FILE NAME:   <empty_example.out>
ENTRY POINT SYMBOL: "_c_int00"  address: 00004159


MEMORY CONFIGURATION

         name            origin    length      used     unused   attr    fill
----------------------  --------  ---------  --------  --------  ----  --------
  FLASH                 00000000   00100000  00007ad4  000f852c  R  X
  SRAM                  20000000   00040000  0000187e  0003e782  RW X


SEGMENT ALLOCATION MAP

run origin  load origin   length   init length attrs members
----------  ----------- ---------- ----------- ----- -------
00000000    00000000    00007ae0   00007ae0    r-x
  00000000    00000000    0000003c   0000003c    r-- .resetVecs
  00000040    00000040    00005902   00005902    r-x .text
  00005944    00005944    0000204e   0000204e    r-- .const
  00007998    00007998    00000148   00000148    r-- .cinit
20000000    20000000    00001880   00000000    rw-
  20000000    20000000    00000360   00000000    rw- .vecs
  20000360    20000360    00000dec   00000000    rw- .bss
  2000114c    2000114c    00000432   00000000    rw- .data
  20001580    20001580    00000300   00000000    rw- .stack


SECTION ALLOCATION MAP

 output                                  attributes/
section   page    origin      length       input sections
--------  ----  ----------  ----------   ----------------
.text      0    00000040    00005902     
                  00000040    00000430     sysbios.aem4f : BIOS.obj (.text:ti_sysbios_family_arm_m3_Hwi_excDumpRegs__I)
                  00000470    0000034c     ti.targets.arm.rtsarm.aem4f : System.oem4f (.text:xdc_runtime_System_doPrint__I)
                  000007bc    00000324     rtsv7M4_T_le_v4SPD16_eabi.lib : trgdrv.obj (.text)
                  00000ae0    000002c8     sysbios.aem4f : BIOS.obj (.text:ti_sysbios_knl_Semaphore_pend__E)
                  00000da8    00000258                   : BIOS.obj (.text:ti_sysbios_heaps_HeapMem_free__E)
                  00001000    00000248                   : BIOS.obj (.text:ti_sysbios_heaps_HeapMem_alloc__E)
                  00001248    00000224                   : BIOS.obj (.text:ti_sysbios_knl_Task_Instance_finalize__E)
                  0000146c    00000204     Boot.aem4f : Boot_sysctl.oem4f (.text:ti_catalog_arm_cortexm4_tiva_ce_Boot_sysCtlClockFreqSetI__I)
                  00001670    000001fc     sysbios.aem4f : BIOS.obj (.text:ti_sysbios_family_arm_m3_Hwi_excHandlerMax__I)
                  0000186c    00000004     empty_pem4f.oem4f (.text:ti_sysbios_BIOS_RtsGateProxy_enter__E)
                  00001870    000001ec     sysbios.aem4f : BIOS.obj (.text:ti_sysbios_knl_Task_sleep__E)
                  00001a5c    00000004     empty_pem4f.oem4f (.text:ti_sysbios_BIOS_RtsGateProxy_leave__E)
                  00001a60    000001c8     sysbios.aem4f : BIOS.obj (.text:ti_sysbios_knl_Task_Instance_init__E)
                  00001c28    00000174                   : BIOS.obj (.text:ti_sysbios_family_arm_m3_Hwi_excBusFault__I)
                  00001d9c    00000004                   : BIOS.obj (.text:ti_sysbios_family_arm_lm4_Timer_masterEnable__I)
                  00001da0    00000164                   : BIOS.obj (.text:ti_sysbios_family_arm_m3_Hwi_excUsageFault__I)
                  00001f04    00000150     drivers_tivaware.aem4f : GPIOTiva.oem4f (.text:GPIO_setConfig)
                  00002054    00000004     empty_pem4f.oem4f (.text:ti_sysbios_family_arm_m3_TaskSupport_Module__startupDone__S)
                  00002058    00000148     sysbios.aem4f : BIOS.obj (.text:ti_sysbios_family_arm_m3_Hwi_excMemFault__I)
                  000021a0    0000013c                   : BIOS.obj (.text:ti_sysbios_heaps_HeapMem_Instance_init__E)
                  000022dc    00000004     empty_pem4f.oem4f (.text:ti_sysbios_heaps_HeapMem_Module_GateProxy_enter__E)
                  000022e0    00000134     sysbios.aem4f : BIOS.obj (.text:ti_sysbios_family_arm_lm4_Timer_start__E)
                  00002414    00000130     driverlib.lib : gpio.obj (.text:GPIOPadConfigSet)
                  00002544    00000118     ti.targets.arm.rtsarm.aem4f : Error.oem4f (.text:xdc_runtime_Error_policyDefault__E)
                  0000265c    00000100                                 : Core-mem.oem4f (.text:xdc_runtime_Core_createObject__I)
                  0000275c    000000f8                                 : Startup.oem4f (.text:xdc_runtime_Startup_startMods__I)
                  00002854    000000f8     empty_pem4f.oem4f (.text:xdc_runtime_System_printfExtend__I)
                  0000294c    000000f4     sysbios.aem4f : m3_Hwi_asm.obj (.text:ti_sysbios_family_arm_m3_Hwi_dispatch__I)
                  00002a40    000000ec                   : BIOS.obj (.text:ti_sysbios_knl_Semaphore_post__E)
                  00002b2c    000000cc     ti.targets.arm.rtsarm.aem4f : Core-smem.oem4f (.text:xdc_runtime_Core_constructObject__I)
                  00002bf8    000000c4     empty.obj (.text:main)
                  00002cbc    00000004     empty_pem4f.oem4f (.text:ti_sysbios_heaps_HeapMem_Module_GateProxy_leave__E)
                  00002cc0    000000bc     sysbios.aem4f : BIOS.obj (.text:ti_sysbios_family_arm_m3_Hwi_excDebugMon__I)
                  00002d7c    00000004     empty_pem4f.oem4f (.text:ti_sysbios_knl_Clock_TimerProxy_getMaxTicks__E)
                  00002d80    000000bc     sysbios.aem4f : BIOS.obj (.text:ti_sysbios_family_arm_m3_Hwi_excHardFault__I)
                  00002e3c    000000b8     DK_TM4C129X.obj (.text:DK_TM4C129X_initGeneral)
                  00002ef4    00000004     empty_pem4f.oem4f (.text:ti_sysbios_knl_Queue_destruct)
                  00002ef8    000000b4     sysbios.aem4f : BIOS.obj (.text:ti_sysbios_gates_GateMutex_enter__E)
                  00002fac    00000004     empty_pem4f.oem4f (.text:ti_sysbios_knl_Semaphore_destruct)
                  00002fb0    000000b4     sysbios.aem4f : BIOS.obj (.text:ti_sysbios_knl_Task_checkStacks__E)
                  00003064    00000004     ti.targets.arm.rtsarm.aem4f : Error.oem4f (.text:xdc_runtime_Error_getSite__E)
                  00003068    000000ac     sysbios.aem4f : BIOS.obj (.text:ti_sysbios_family_arm_lm4_Timer_enableTiva__I)
                  00003114    00000004     empty_pem4f.oem4f (.text:xdc_runtime_System_Module_GateProxy_enter__E)
                  00003118    000000a8     sysbios.aem4f : BIOS.obj (.text:ti_sysbios_family_arm_lm4_Timer_enableTimers__I)
                  000031c0    000000a8                   : BIOS.obj (.text:ti_sysbios_knl_Task_postInit__I)
                  00003268    000000a0     auto_init.aem4f : auto_init.oem4f (.text)
                  00003308    000000a0     ti.targets.arm.rtsarm.aem4f : Text.oem4f (.text:xdc_runtime_Text_putMod__E)
                  000033a8    0000009c     rtsv7M4_T_le_v4SPD16_eabi.lib : memcpy_t2.obj (.text)
                  00003444    00000004     empty_pem4f.oem4f (.text:xdc_runtime_System_Module_GateProxy_leave__E)
                  00003448    0000009c     sysbios.aem4f : BIOS.obj (.text:ti_sysbios_knl_Semaphore_Instance_init__E)
                  000034e4    0000009a     ti.targets.arm.rtsarm.aem4f : Text.oem4f (.text:xdc_runtime_Text_putSite__E)
                  0000357e    00000002     rtsv7M4_T_le_v4SPD16_eabi.lib : i_div0.obj (.text)
                  00003580    00000098     Boot.aem4f : Boot.oem4f (.text:ti_catalog_arm_cortexm4_tiva_ce_Boot_sysCtlClockFreqSet__E)
                  00003618    00000094     sysbios.aem4f : BIOS.obj (.text:ti_sysbios_family_arm_m3_Hwi_Instance_init__E)
                  000036ac    00000004     ti.targets.arm.rtsarm.aem4f : System.oem4f (.text:xdc_runtime_System_aprintf_va__F)
                  000036b0    00000094     sysbios.aem4f : BIOS.obj (.text:ti_sysbios_family_arm_m3_Hwi_initNVIC__E)
                  00003744    0000008c     drivers_tivaware.aem4f : GPIOTiva.oem4f (.text:GPIO_init)
                  000037d0    0000008c     sysbios.aem4f : m3_TaskSupport_asm.obj (.text:ti_sysbios_family_arm_m3_TaskSupport_buildTaskStack)
                  0000385c    00000004     ti.targets.arm.rtsarm.aem4f : System.oem4f (.text:xdc_runtime_System_printf_va__F)
                  00003860    00000084     sysbios.aem4f : BIOS.obj (.text:ti_sysbios_family_arm_m3_Hwi_postInit__I)
                  000038e4    0000007a     rtsv7M4_T_le_v4SPD16_eabi.lib : memset_t2.obj (.text)
                  0000395e    00000002     empty_pem4f.oem4f (.text:ti_sysbios_BIOS_nullFunc__I)
                  00003960    00000070     sysbios.aem4f : BIOS.obj (.text:ti_sysbios_knl_Task_exit__E)
                  000039d0    0000006d     ti.targets.arm.rtsarm.aem4f : System.oem4f (.text:xdc_runtime_System_formatNum__I)
                  00003a3d    00000001     --HOLE-- [fill = 0]
                  00003a3e    00000002     empty_pem4f.oem4f (.text:xdc_runtime_Startup_reset__I)
                  00003a40    0000006c     sysbios.aem4f : BIOS.obj (.text:ti_sysbios_knl_Clock_workFunc__E)
                  00003aac    00000004     --HOLE-- [fill = 0]
                  00003ab0    0000006c                   : BIOS.obj (.text:ti_sysbios_knl_Swi_restoreHwi__E)
                  00003b1c    0000006c     ti.targets.arm.rtsarm.aem4f : Error.oem4f (.text:xdc_runtime_Error_print__E)
                  00003b88    0000006c                                 : Memory.oem4f (.text:xdc_runtime_Memory_alloc__E)
                  00003bf4    00000068     rtsv7M4_T_le_v4SPD16_eabi.lib : copy_decompress_lzss.obj (.text:decompress:lzss)
                  00003c5c    00000068                                   : trgmsg.obj (.text)
                  00003cc4    00000066     ti.targets.arm.rtsarm.aem4f : Core-mem.oem4f (.text:xdc_runtime_Core_deleteObject__I)
                  00003d2a    00000002     --HOLE-- [fill = 0]
                  00003d2c    00000064     drivers_tivaware.aem4f : GPIOTiva.oem4f (.text:GPIO_hwiIntFxn)
                  00003d90    00000064     sysbios.aem4f : BIOS.obj (.text:ti_sysbios_family_arm_lm4_Timer_Module_startup__E)
                  00003df4    00000064     empty_pem4f.oem4f (.text:ti_sysbios_family_arm_m3_Hwi_create)
                  00003e58    00000064     sysbios.aem4f : BIOS.obj (.text:ti_sysbios_family_arm_m3_Hwi_dispatchC__I)
                  00003ebc    00000004     --HOLE-- [fill = 0]
                  00003ec0    00000060                   : BIOS.obj (.text:ti_sysbios_family_arm_lm4_Timer_isrStub__E)
                  00003f20    00000060                   : BIOS.obj (.text:ti_sysbios_knl_Task_schedule__I)
                  00003f80    0000005c                   : BIOS.obj (.text:ti_sysbios_knl_Swi_run__I)
                  00003fdc    00000004     --HOLE-- [fill = 0]
                  00003fe0    0000005c                   : BIOS.obj (.text:ti_sysbios_knl_Swi_schedule__I)
                  0000403c    00000004     --HOLE-- [fill = 0]
                  00004040    0000005c                   : BIOS.obj (.text:ti_sysbios_knl_Task_Module_startup__E)
                  0000409c    00000004     --HOLE-- [fill = 0]
                  000040a0    0000005c                   : BIOS.obj (.text:ti_sysbios_knl_Task_startCore__E)
                  000040fc    0000005b     ti.targets.arm.rtsarm.aem4f : Text.oem4f (.text:xdc_runtime_Text_putLab__E)
                  00004157    00000001     --HOLE-- [fill = 0]
                  00004158    00000058     boot.aem4f : boot.oem4f (.text)
                  000041b0    00000058     sysbios.aem4f : m3_Hwi_asm_switch.obj (.text:ti_sysbios_family_arm_m3_Hwi_initStacks__E)
                  00004208    00000056     driverlib.lib : gpio.obj (.text:GPIOIntTypeSet)
                  0000425e    00000002     --HOLE-- [fill = 0]
                  00004260    00000054     rtsv7M4_T_le_v4SPD16_eabi.lib : exit.obj (.text)
                  000042b4    00000054     empty_pem4f.oem4f (.text:ti_sysbios_knl_Task_construct)
                  00004308    00000054     ti.targets.arm.rtsarm.aem4f : Assert.oem4f (.text:xdc_runtime_Assert_raise__I)
                  0000435c    00000050     drivers_tivaware.aem4f : GPIOTiva.oem4f (.text:GPIO_setCallback)
                  000043ac    00000050                            : GPIOTiva.oem4f (.text:GPIO_toggle)
                  000043fc    00000050                            : GPIOTiva.oem4f (.text:GPIO_write)
                  0000444c    00000050     Boot.aem4f : Boot_sysctl.oem4f (.text:_SysCtlFrequencyGet)
                  0000449c    00000004     --HOLE-- [fill = 0]
                  000044a0    00000050     sysbios.aem4f : BIOS.obj (.text:ti_sysbios_family_arm_m3_Hwi_Module_startup__E)
                  000044f0    00000050     ti.targets.arm.rtsarm.aem4f : Startup.oem4f (.text:xdc_runtime_Startup_exec__E)
                  00004540    00000050                                 : Text.oem4f (.text:xdc_runtime_Text_visitRope2__I)
                  00004590    0000004c     rtsv7M4_T_le_v4SPD16_eabi.lib : cpy_tbl.obj (.text)
                  000045dc    00000004     --HOLE-- [fill = 0]
                  000045e0    0000004c     sysbios.aem4f : BIOS.obj (.text:ti_sysbios_heaps_HeapMem_getStats__E)
                  0000462c    00000004     --HOLE-- [fill = 0]
                  00004630    0000004c                   : BIOS.obj (.text:ti_sysbios_knl_Swi_runLoop__I)
                  0000467c    00000004     --HOLE-- [fill = 0]
                  00004680    0000004c                   : BIOS.obj (.text:ti_sysbios_knl_Task_allBlockedFunction__I)
                  000046cc    00000004     --HOLE-- [fill = 0]
                  000046d0    00000048                   : BIOS.obj (.text:ti_sysbios_family_arm_m3_Hwi_disableInterrupt__E)
                  00004718    00000048                   : BIOS.obj (.text:ti_sysbios_family_arm_m3_Hwi_enableInterrupt__E)
                  00004760    00000048                   : BIOS.obj (.text:ti_sysbios_family_arm_m3_Hwi_excReserved__I)
                  000047a8    00000046     ti.targets.arm.rtsarm.aem4f : Core-params.oem4f (.text:xdc_runtime_Core_assignParams__I)
                  000047ee    00000002     --HOLE-- [fill = 0]
                  000047f0    00000044     sysbios.aem4f : BIOS.obj (.text:ti_sysbios_family_arm_m3_Hwi_getStackInfo__E)
                  00004834    00000004     --HOLE-- [fill = 0]
                  00004838    00000044                   : BIOS.obj (.text:ti_sysbios_knl_Swi_post__E)
                  0000487c    00000044     ti.targets.arm.rtsarm.aem4f : Error.oem4f (.text:xdc_runtime_Error_setX__E)
                  000048c0    00000044                                 : SysMin.oem4f (.text:xdc_runtime_SysMin_flush__E)
                  00004904    00000044                                 : Text.oem4f (.text:xdc_runtime_Text_xprintf__I)
                  00004948    00000040     rtsv7M4_T_le_v4SPD16_eabi.lib : u_divt2.obj (.text)
                  00004988    00000040     sysbios.aem4f : BIOS.obj (.text:ti_sysbios_family_arm_lm4_Timer_startup__E)
                  000049c8    0000003c                   : BIOS.obj (.text:ti_sysbios_family_arm_m3_Hwi_excSvCall__I)
                  00004a04    00000004     --HOLE-- [fill = 0]
                  00004a08    0000003c                   : BIOS.obj (.text:ti_sysbios_heaps_HeapMem_init__I)
                  00004a44    00000004     --HOLE-- [fill = 0]
                  00004a48    0000003c                   : BIOS.obj (.text:ti_sysbios_knl_Swi_restore__E)
                  00004a84    00000004     --HOLE-- [fill = 0]
                  00004a88    00000038                   : BIOS.obj (.text:ti_sysbios_family_arm_m3_Hwi_excNoIsr__I)
                  00004ac0    00000038                   : BIOS.obj (.text:ti_sysbios_knl_Task_processVitalTaskFlag__I)
                  00004af8    00000038     ti.targets.arm.rtsarm.aem4f : SysMin.oem4f (.text:xdc_runtime_SysMin_putch__E)
                  00004b30    00000038                                 : System.oem4f (.text:xdc_runtime_System_atexit__E)
                  00004b68    00000034     driverlib.lib : sysctl.obj (.text:SysCtlPeripheralEnable)
                  00004b9c    00000004     --HOLE-- [fill = 0]
                  00004ba0    00000034     sysbios.aem4f : BIOS.obj (.text:ti_sysbios_family_arm_m3_Hwi_Instance_finalize__E)
                  00004bd4    00000004     --HOLE-- [fill = 0]
                  00004bd8    00000034                   : BIOS.obj (.text:ti_sysbios_family_arm_m3_Hwi_excNmi__I)
                  00004c0c    00000004     --HOLE-- [fill = 0]
                  00004c10    00000034                   : BIOS.obj (.text:ti_sysbios_hal_Hwi_checkStack)
                  00004c44    00000034     ti.targets.arm.rtsarm.aem4f : Core-label.oem4f (.text:xdc_runtime_Core_assignLabel__I)
                  00004c78    00000033                                 : Text.oem4f (.text:xdc_runtime_Text_printVisFxn__I)
                  00004cab    00000005     --HOLE-- [fill = 0]
                  00004cb0    00000032     sysbios.aem4f : BIOS.obj (.text:ti_sysbios_hal_Hwi_initStack)
                  00004ce2    00000002     --HOLE-- [fill = 0]
                  00004ce4    00000030     empty_pem4f.oem4f (.text:ti_sysbios_BIOS_atExitFunc__I)
                  00004d14    00000004     --HOLE-- [fill = 0]
                  00004d18    00000030     sysbios.aem4f : BIOS.obj (.text:ti_sysbios_family_arm_lm4_Timer_stop__E)
                  00004d48    00000030                   : BIOS.obj (.text:ti_sysbios_family_arm_m3_TaskSupport_start__E)
                  00004d78    00000030     empty_pem4f.oem4f (.text:ti_sysbios_gates_GateHwi_Object__create__S)
                  00004da8    00000030     empty_pem4f.oem4f (.text:ti_sysbios_gates_GateMutex_Object__create__S)
                  00004dd8    00000030     empty_pem4f.oem4f (.text:ti_sysbios_heaps_HeapMem_Object__create__S)
                  00004e08    00000030     empty_pem4f.oem4f (.text:ti_sysbios_knl_Semaphore_construct)
                  00004e38    00000030     sysbios.aem4f : BIOS.obj (.text:ti_sysbios_knl_Semaphore_pendTimeout__I)
                  00004e68    00000030                   : BIOS.obj (.text:ti_sysbios_knl_Task_unblockI__E)
                  00004e98    00000030     ti.targets.arm.rtsarm.aem4f : SysMin.oem4f (.text:xdc_runtime_SysMin_abort__E)
                  00004ec8    00000030                                 : System.oem4f (.text:xdc_runtime_System_processAtExit__E)
                  00004ef8    0000002c     empty_pem4f.oem4f (.text:ti_sysbios_knl_Clock_doTick__I)
                  00004f24    0000002c     empty_pem4f.oem4f (.text:ti_sysbios_knl_Queue_construct)
                  00004f50    0000002c     sysbios.aem4f : BIOS.obj (.text:ti_sysbios_knl_Task_restore__E)
                  00004f7c    0000002c     ti.targets.arm.rtsarm.aem4f : Text.oem4f (.text:xdc_runtime_Text_cordText__E)
                  00004fa8    0000002a     driverlib.lib : gpio.obj (.text:GPIODirModeSet)
                  00004fd2    0000002a     ti.targets.arm.rtsarm.aem4f : System.oem4f (.text:xdc_runtime_System_putchar__I)
                  00004ffc    00000004     --HOLE-- [fill = 0]
                  00005000    00000028     sysbios.aem4f : BIOS.obj (.text:ti_sysbios_knl_Swi_Module_startup__E)
                  00005028    00000026                   : m3_Hwi_asm.obj (.text:ti_sysbios_family_arm_m3_Hwi_pendSV__I)
                  0000504e    00000026     ti.targets.arm.rtsarm.aem4f : System.oem4f (.text:xdc_runtime_System_avprintf__E)
                  00005074    00000024     empty_pem4f.oem4f (.text:ti_sysbios_BIOS_errorRaiseHook__I)
                  00005098    00000024     empty_pem4f.oem4f (.text:ti_sysbios_BIOS_registerRTSLock__I)
                  000050bc    00000024     empty_pem4f.oem4f (.text:ti_sysbios_BIOS_removeRTSLock__I)
                  000050e0    00000024     empty_pem4f.oem4f (.text:ti_sysbios_BIOS_startFunc__I)
                  00005104    00000024     empty_pem4f.oem4f (.text:ti_sysbios_gates_GateMutex_Object__delete__S)
                  00005128    00000024     sysbios.aem4f : BIOS.obj (.text:ti_sysbios_knl_Clock_Module_startup__E)
                  0000514c    00000004     --HOLE-- [fill = 0]
                  00005150    00000024                   : BIOS.obj (.text:ti_sysbios_knl_Task_restoreHwi__E)
                  00005174    00000024     ti.targets.arm.rtsarm.aem4f : System.oem4f (.text:xdc_runtime_System_vprintf__E)
                  00005198    00000022     sysbios.aem4f : BIOS.obj (.text:ti_sysbios_family_arm_lm4_Timer_write__I)
                  000051ba    00000022     empty_pem4f.oem4f (.text:xdc_runtime_SysMin_output__I)
                  000051dc    00000020     Boot.aem4f : Boot_sysctl.oem4f (.text:_SysCtlMemTimingGet)
                  000051fc    00000020     empty_pem4f.oem4f (.text:ti_sysbios_BIOS_rtsLock__I)
                  0000521c    00000020     sysbios.aem4f : m3_Hwi_asm.obj (.text:ti_sysbios_family_arm_m3_Hwi_excHandlerAsm__I)
                  0000523c    00000004     --HOLE-- [fill = 0]
                  00005240    00000020                   : BIOS.obj (.text:ti_sysbios_family_arm_m3_Hwi_excHandler__I)
                  00005260    00000020     empty_pem4f.oem4f (.text:ti_sysbios_gates_GateHwi_Object__delete__S)
                  00005280    00000020     empty_pem4f.oem4f (.text:ti_sysbios_heaps_HeapMem_Object__delete__S)
                  000052a0    00000020     sysbios.aem4f : BIOS.obj (.text:ti_sysbios_knl_Idle_run__E)
                  000052c0    00000020     empty_pem4f.oem4f (.text:ti_sysbios_knl_Semaphore_Object__destruct__S)
                  000052e0    00000020     ti.targets.arm.rtsarm.aem4f : Registry.oem4f (.text:xdc_runtime_Registry_findById__E)
                  00005300    00000020                                 : SysMin.oem4f (.text:xdc_runtime_SysMin_Module_startup__E)
                  00005320    0000001e     sysbios.aem4f : m3_Hwi_asm_switch.obj (.text:ti_sysbios_family_xxx_Hwi_switchAndRunFunc)
                  0000533e    0000001c     drivers_tivaware.aem4f : GPIOTiva.oem4f (.text:getGpioIntIndex)
                  0000535a    00000006     driverlib.lib : gpio.obj (.text:GPIOIntClear)
                  00005360    0000001c     sysbios.aem4f : BIOS.obj (.text:ti_sysbios_gates_GateMutex_Instance_init__E)
                  0000537c    0000001c     empty_pem4f.oem4f (.text:ti_sysbios_knl_Queue_Object__destruct__S)
                  00005398    0000001c     sysbios.aem4f : BIOS.obj (.text:ti_sysbios_knl_Task_enter__I)
                  000053b4    0000001c     ti.targets.arm.rtsarm.aem4f : Error.oem4f (.text:xdc_runtime_Error_raiseX__E)
                  000053d0    0000001c                                 : Memory.oem4f (.text:xdc_runtime_Memory_valloc__E)
                  000053ec    0000001c                                 : SysMin.oem4f (.text:xdc_runtime_SysMin_exit__E)
                  00005408    0000001c                                 : System.oem4f (.text:xdc_runtime_System_abort__E)
                  00005424    0000001a     empty_pem4f.oem4f (.text:ti_sysbios_family_arm_m3_Hwi_Handle__label__S)
                  0000543e    0000001a     empty_pem4f.oem4f (.text:ti_sysbios_gates_GateHwi_Handle__label__S)
                  00005458    0000001a     empty_pem4f.oem4f (.text:ti_sysbios_gates_GateMutex_Handle__label__S)
                  00005472    0000001a     empty_pem4f.oem4f (.text:ti_sysbios_heaps_HeapMem_Handle__label__S)
                  0000548c    0000001a     empty_pem4f.oem4f (.text:ti_sysbios_knl_Swi_Handle__label__S)
                  000054a6    0000001a     empty_pem4f.oem4f (.text:ti_sysbios_knl_Task_Handle__label__S)
                  000054c0    0000001a     empty_pem4f.oem4f (.text:xdc_runtime_System_aprintf__E)
                  000054da    0000001a     empty_pem4f.oem4f (.text:xdc_runtime_System_printf__E)
                  000054f4    00000018     rtsv7M4_T_le_v4SPD16_eabi.lib : args_main.obj (.text)
                  0000550c    00000018     empty_pem4f.oem4f (.text:ti_sysbios_BIOS_rtsUnlock__I)
                  00005524    00000018     empty_pem4f.oem4f (.text:ti_sysbios_family_arm_lm4_Timer_Module__startupDone__F)
                  0000553c    00000018     empty_pem4f.oem4f (.text:ti_sysbios_family_arm_m3_Hwi_Module__startupDone__F)
                  00005554    00000018     sysbios.aem4f : m3_TaskSupport_asm.obj (.text:ti_sysbios_family_arm_m3_TaskSupport_swap__E)
                  0000556c    00000004     --HOLE-- [fill = 0]
                  00005570    00000018                   : BIOS.obj (.text:ti_sysbios_gates_GateMutex_leave__E)
                  00005588    00000018                   : BIOS.obj (.text:ti_sysbios_knl_Task_sleepTimeout__I)
                  000055a0    00000018     ti.targets.arm.rtsarm.aem4f : Error.oem4f (.text:xdc_runtime_Error_check__E)
                  000055b8    00000018                                 : System.oem4f (.text:xdc_runtime_System_exit__E)
                  000055d0    00000018                                 : Text.oem4f (.text:xdc_runtime_Text_ropeText__E)
                  000055e8    00000016     empty_pem4f.oem4f (.text:ti_sysbios_BIOS_exitFunc__I)
                  000055fe    00000016     empty.obj (.text:ti_sysbios_knl_Task_Params_init)
                  00005614    00000014     empty.obj (.text:heartBeatFxn)
                  00005628    00000014     rtsv7M4_T_le_v4SPD16_eabi.lib : _lock.obj (.text)
                  0000563c    00000014                                   : strcpy.obj (.text)
                  00005650    00000014                                   : strlen.obj (.text)
                  00005664    00000014     empty_pem4f.oem4f (.text:ti_sysbios_family_arm_m3_Hwi_Object__get__S)
                  00005678    00000014     sysbios.aem4f : BIOS.obj (.text:ti_sysbios_family_arm_m3_Hwi_switchFromBootStack__E)
                  0000568c    00000014     empty_pem4f.oem4f (.text:ti_sysbios_heaps_HeapMem_Object__get__S)
                  000056a0    00000014     empty_pem4f.oem4f (.text:ti_sysbios_knl_Swi_Object__get__S)
                  000056b4    00000004     --HOLE-- [fill = 0]
                  000056b8    00000012     sysbios.aem4f : BIOS.obj (.text:ti_sysbios_hal_Hwi_Module_startup__E)
                  000056ca    00000012     empty_pem4f.oem4f (.text:xdc_runtime_Startup_exec__I)
                  000056dc    00000010     empty_pem4f.oem4f (.text:.bootCodeSection:ti_catalog_arm_cortexm4_tiva_ce_Boot_init__I)
                  000056ec    00000004     --HOLE-- [fill = 0]
                  000056f0    00000010     sysbios.aem4f : BIOS.obj (.text:ti_sysbios_BIOS_setThreadType__E)
                  00005700    00000010                   : BIOS.obj (.text:ti_sysbios_BIOS_start__E)
                  00005710    00000010                   : m3_TaskSupport_asm.obj (.text:ti_sysbios_family_arm_m3_TaskSupport_glue)
                  00005720    00000010                   : BIOS.obj (.text:ti_sysbios_gates_GateMutex_Instance_finalize__E)
                  00005730    00000010                   : BIOS.obj (.text:ti_sysbios_knl_Semaphore_Instance_finalize__E)
                  00005740    00000010                   : BIOS.obj (.text:ti_sysbios_knl_Swi_disable__E)
                  00005750    00000010     empty_pem4f.oem4f (.text:ti_sysbios_knl_Task_Object__get__S)
                  00005760    00000010     sysbios.aem4f : BIOS.obj (.text:ti_sysbios_knl_Task_disable__E)
                  00005770    00000010     ti.targets.arm.rtsarm.aem4f : Gate.oem4f (.text:xdc_runtime_Gate_leaveSystem__E)
                  00005780    00000010                                 : Memory.oem4f (.text:xdc_runtime_Memory_free__E)
                  00005790    00000010                                 : SysMin.oem4f (.text:xdc_runtime_SysMin_ready__E)
                  000057a0    00000010                                 : System.oem4f (.text:xdc_runtime_System_vsnprintf__E)
                  000057b0    00000010     empty_pem4f.oem4f (.text:xdc_runtime_Text_visitRope__I)
                  000057c0    0000000e     driverlib.lib : gpio.obj (.text:GPIOIntStatus)
                  000057ce    0000000e     rtsv7M4_T_le_v4SPD16_eabi.lib : copy_decompress_none.obj (.text:decompress:none)
                  000057dc    00000004     --HOLE-- [fill = 0]
                  000057e0    0000000e     sysbios.aem4f : BIOS.obj (.text:ti_sysbios_knl_Idle_loop__E)
                  000057ee    00000002     --HOLE-- [fill = 0]
                  000057f0    0000000e                   : BIOS.obj (.text:ti_sysbios_knl_Queue_empty__E)
                  000057fe    0000000c     rtsv7M4_T_le_v4SPD16_eabi.lib : copy_zero_init.obj (.text:decompress:ZI)
                  0000580a    00000006     driverlib.lib : gpio.obj (.text:GPIOPinRead)
                  00005810    0000000c     sysbios.aem4f : BIOS.obj (.text:ti_sysbios_family_arm_lm4_Timer_getMaxTicks__E)
                  0000581c    0000000c     empty_pem4f.oem4f (.text:ti_sysbios_family_arm_m3_Hwi_Params__init__S)
                  00005828    0000000c     sysbios.aem4f : BIOS.obj (.text:ti_sysbios_family_arm_m3_Hwi_disableFxn__E)
                  00005834    00000004     --HOLE-- [fill = 0]
                  00005838    0000000c                   : BIOS.obj (.text:ti_sysbios_family_arm_m3_TaskSupport_checkStack__E)
                  00005844    00000004     --HOLE-- [fill = 0]
                  00005848    0000000c                   : BIOS.obj (.text:ti_sysbios_family_arm_m3_TaskSupport_getStackAlignment__E)
                  00005854    00000004     --HOLE-- [fill = 0]
                  00005858    0000000c                   : BIOS.obj (.text:ti_sysbios_gates_GateHwi_enter__E)
                  00005864    0000000c     empty_pem4f.oem4f (.text:ti_sysbios_knl_Queue_Object__get__S)
                  00005870    0000000c     empty_pem4f.oem4f (.text:ti_sysbios_knl_Task_Params__init__S)
                  0000587c    0000000c     ti.targets.arm.rtsarm.aem4f : Error.oem4f (.text:xdc_runtime_Error_init__E)
                  00005888    0000000c                                 : Gate.oem4f (.text:xdc_runtime_Gate_enterSystem__E)
                  00005894    0000000c                                 : Memory.oem4f (.text:xdc_runtime_Memory_calloc__E)
                  000058a0    0000000c                                 : Memory.oem4f (.text:xdc_runtime_Memory_getMaxDefaultTypeAlign__E)
                  000058ac    0000000a     empty_pem4f.oem4f (.text:xdc_runtime_IHeap_alloc)
                  000058b6    0000000a     empty_pem4f.oem4f (.text:xdc_runtime_IHeap_free)
                  000058c0    00000008     DK_TM4C129X.obj (.text:DK_TM4C129X_initGPIO)
                  000058c8    00000008     sysbios.aem4f : BIOS.obj (.text:ti_sysbios_family_arm_lm4_Timer_masterDisable__I)
                  000058d0    00000008                   : BIOS.obj (.text:ti_sysbios_family_arm_m3_Hwi_doSwiRestore__I)
                  000058d8    00000008                   : BIOS.obj (.text:ti_sysbios_family_arm_m3_Hwi_startup__E)
                  000058e0    00000006     driverlib.lib : gpio.obj (.text:GPIOPinWrite)
                  000058e6    00000002     --HOLE-- [fill = 0]
                  000058e8    00000006     sysbios.aem4f : BIOS.obj (.text:ti_sysbios_family_arm_m3_Hwi_doTaskRestore__I)
                  000058ee    00000002     --HOLE-- [fill = 0]
                  000058f0    00000006                   : BIOS.obj (.text:ti_sysbios_family_arm_m3_Hwi_restoreFxn__E)
                  000058f6    00000002     --HOLE-- [fill = 0]
                  000058f8    00000006                   : BIOS.obj (.text:ti_sysbios_gates_GateHwi_leave__E)
                  000058fe    00000002     --HOLE-- [fill = 0]
                  00005900    00000006                   : BIOS.obj (.text:ti_sysbios_heaps_HeapMem_isBlocking__E)
                  00005906    00000002     --HOLE-- [fill = 0]
                  00005908    00000006                   : BIOS.obj (.text:ti_sysbios_knl_Queue_Instance_init__E)
                  0000590e    00000002     --HOLE-- [fill = 0]
                  00005910    00000006                   : BIOS.obj (.text:ti_sysbios_knl_Swi_startup__E)
                  00005916    00000006     ti.targets.arm.rtsarm.aem4f : System.oem4f (.text:xdc_runtime_System_Module_startup__E)
                  0000591c    00000004     --HOLE-- [fill = 0]
                  00005920    00000004     sysbios.aem4f : BIOS.obj (.text:ti_sysbios_gates_GateHwi_query__E)
                  00005924    00000004     --HOLE-- [fill = 0]
                  00005928    00000004                   : BIOS.obj (.text:ti_sysbios_gates_GateMutex_query__E)
                  0000592c    00000004     --HOLE-- [fill = 0]
                  00005930    00000004                   : BIOS.obj (.text:ti_sysbios_knl_Task_startup__E)
                  00005934    00000004     --HOLE-- [fill = 0]
                  00005938    00000002                   : BIOS.obj (.text:ti_sysbios_gates_GateHwi_Instance_init__E)
                  0000593a    00000006     --HOLE-- [fill = 0]
                  00005940    00000002                   : BIOS.obj (.text:ti_sysbios_knl_Clock_logTick__E)

.const     0    00005944    0000204e     
                  00005944    00001861     empty_pem4f.oem4f (.const:xdc_runtime_Text_charTab__A)
                  000071a5    00000001     empty_pem4f.oem4f (.const:xdc_runtime_Error_policy__C)
                  000071a6    00000002     empty_pem4f.oem4f (.const:ti_catalog_arm_cortexm4_tiva_ce_Boot_Module__id__C)
                  000071a8    00000120     Boot.aem4f : Boot_sysctl.oem4f (.const:g_pppui32XTALtoVCO)
                  000072c8    000000bc     empty_pem4f.oem4f (.const:xdc_runtime_Text_nodeTab__A)
                  00007384    0000006c     Boot.aem4f : Boot_sysctl.oem4f (.const:g_pui32Xtals)
                  000073f0    00000054     drivers_tivaware.aem4f : GPIOTiva.oem4f (.const:.string)
                  00007444    00000048     empty_pem4f.oem4f (.const:.string)
                  0000748c    00000048     drivers_tivaware.aem4f : GPIOTiva.oem4f (.const:gpioBaseAddresses)
                  000074d4    0000003c     empty_pem4f.oem4f (.const:ti_sysbios_knl_Task_Object__PARAMS__C)
                  00007510    00000030     Boot.aem4f : Boot_sysctl.oem4f (.const:g_sXTALtoMEMTIM)
                  00007540    00000030     empty_pem4f.oem4f (.const:ti_sysbios_family_arm_m3_Hwi_Object__PARAMS__C)
                  00007570    00000028     empty_pem4f.oem4f (.const:ti_sysbios_heaps_HeapMem_Module__FXNS__C)
                  00007598    00000024     empty_pem4f.oem4f (.const:ti_sysbios_gates_GateHwi_Module__FXNS__C)
                  000075bc    00000024     empty_pem4f.oem4f (.const:ti_sysbios_gates_GateMutex_Module__FXNS__C)
                  000075e0    00000024     empty_pem4f.oem4f (.const:ti_sysbios_heaps_HeapMem_Object__PARAMS__C)
                  00007604    00000024     empty_pem4f.oem4f (.const:ti_sysbios_knl_Semaphore_Object__PARAMS__C)
                  00007628    00000020     empty_pem4f.oem4f (.const:ti_sysbios_family_arm_m3_Hwi_Object__DESC__C)
                  00007648    00000020     empty_pem4f.oem4f (.const:ti_sysbios_gates_GateHwi_Object__DESC__C)
                  00007668    00000020     empty_pem4f.oem4f (.const:ti_sysbios_gates_GateMutex_Object__DESC__C)
                  00007688    00000020     empty_pem4f.oem4f (.const:ti_sysbios_heaps_HeapMem_Object__DESC__C)
                  000076a8    00000020     empty_pem4f.oem4f (.const:ti_sysbios_knl_Queue_Object__DESC__C)
                  000076c8    00000020     empty_pem4f.oem4f (.const:ti_sysbios_knl_Semaphore_Object__DESC__C)
                  000076e8    00000020     empty_pem4f.oem4f (.const:ti_sysbios_knl_Task_Object__DESC__C)
                  00007708    00000020     empty_pem4f.oem4f (.const:xdc_runtime_Startup_sfxnTab__A)
                  00007728    00000018     empty_pem4f.oem4f (.const:ti_sysbios_gates_GateHwi_Object__PARAMS__C)
                  00007740    00000018     empty_pem4f.oem4f (.const:ti_sysbios_gates_GateMutex_Object__PARAMS__C)
                  00007758    00000018     empty_pem4f.oem4f (.const:ti_sysbios_knl_Queue_Object__PARAMS__C)
                  00007770    00000014     DK_TM4C129X.obj (.const:GPIOTiva_config)
                  00007784    00000014     empty_pem4f.oem4f (.const:xdc_runtime_Startup_firstFxns__A)
                  00007798    00000010     empty_pem4f.oem4f (.const:xdc_runtime_Startup_sfxnRts__A)
                  000077a8    00000008     Boot.aem4f : Boot_sysctl.oem4f (.const)
                  000077b0    00000008     empty_pem4f.oem4f (.const:ti_sysbios_family_arm_m3_Hwi_excHookFuncs__A)
                  000077b8    00000008     empty_pem4f.oem4f (.const:ti_sysbios_knl_Idle_funcList__C)
                  000077c0    00000008     empty_pem4f.oem4f (.const:xdc_runtime_Startup_firstFxns__C)
                  000077c8    00000008     empty_pem4f.oem4f (.const:xdc_runtime_Startup_lastFxns__C)
                  000077d0    00000004     empty_pem4f.oem4f (.const:ti_catalog_arm_cortexm4_tiva_ce_Boot_A_mustNotUseEnhancedClockMode__C)
                  000077d4    00000004     empty_pem4f.oem4f (.const:ti_catalog_arm_cortexm4_tiva_ce_Boot_Module__diagsEnabled__C)
                  000077d8    00000004     empty_pem4f.oem4f (.const:ti_catalog_arm_cortexm4_tiva_ce_Boot_Module__diagsIncluded__C)
                  000077dc    00000004     empty_pem4f.oem4f (.const:ti_catalog_arm_cortexm4_tiva_ce_Boot_Module__diagsMask__C)
                  000077e0    00000004     empty_pem4f.oem4f (.const:ti_sysbios_family_arm_lm4_Timer_enableFunc__C)
                  000077e4    00000004     empty_pem4f.oem4f (.const:ti_sysbios_family_arm_lm4_Timer_numTimerDevices__C)
                  000077e8    00000004     empty_pem4f.oem4f (.const:ti_sysbios_family_arm_lm4_Timer_startupNeeded__C)
                  000077ec    00000004     empty_pem4f.oem4f (.const:ti_sysbios_family_arm_m3_Hwi_E_NMI__C)
                  000077f0    00000004     empty_pem4f.oem4f (.const:ti_sysbios_family_arm_m3_Hwi_E_alreadyDefined__C)
                  000077f4    00000004     empty_pem4f.oem4f (.const:ti_sysbios_family_arm_m3_Hwi_E_busFault__C)
                  000077f8    00000004     empty_pem4f.oem4f (.const:ti_sysbios_family_arm_m3_Hwi_E_debugMon__C)
                  000077fc    00000004     empty_pem4f.oem4f (.const:ti_sysbios_family_arm_m3_Hwi_E_hardFault__C)
                  00007800    00000004     empty_pem4f.oem4f (.const:ti_sysbios_family_arm_m3_Hwi_E_memFault__C)
                  00007804    00000004     empty_pem4f.oem4f (.const:ti_sysbios_family_arm_m3_Hwi_E_noIsr__C)
                  00007808    00000004     empty_pem4f.oem4f (.const:ti_sysbios_family_arm_m3_Hwi_E_reserved__C)
                  0000780c    00000004     empty_pem4f.oem4f (.const:ti_sysbios_family_arm_m3_Hwi_E_svCall__C)
                  00007810    00000004     empty_pem4f.oem4f (.const:ti_sysbios_family_arm_m3_Hwi_E_usageFault__C)
                  00007814    00000004     empty_pem4f.oem4f (.const:ti_sysbios_family_arm_m3_Hwi_NUM_INTERRUPTS__C)
                  00007818    00000004     empty_pem4f.oem4f (.const:ti_sysbios_family_arm_m3_Hwi_Object__count__C)
                  0000781c    00000004     empty_pem4f.oem4f (.const:ti_sysbios_family_arm_m3_Hwi_ccr__C)
                  00007820    00000004     empty_pem4f.oem4f (.const:ti_sysbios_family_arm_m3_Hwi_excHandlerFunc__C)
                  00007824    00000004     empty_pem4f.oem4f (.const:ti_sysbios_family_arm_m3_Hwi_excHookFuncs__C)
                  00007828    00000004     empty_pem4f.oem4f (.const:ti_sysbios_family_arm_m3_Hwi_nullIsrFunc__C)
                  0000782c    00000004     empty_pem4f.oem4f (.const:ti_sysbios_family_arm_m3_Hwi_priGroup__C)
                  00007830    00000004     empty_pem4f.oem4f (.const:ti_sysbios_family_arm_m3_TaskSupport_stackAlignment__C)
                  00007834    00000004     empty_pem4f.oem4f (.const:ti_sysbios_gates_GateMutex_A_badContext__C)
                  00007838    00000004     empty_pem4f.oem4f (.const:ti_sysbios_gates_GateMutex_Instance_State_sem__O)
                  0000783c    00000004     empty_pem4f.oem4f (.const:ti_sysbios_gates_GateMutex_Module__diagsEnabled__C)
                  00007840    00000004     empty_pem4f.oem4f (.const:ti_sysbios_gates_GateMutex_Module__diagsIncluded__C)
                  00007844    00000004     empty_pem4f.oem4f (.const:ti_sysbios_gates_GateMutex_Module__diagsMask__C)
                  00007848    00000004     empty_pem4f.oem4f (.const:ti_sysbios_hal_Hwi_E_stackOverflow__C)
                  0000784c    00000004     empty_pem4f.oem4f (.const:ti_sysbios_heaps_HeapMem_A_align__C)
                  00007850    00000004     empty_pem4f.oem4f (.const:ti_sysbios_heaps_HeapMem_A_heapSize__C)
                  00007854    00000004     empty_pem4f.oem4f (.const:ti_sysbios_heaps_HeapMem_A_invalidFree__C)
                  00007858    00000004     empty_pem4f.oem4f (.const:ti_sysbios_heaps_HeapMem_A_zeroBlock__C)
                  0000785c    00000004     empty_pem4f.oem4f (.const:ti_sysbios_heaps_HeapMem_E_memory__C)
                  00007860    00000004     empty_pem4f.oem4f (.const:ti_sysbios_heaps_HeapMem_Module__diagsEnabled__C)
                  00007864    00000004     empty_pem4f.oem4f (.const:ti_sysbios_heaps_HeapMem_Module__diagsIncluded__C)
                  00007868    00000004     empty_pem4f.oem4f (.const:ti_sysbios_heaps_HeapMem_Module__diagsMask__C)
                  0000786c    00000004     empty_pem4f.oem4f (.const:ti_sysbios_heaps_HeapMem_Module__gateObj__C)
                  00007870    00000004     empty_pem4f.oem4f (.const:ti_sysbios_heaps_HeapMem_Object__count__C)
                  00007874    00000004     empty_pem4f.oem4f (.const:ti_sysbios_heaps_HeapMem_reqAlign__C)
                  00007878    00000004     empty_pem4f.oem4f (.const:ti_sysbios_knl_Clock_Module_State_clockQ__O)
                  0000787c    00000004     empty_pem4f.oem4f (.const:ti_sysbios_knl_Idle_funcList__A)
                  00007880    00000004     empty_pem4f.oem4f (.const:ti_sysbios_knl_Semaphore_A_badContext__C)
                  00007884    00000004     empty_pem4f.oem4f (.const:ti_sysbios_knl_Semaphore_A_noEvents__C)
                  00007888    00000004     empty_pem4f.oem4f (.const:ti_sysbios_knl_Semaphore_A_overflow__C)
                  0000788c    00000004     empty_pem4f.oem4f (.const:ti_sysbios_knl_Semaphore_A_pendTaskDisabled__C)
                  00007890    00000004     empty_pem4f.oem4f (.const:ti_sysbios_knl_Semaphore_Instance_State_pendQ__O)
                  00007894    00000004     empty_pem4f.oem4f (.const:ti_sysbios_knl_Semaphore_Module__diagsEnabled__C)
                  00007898    00000004     empty_pem4f.oem4f (.const:ti_sysbios_knl_Semaphore_Module__diagsIncluded__C)
                  0000789c    00000004     empty_pem4f.oem4f (.const:ti_sysbios_knl_Semaphore_Module__diagsMask__C)
                  000078a0    00000004     empty_pem4f.oem4f (.const:ti_sysbios_knl_Swi_Object__count__C)
                  000078a4    00000004     empty_pem4f.oem4f (.const:ti_sysbios_knl_Task_A_badPriority__C)
                  000078a8    00000004     empty_pem4f.oem4f (.const:ti_sysbios_knl_Task_A_badTaskState__C)
                  000078ac    00000004     empty_pem4f.oem4f (.const:ti_sysbios_knl_Task_A_badThreadType__C)
                  000078b0    00000004     empty_pem4f.oem4f (.const:ti_sysbios_knl_Task_A_badTimeout__C)
                  000078b4    00000004     empty_pem4f.oem4f (.const:ti_sysbios_knl_Task_A_noPendElem__C)
                  000078b8    00000004     empty_pem4f.oem4f (.const:ti_sysbios_knl_Task_A_sleepTaskDisabled__C)
                  000078bc    00000004     empty_pem4f.oem4f (.const:ti_sysbios_knl_Task_E_spOutOfBounds__C)
                  000078c0    00000004     empty_pem4f.oem4f (.const:ti_sysbios_knl_Task_E_stackOverflow__C)
                  000078c4    00000004     empty_pem4f.oem4f (.const:ti_sysbios_knl_Task_Module_State_inactiveQ__O)
                  000078c8    00000004     empty_pem4f.oem4f (.const:ti_sysbios_knl_Task_Module__diagsEnabled__C)
                  000078cc    00000004     empty_pem4f.oem4f (.const:ti_sysbios_knl_Task_Module__diagsIncluded__C)
                  000078d0    00000004     empty_pem4f.oem4f (.const:ti_sysbios_knl_Task_Module__diagsMask__C)
                  000078d4    00000004     empty_pem4f.oem4f (.const:ti_sysbios_knl_Task_Object__count__C)
                  000078d8    00000004     empty_pem4f.oem4f (.const:ti_sysbios_knl_Task_allBlockedFunc__C)
                  000078dc    00000004     empty_pem4f.oem4f (.const:ti_sysbios_knl_Task_defaultStackHeap__C)
                  000078e0    00000004     empty_pem4f.oem4f (.const:ti_sysbios_knl_Task_defaultStackSize__C)
                  000078e4    00000004     empty_pem4f.oem4f (.const:ti_sysbios_knl_Task_numConstructedTasks__C)
                  000078e8    00000004     empty_pem4f.oem4f (.const:xdc_runtime_Assert_E_assertFailed__C)
                  000078ec    00000004     empty_pem4f.oem4f (.const:xdc_runtime_Core_A_initializedParams__C)
                  000078f0    00000004     empty_pem4f.oem4f (.const:xdc_runtime_Core_Module__diagsEnabled__C)
                  000078f4    00000004     empty_pem4f.oem4f (.const:xdc_runtime_Core_Module__diagsIncluded__C)
                  000078f8    00000004     empty_pem4f.oem4f (.const:xdc_runtime_Core_Module__diagsMask__C)
                  000078fc    00000004     empty_pem4f.oem4f (.const:xdc_runtime_Error_E_memory__C)
                  00007900    00000004     empty_pem4f.oem4f (.const:xdc_runtime_Error_Module__diagsEnabled__C)
                  00007904    00000004     empty_pem4f.oem4f (.const:xdc_runtime_Error_Module__diagsIncluded__C)
                  00007908    00000004     empty_pem4f.oem4f (.const:xdc_runtime_Error_Module__diagsMask__C)
                  0000790c    00000004     empty_pem4f.oem4f (.const:xdc_runtime_Error_Module__loggerFxn8__C)
                  00007910    00000004     empty_pem4f.oem4f (.const:xdc_runtime_Error_Module__loggerObj__C)
                  00007914    00000004     empty_pem4f.oem4f (.const:xdc_runtime_Error_policyFxn__C)
                  00007918    00000004     empty_pem4f.oem4f (.const:xdc_runtime_Error_raiseHook__C)
                  0000791c    00000004     empty_pem4f.oem4f (.const:xdc_runtime_IGateProvider_Interface__BASE__C)
                  00007920    00000004     empty_pem4f.oem4f (.const:xdc_runtime_IHeap_Interface__BASE__C)
                  00007924    00000004     empty_pem4f.oem4f (.const:xdc_runtime_IModule_Interface__BASE__C)
                  00007928    00000004     empty_pem4f.oem4f (.const:xdc_runtime_Log_L_error__C)
                  0000792c    00000004     empty_pem4f.oem4f (.const:xdc_runtime_Memory_defaultHeapInstance__C)
                  00007930    00000004     empty_pem4f.oem4f (.const:xdc_runtime_Startup_execImpl__C)
                  00007934    00000004     empty_pem4f.oem4f (.const:xdc_runtime_Startup_maxPasses__C)
                  00007938    00000004     empty_pem4f.oem4f (.const:xdc_runtime_Startup_sfxnRts__C)
                  0000793c    00000004     empty_pem4f.oem4f (.const:xdc_runtime_Startup_sfxnTab__C)
                  00007940    00000004     empty_pem4f.oem4f (.const:xdc_runtime_SysMin_bufSize__C)
                  00007944    00000004     empty_pem4f.oem4f (.const:xdc_runtime_SysMin_outputFunc__C)
                  00007948    00000004     empty_pem4f.oem4f (.const:xdc_runtime_System_Module__gateObj__C)
                  0000794c    00000004     empty_pem4f.oem4f (.const:xdc_runtime_System_abortFxn__C)
                  00007950    00000004     empty_pem4f.oem4f (.const:xdc_runtime_System_exitFxn__C)
                  00007954    00000004     empty_pem4f.oem4f (.const:xdc_runtime_System_extendFxn__C)
                  00007958    00000004     empty_pem4f.oem4f (.const:xdc_runtime_System_maxAtexitHandlers__C)
                  0000795c    00000004     empty_pem4f.oem4f (.const:xdc_runtime_Text_charTab__C)
                  00007960    00000004     empty_pem4f.oem4f (.const:xdc_runtime_Text_nameEmpty__C)
                  00007964    00000004     empty_pem4f.oem4f (.const:xdc_runtime_Text_nameStatic__C)
                  00007968    00000004     empty_pem4f.oem4f (.const:xdc_runtime_Text_nameUnknown__C)
                  0000796c    00000004     empty_pem4f.oem4f (.const:xdc_runtime_Text_nodeTab__C)
                  00007970    00000004     empty_pem4f.oem4f (.const:xdc_runtime_Text_visitRopeFxn__C)
                  00007974    00000002     empty_pem4f.oem4f (.const:ti_sysbios_family_arm_m3_Hwi_Module__id__C)
                  00007976    00000002     empty_pem4f.oem4f (.const:ti_sysbios_gates_GateMutex_Module__id__C)
                  00007978    00000002     empty_pem4f.oem4f (.const:ti_sysbios_hal_Hwi_Module__id__C)
                  0000797a    00000002     empty_pem4f.oem4f (.const:ti_sysbios_heaps_HeapMem_Module__id__C)
                  0000797c    00000002     empty_pem4f.oem4f (.const:ti_sysbios_knl_Semaphore_Module__id__C)
                  0000797e    00000002     empty_pem4f.oem4f (.const:ti_sysbios_knl_Task_Module__id__C)
                  00007980    00000002     empty_pem4f.oem4f (.const:xdc_runtime_Core_Module__id__C)
                  00007982    00000002     empty_pem4f.oem4f (.const:xdc_runtime_Error_Module__loggerDefined__C)
                  00007984    00000002     empty_pem4f.oem4f (.const:xdc_runtime_Error_maxDepth__C)
                  00007986    00000002     empty_pem4f.oem4f (.const:xdc_runtime_Memory_Module__id__C)
                  00007988    00000002     empty_pem4f.oem4f (.const:xdc_runtime_SysMin_flushAtExit__C)
                  0000798a    00000002     empty_pem4f.oem4f (.const:xdc_runtime_Text_charCnt__C)
                  0000798c    00000002     empty_pem4f.oem4f (.const:xdc_runtime_Text_isLoaded__C)
                  0000798e    00000002     empty_pem4f.oem4f (.const:xdc_runtime_Text_registryModsLastId__C)
                  00007990    00000002     empty_pem4f.oem4f (.const:xdc_runtime_Text_unnamedModsLastId__C)

.cinit     0    00007998    00000148     
                  00007998    00000110     (.cinit..data.load) [load image, compression = lzss]
                  00007aa8    0000000c     (__TI_handler_table)
                  00007ab4    00000004     --HOLE-- [fill = 0]
                  00007ab8    00000008     (.cinit..bss.load) [load image, compression = zero_init]
                  00007ac0    00000008     (.cinit..vecs.load) [load image, compression = zero_init]
                  00007ac8    00000018     (__TI_cinit_table)

.init_array 
*          0    00000000    00000000     UNINITIALIZED

.resetVecs 
*          0    00000000    0000003c     
                  00000000    0000003c     empty_pem4f.oem4f (.resetVecs)

.vecs      0    20000000    00000360     UNINITIALIZED
                  20000000    00000360     empty_pem4f.oem4f (.vecs)

.bss       0    20000360    00000dec     UNINITIALIZED
                  20000360    00000400     (.common:ti_sysbios_heaps_HeapMem_Instance_State_0_buf__A)
                  20000760    00000360     (.common:ti_sysbios_family_arm_m3_Hwi_dispatchTable)
                  20000ac0    00000200     empty_pem4f.oem4f (.bss:taskStackSection)
                  20000cc0    00000200     (.common:task0Stack)
                  20000ec0    00000120     rtsv7M4_T_le_v4SPD16_eabi.lib : trgmsg.obj (.bss:_CIOBUF_)
                  20000fe0    00000090     drivers_tivaware.aem4f : GPIOTiva.oem4f (.bss:gpioCallbackInfo)
                  20001070    00000080     (.common:xdc_runtime_SysMin_Module_State_0_outbuf__A)
                  200010f0    00000050     (.common:task0Struct)
                  20001140    00000008     rtsv7M4_T_le_v4SPD16_eabi.lib : trgdrv.obj (.bss:parmbuf)
                  20001148    00000004     (.common:gpioInterruptVectors)

.data      0    2000114c    00000432     UNINITIALIZED
                  2000114c    00000080     empty_pem4f.oem4f (.data:ti_sysbios_knl_Swi_Module_State_0_readyQ__A)
                  200011cc    00000080     empty_pem4f.oem4f (.data:ti_sysbios_knl_Task_Module_State_0_readyQ__A)
                  2000124c    0000004c     empty_pem4f.oem4f (.data:ti_sysbios_knl_Task_Object__table__V)
                  20001298    00000044     empty_pem4f.oem4f (.data:ti_sysbios_knl_Task_Module__state__V)
                  200012dc    00000040     empty_pem4f.oem4f (.data:ti_sysbios_family_arm_lm4_Timer_Module_State_0_device__A)
                  2000131c    00000040     empty_pem4f.oem4f (.data:ti_sysbios_family_arm_lm4_Timer_Object__table__V)
                  2000135c    00000038     empty_pem4f.oem4f (.data:ti_sysbios_gates_GateMutex_Object__table__V)
                  20001394    00000034     empty_pem4f.oem4f (.data:ti_sysbios_family_arm_m3_Hwi_Module__state__V)
                  200013c8    00000030     empty_pem4f.oem4f (.data:ti_sysbios_knl_Swi_Object__table__V)
                  200013f8    0000002c     empty_pem4f.oem4f (.data:ti_sysbios_knl_Clock_Module__state__V)
                  20001424    00000024     empty_pem4f.oem4f (.data:ti_sysbios_BIOS_Module__state__V)
                  20001448    00000020     empty_pem4f.oem4f (.data:ti_sysbios_family_arm_lm4_Timer_Module_State_0_handles__A)
                  20001468    0000001c     empty_pem4f.oem4f (.data:ti_sysbios_knl_Swi_Module__state__V)
                  20001484    00000018     DK_TM4C129X.obj (.data:gpioPinConfigs)
                  2000149c    00000018     empty_pem4f.oem4f (.data:ti_sysbios_family_arm_m3_Hwi_Object__table__V)
                  200014b4    00000018     empty_pem4f.oem4f (.data:ti_sysbios_heaps_HeapMem_Object__table__V)
                  200014cc    0000000c     rtsv7M4_T_le_v4SPD16_eabi.lib : exit.obj (.data:$O1$$)
                  200014d8    0000000c     DK_TM4C129X.obj (.data:gpioCallbackFunctions)
                  200014e4    0000000c     empty_pem4f.oem4f (.data:ti_sysbios_family_arm_lm4_Timer_Module__state__V)
                  200014f0    0000000c     empty_pem4f.oem4f (.data:xdc_runtime_SysMin_Module__state__V)
                  200014fc    00000008     rtsv7M4_T_le_v4SPD16_eabi.lib : _lock.obj (.data:$O1$$)
                  20001504    00000008     empty_pem4f.oem4f (.data:ti_sysbios_family_arm_m3_Hwi_Module__root__V)
                  2000150c    00000008     empty_pem4f.oem4f (.data:ti_sysbios_gates_GateHwi_Module__root__V)
                  20001514    00000008     empty_pem4f.oem4f (.data:ti_sysbios_gates_GateMutex_Module__root__V)
                  2000151c    00000008     empty_pem4f.oem4f (.data:ti_sysbios_heaps_HeapMem_Module__root__V)
                  20001524    00000008     empty_pem4f.oem4f (.data:ti_sysbios_knl_Queue_Module__root__V)
                  2000152c    00000008     empty_pem4f.oem4f (.data:ti_sysbios_knl_Semaphore_Module__root__V)
                  20001534    00000008     empty_pem4f.oem4f (.data:ti_sysbios_knl_Task_Module__root__V)
                  2000153c    00000008     empty_pem4f.oem4f (.data:xdc_runtime_Registry_Module__state__V)
                  20001544    00000008     empty_pem4f.oem4f (.data:xdc_runtime_Startup_Module__state__V)
                  2000154c    00000008     empty_pem4f.oem4f (.data:xdc_runtime_System_Module_State_0_atexitHandlers__A)
                  20001554    00000008     empty_pem4f.oem4f (.data:xdc_runtime_System_Module__state__V)
                  2000155c    00000005     drivers_tivaware.aem4f : GPIOTiva.oem4f (.data)
                  20001561    00000001     --HOLE--
                  20001562    00000002     empty_pem4f.oem4f (.data:ti_sysbios_family_arm_m3_Hwi_Module_State_0_excActive__A)
                  20001564    00000004     rtsv7M4_T_le_v4SPD16_eabi.lib : stkdepth_vars.obj (.data)
                  20001568    00000004     empty_pem4f.oem4f (.data:ti_sysbios_family_arm_m3_Hwi_Module_State_0_excContext__A)
                  2000156c    00000004     empty_pem4f.oem4f (.data:ti_sysbios_family_arm_m3_Hwi_Module_State_0_excStack__A)
                  20001570    00000004     empty_pem4f.oem4f (.data:ti_sysbios_gates_GateHwi_Object__table__V)
                  20001574    00000004     empty_pem4f.oem4f (.data:ti_sysbios_knl_Task_Module_State_0_idleTask__A)
                  20001578    00000004     empty_pem4f.oem4f (.data:xdc_runtime_Memory_Module__state__V)
                  2000157c    00000002     empty_pem4f.oem4f (.data:xdc_runtime_Error_Module__state__V)

.stack     0    20001580    00000300     UNINITIALIZED
                  20001580    00000300     --HOLE--

.bootVecs 
*          0    00000000    00000008     DSECT
                  00000000    00000008     boot.aem4f : boot.oem4f (.bootVecs)

xdc.meta   0    00000000    00000112     COPY SECTION
                  00000000    00000112     empty_pem4f.oem4f (xdc.meta)

MODULE SUMMARY

       Module                     code    ro data   rw data
       ------                     ----    -------   -------
    .\
       empty.obj                  238     0         592    
       DK_TM4C129X.obj            192     20        36     
    +--+--------------------------+-------+---------+---------+
       Total:                     430     20        628    
                                                           
    C:\Users\WadeJensen\Dropbox\01_EN40\YEAR_4_SEM_1\EGH456\Repos\code_composer\empty_example\Debug\configPkg\package\cfg\
       empty_pem4f.oem4f          1658    7702      4400   
    +--+--------------------------+-------+---------+---------+
       Total:                     1658    7702      4400   
                                                           
    C:/ti/tirtos_tivac_2_16_00_08/products/TivaWare_C_Series-2.1.1.71b/driverlib/ccs/Debug/driverlib.lib
       gpio.obj                   464     0         0      
       sysctl.obj                 52      0         0      
    +--+--------------------------+-------+---------+---------+
       Total:                     516     0         0      
                                                           
    C:/ti/tirtos_tivac_2_16_00_08/products/tidrivers_tivac_2_16_00_08/packages/ti/drivers/lib/drivers_tivaware.aem4f
       GPIOTiva.oem4f             844     156       153    
    +--+--------------------------+-------+---------+---------+
       Total:                     844     156       153    
                                                           
    C:\Users\WadeJensen\Dropbox\01_EN40\YEAR_4_SEM_1\EGH456\Repos\code_composer\empty_example\src\sysbios\sysbios.aem4f
       BIOS.obj                   11878   0         0      
       m3_Hwi_asm.obj             314     0         0      
       m3_TaskSupport_asm.obj     180     0         0      
       m3_Hwi_asm_switch.obj      118     0         0      
    +--+--------------------------+-------+---------+---------+
       Total:                     12490   0         0      
                                                           
    C:\ti\ccsv7\tools\compiler\ti-cgt-arm_16.9.1.LTS\lib\rtsv7M4_T_le_v4SPD16_eabi.lib
       trgdrv.obj                 804     0         8      
       trgmsg.obj                 104     0         288    
       memcpy_t2.obj              156     0         0      
       memset_t2.obj              122     0         0      
       copy_decompress_lzss.obj   104     0         0      
       exit.obj                   84      0         12     
       cpy_tbl.obj                76      0         0      
       u_divt2.obj                64      0         0      
       _lock.obj                  20      0         8      
       args_main.obj              24      0         0      
       strcpy.obj                 20      0         0      
       strlen.obj                 20      0         0      
       copy_decompress_none.obj   14      0         0      
       copy_zero_init.obj         12      0         0      
       stkdepth_vars.obj          0       0         4      
       i_div0.obj                 2       0         0      
    +--+--------------------------+-------+---------+---------+
       Total:                     1626    0         320    
                                                           
    C:\ti\tirtos_tivac_2_16_00_08\products\bios_6_45_01_29\packages\ti\catalog\arm\cortexm4\tiva\ce\lib\Boot.aem4f
       Boot_sysctl.oem4f          628     452       0      
       Boot.oem4f                 152     0         0      
    +--+--------------------------+-------+---------+---------+
       Total:                     780     452       0      
                                                           
    C:\ti\tirtos_tivac_2_16_00_08\products\bios_6_45_01_29\packages\ti\targets\arm\rtsarm\lib\auto_init.aem4f
       auto_init.oem4f            160     0         0      
    +--+--------------------------+-------+---------+---------+
       Total:                     160     0         0      
                                                           
    C:\ti\tirtos_tivac_2_16_00_08\products\bios_6_45_01_29\packages\ti\targets\arm\rtsarm\lib\boot.aem4f
       boot.oem4f                 88      0         0      
    +--+--------------------------+-------+---------+---------+
       Total:                     88      0         0      
                                                           
    C:\ti\tirtos_tivac_2_16_00_08\products\bios_6_45_01_29\packages\ti\targets\arm\rtsarm\lib\ti.targets.arm.rtsarm.aem4f
       System.oem4f               1255    0         0      
       Text.oem4f                 672     0         0      
       Error.oem4f                524     0         0      
       Core-mem.oem4f             358     0         0      
       Startup.oem4f              328     0         0      
       SysMin.oem4f               248     0         0      
       Core-smem.oem4f            204     0         0      
       Memory.oem4f               176     0         0      
       Assert.oem4f               84      0         0      
       Core-params.oem4f          70      0         0      
       Core-label.oem4f           52      0         0      
       Registry.oem4f             32      0         0      
       Gate.oem4f                 28      0         0      
    +--+--------------------------+-------+---------+---------+
       Total:                     4031    0         0      
                                                           
       Stack:                     0       0         768    
       Linker Generated:          0       324       0      
    +--+--------------------------+-------+---------+---------+
       Grand Total:               22623   8654      6269   


LINKER GENERATED COPY TABLES

__TI_cinit_table @ 00007ac8 records: 3, size/record: 8, table size: 24
	.data: load addr=00007998, load size=00000110 bytes, run addr=2000114c, run size=00000432 bytes, compression=lzss
	.bss: load addr=00007ab8, load size=00000008 bytes, run addr=20000360, run size=00000dec bytes, compression=zero_init
	.vecs: load addr=00007ac0, load size=00000008 bytes, run addr=20000000, run size=00000360 bytes, compression=zero_init


LINKER GENERATED HANDLER TABLE

__TI_handler_table @ 00007aa8 records: 3, size/record: 4, table size: 12
	index: 0, handler: __TI_decompress_lzss
	index: 1, handler: __TI_decompress_none
	index: 2, handler: __TI_zero_init


GLOBAL SYMBOLS: SORTED ALPHABETICALLY BY Name 

address   name                                                                 
-------   ----                                                                 
00004261  C$$EXIT                                                              
00003c8b  C$$IO$$                                                              
000058c1  DK_TM4C129X_initGPIO                                                 
00002e3d  DK_TM4C129X_initGeneral                                              
00004fa9  GPIODirModeSet                                                       
0000535b  GPIOIntClear                                                         
000057c1  GPIOIntStatus                                                        
00004209  GPIOIntTypeSet                                                       
00002415  GPIOPadConfigSet                                                     
0000580b  GPIOPinRead                                                          
000058e1  GPIOPinWrite                                                         
00007770  GPIOTiva_config                                                      
00003d2d  GPIO_hwiIntFxn                                                       
00003745  GPIO_init                                                            
0000435d  GPIO_setCallback                                                     
00001f05  GPIO_setConfig                                                       
000043ad  GPIO_toggle                                                          
000043fd  GPIO_write                                                           
00000a97  HOSTclock                                                            
00000a5f  HOSTclose                                                            
00000a21  HOSTgetenv                                                           
000009c5  HOSTlseek                                                            
00000973  HOSTopen                                                             
00000927  HOSTread                                                             
000008c9  HOSTrename                                                           
0000088f  HOSTtime                                                             
00000841  HOSTtime64                                                           
00000809  HOSTunlink                                                           
000007bd  HOSTwrite                                                            
UNDEFED   SHT$$INIT_ARRAY$$Base                                                
UNDEFED   SHT$$INIT_ARRAY$$Limit                                               
00004b69  SysCtlPeripheralEnable                                               
00000000  __ASM__                                                              
20000ec0  __CIOBUF_                                                            
00000090  __ISA__                                                              
000000a3  __PLAT__                                                             
20001880  __STACK_END                                                          
00000300  __STACK_SIZE                                                         
000000c4  __TARG__                                                             
00007ac8  __TI_CINIT_Base                                                      
00007ae0  __TI_CINIT_Limit                                                     
00007aa8  __TI_Handler_Table_Base                                              
00007ab4  __TI_Handler_Table_Limit                                             
00003269  __TI_auto_init                                                       
200014cc  __TI_cleanup_ptr                                                     
00003bf5  __TI_decompress_lzss                                                 
000057cf  __TI_decompress_none                                                 
200014d0  __TI_dtors_ptr                                                       
200014d4  __TI_enable_exit_profile_output                                      
ffffffff  __TI_pprof_out_hndl                                                  
ffffffff  __TI_prof_data_size                                                  
ffffffff  __TI_prof_data_start                                                 
00003c8f  __TI_readmsg                                                         
00007998  __TI_static_base__                                                   
00003c5d  __TI_writemsg                                                        
000057ff  __TI_zero_init                                                       
000000ea  __TRDR__                                                             
0000357f  __aeabi_idiv0                                                        
000038e5  __aeabi_memclr                                                       
000038e5  __aeabi_memclr4                                                      
000038e5  __aeabi_memclr8                                                      
000033a9  __aeabi_memcpy                                                       
000033a9  __aeabi_memcpy4                                                      
000033a9  __aeabi_memcpy8                                                      
000038e7  __aeabi_memset                                                       
000038e7  __aeabi_memset4                                                      
000038e7  __aeabi_memset8                                                      
00004949  __aeabi_uidiv                                                        
00004949  __aeabi_uidivmod                                                     
ffffffff  __binit__                                                            
ffffffff  __c_args__                                                           
20001580  __stack                                                              
000054f5  _args_main                                                           
00004159  _c_int00                                                             
200014fc  _lock                                                                
00005637  _nop                                                                 
0000562f  _register_lock                                                       
00005629  _register_unlock                                                     
20001500  _unlock                                                              
00004265  abort                                                                
ffffffff  binit                                                                
00004591  copy_in                                                              
0000426d  exit                                                                 
200014d8  gpioCallbackFunctions                                                
20001484  gpioPinConfigs                                                       
00005615  heartBeatFxn                                                         
00002bf9  main                                                                 
20001564  main_func_sp                                                         
000033a9  memcpy                                                               
000038ed  memset                                                               
00005761  osi_TaskDisable                                                      
00005701  osi_start                                                            
0000563d  strcpy                                                               
00005651  strlen                                                               
20000cc0  task0Stack                                                           
200010f0  task0Struct                                                          
000077d0  ti_catalog_arm_cortexm4_tiva_ce_Boot_A_mustNotUseEnhancedClockMode__C
000077d4  ti_catalog_arm_cortexm4_tiva_ce_Boot_Module__diagsEnabled__C         
000077d8  ti_catalog_arm_cortexm4_tiva_ce_Boot_Module__diagsIncluded__C        
000077dc  ti_catalog_arm_cortexm4_tiva_ce_Boot_Module__diagsMask__C            
000071a6  ti_catalog_arm_cortexm4_tiva_ce_Boot_Module__id__C                   
000056dd  ti_catalog_arm_cortexm4_tiva_ce_Boot_init__I                         
0000146d  ti_catalog_arm_cortexm4_tiva_ce_Boot_sysCtlClockFreqSetI__I          
00003581  ti_catalog_arm_cortexm4_tiva_ce_Boot_sysCtlClockFreqSet__E           
20001424  ti_sysbios_BIOS_Module__state__V                                     
00005459  ti_sysbios_BIOS_RtsGateProxy_Handle__label__S                        
00005105  ti_sysbios_BIOS_RtsGateProxy_Object__delete__S                       
0000186d  ti_sysbios_BIOS_RtsGateProxy_enter__E                                
00001a5d  ti_sysbios_BIOS_RtsGateProxy_leave__E                                
00005929  ti_sysbios_BIOS_RtsGateProxy_query__E                                
00004ce5  ti_sysbios_BIOS_atExitFunc__I                                        
00005075  ti_sysbios_BIOS_errorRaiseHook__I                                    
000055e9  ti_sysbios_BIOS_exitFunc__I                                          
0000395f  ti_sysbios_BIOS_nullFunc__I                                          
00005099  ti_sysbios_BIOS_registerRTSLock__I                                   
000050bd  ti_sysbios_BIOS_removeRTSLock__I                                     
000051fd  ti_sysbios_BIOS_rtsLock__I                                           
0000550d  ti_sysbios_BIOS_rtsUnlock__I                                         
000056f1  ti_sysbios_BIOS_setThreadType__E                                     
000050e1  ti_sysbios_BIOS_startFunc__I                                         
00005701  ti_sysbios_BIOS_start__E                                             
200012dc  ti_sysbios_family_arm_lm4_Timer_Module_State_0_device__A             
20001448  ti_sysbios_family_arm_lm4_Timer_Module_State_0_handles__A            
00005525  ti_sysbios_family_arm_lm4_Timer_Module__startupDone__F               
00005525  ti_sysbios_family_arm_lm4_Timer_Module__startupDone__S               
200014e4  ti_sysbios_family_arm_lm4_Timer_Module__state__V                     
00003d91  ti_sysbios_family_arm_lm4_Timer_Module_startup__E                    
2000131c  ti_sysbios_family_arm_lm4_Timer_Object__table__V                     
000077e0  ti_sysbios_family_arm_lm4_Timer_enableFunc__C                        
00003119  ti_sysbios_family_arm_lm4_Timer_enableTimers__I                      
00003069  ti_sysbios_family_arm_lm4_Timer_enableTiva__I                        
00005811  ti_sysbios_family_arm_lm4_Timer_getMaxTicks__E                       
00003ec1  ti_sysbios_family_arm_lm4_Timer_isrStub__E                           
000058c9  ti_sysbios_family_arm_lm4_Timer_masterDisable__I                     
00001d9d  ti_sysbios_family_arm_lm4_Timer_masterEnable__I                      
000077e4  ti_sysbios_family_arm_lm4_Timer_numTimerDevices__C                   
000022e1  ti_sysbios_family_arm_lm4_Timer_start__E                             
000077e8  ti_sysbios_family_arm_lm4_Timer_startupNeeded__C                     
00004989  ti_sysbios_family_arm_lm4_Timer_startup__E                           
00004d19  ti_sysbios_family_arm_lm4_Timer_stop__E                              
00005199  ti_sysbios_family_arm_lm4_Timer_write__I                             
000077ec  ti_sysbios_family_arm_m3_Hwi_E_NMI__C                                
000077f0  ti_sysbios_family_arm_m3_Hwi_E_alreadyDefined__C                     
000077f4  ti_sysbios_family_arm_m3_Hwi_E_busFault__C                           
000077f8  ti_sysbios_family_arm_m3_Hwi_E_debugMon__C                           
000077fc  ti_sysbios_family_arm_m3_Hwi_E_hardFault__C                          
00007800  ti_sysbios_family_arm_m3_Hwi_E_memFault__C                           
00007804  ti_sysbios_family_arm_m3_Hwi_E_noIsr__C                              
00007808  ti_sysbios_family_arm_m3_Hwi_E_reserved__C                           
0000780c  ti_sysbios_family_arm_m3_Hwi_E_svCall__C                             
00007810  ti_sysbios_family_arm_m3_Hwi_E_usageFault__C                         
00005425  ti_sysbios_family_arm_m3_Hwi_Handle__label__S                        
00004ba1  ti_sysbios_family_arm_m3_Hwi_Instance_finalize__E                    
00003619  ti_sysbios_family_arm_m3_Hwi_Instance_init__E                        
20001562  ti_sysbios_family_arm_m3_Hwi_Module_State_0_excActive__A             
20001568  ti_sysbios_family_arm_m3_Hwi_Module_State_0_excContext__A            
2000156c  ti_sysbios_family_arm_m3_Hwi_Module_State_0_excStack__A              
00007974  ti_sysbios_family_arm_m3_Hwi_Module__id__C                           
20001504  ti_sysbios_family_arm_m3_Hwi_Module__root__V                         
0000553d  ti_sysbios_family_arm_m3_Hwi_Module__startupDone__F                  
0000553d  ti_sysbios_family_arm_m3_Hwi_Module__startupDone__S                  
20001394  ti_sysbios_family_arm_m3_Hwi_Module__state__V                        
000044a1  ti_sysbios_family_arm_m3_Hwi_Module_startup__E                       
00007814  ti_sysbios_family_arm_m3_Hwi_NUM_INTERRUPTS__C                       
00007628  ti_sysbios_family_arm_m3_Hwi_Object__DESC__C                         
00007540  ti_sysbios_family_arm_m3_Hwi_Object__PARAMS__C                       
00007818  ti_sysbios_family_arm_m3_Hwi_Object__count__C                        
00005665  ti_sysbios_family_arm_m3_Hwi_Object__get__S                          
2000149c  ti_sysbios_family_arm_m3_Hwi_Object__table__V                        
0000581d  ti_sysbios_family_arm_m3_Hwi_Params__init__S                         
0000781c  ti_sysbios_family_arm_m3_Hwi_ccr__C                                  
00003df5  ti_sysbios_family_arm_m3_Hwi_create                                  
00005829  ti_sysbios_family_arm_m3_Hwi_disableFxn__E                           
000046d1  ti_sysbios_family_arm_m3_Hwi_disableInterrupt__E                     
00003e59  ti_sysbios_family_arm_m3_Hwi_dispatchC__I                            
20000760  ti_sysbios_family_arm_m3_Hwi_dispatchTable                           
0000294d  ti_sysbios_family_arm_m3_Hwi_dispatch__I                             
000058d1  ti_sysbios_family_arm_m3_Hwi_doSwiRestore__I                         
000058e9  ti_sysbios_family_arm_m3_Hwi_doTaskRestore__I                        
00004719  ti_sysbios_family_arm_m3_Hwi_enableInterrupt__E                      
00001c29  ti_sysbios_family_arm_m3_Hwi_excBusFault__I                          
00002cc1  ti_sysbios_family_arm_m3_Hwi_excDebugMon__I                          
00000041  ti_sysbios_family_arm_m3_Hwi_excDumpRegs__I                          
0000521d  ti_sysbios_family_arm_m3_Hwi_excHandlerAsm__I                        
00007820  ti_sysbios_family_arm_m3_Hwi_excHandlerFunc__C                       
00001671  ti_sysbios_family_arm_m3_Hwi_excHandlerMax__I                        
00005241  ti_sysbios_family_arm_m3_Hwi_excHandler__I                           
00002d81  ti_sysbios_family_arm_m3_Hwi_excHardFault__I                         
000077b0  ti_sysbios_family_arm_m3_Hwi_excHookFuncs__A                         
00007824  ti_sysbios_family_arm_m3_Hwi_excHookFuncs__C                         
00002059  ti_sysbios_family_arm_m3_Hwi_excMemFault__I                          
00004bd9  ti_sysbios_family_arm_m3_Hwi_excNmi__I                               
00004a89  ti_sysbios_family_arm_m3_Hwi_excNoIsr__I                             
00004761  ti_sysbios_family_arm_m3_Hwi_excReserved__I                          
000049c9  ti_sysbios_family_arm_m3_Hwi_excSvCall__I                            
00001da1  ti_sysbios_family_arm_m3_Hwi_excUsageFault__I                        
000047f1  ti_sysbios_family_arm_m3_Hwi_getStackInfo__E                         
000036b1  ti_sysbios_family_arm_m3_Hwi_initNVIC__E                             
000041b1  ti_sysbios_family_arm_m3_Hwi_initStacks__E                           
00007828  ti_sysbios_family_arm_m3_Hwi_nullIsrFunc__C                          
[...]
00005849  ti_sysbios_knl_Task_SupportProxy_getStackAlignment__E                
00005859  ti_sysbios_gates_GateHwi_enter__E                                    
00005865  ti_sysbios_knl_Queue_Object__get__S                                  
00005871  ti_sysbios_knl_Task_Params__init__S                                  
0000587d  xdc_runtime_Error_init__E                                            
00005889  xdc_runtime_Gate_enterSystem__E                                      
00005895  xdc_runtime_Memory_calloc__E                                         
000058a1  xdc_runtime_Memory_getMaxDefaultTypeAlign__E                         
000058ad  xdc_runtime_Memory_HeapProxy_alloc__E                                
000058b7  xdc_runtime_Memory_HeapProxy_free__E                                 
000058c1  DK_TM4C129X_initGPIO                                                 
000058c9  ti_sysbios_family_arm_lm4_Timer_masterDisable__I                     
000058d1  ti_sysbios_family_arm_m3_Hwi_doSwiRestore__I                         
000058d9  ti_sysbios_family_arm_m3_Hwi_startup__E                              
000058d9  ti_sysbios_hal_Hwi_HwiProxy_startup__E                               
000058e1  GPIOPinWrite                                                         
000058e9  ti_sysbios_family_arm_m3_Hwi_doTaskRestore__I                        
000058f1  ti_sysbios_family_arm_m3_Hwi_restoreFxn__E                           
000058f1  ti_sysbios_hal_Hwi_HwiProxy_restore__E                               
000058f9  ti_sysbios_gates_GateHwi_leave__E                                    
00005901  ti_sysbios_heaps_HeapMem_isBlocking__E                               
00005909  ti_sysbios_knl_Queue_Instance_init__E                                
00005911  ti_sysbios_knl_Swi_startup__E                                        
00005917  xdc_runtime_System_Module_startup__E                                 
00005921  ti_sysbios_gates_GateHwi_query__E                                    
00005921  xdc_runtime_Main_Module_GateProxy_query__E                           
00005921  xdc_runtime_System_Module_GateProxy_query__E                         
00005929  ti_sysbios_BIOS_RtsGateProxy_query__E                                
00005929  ti_sysbios_gates_GateMutex_query__E                                  
00005929  ti_sysbios_heaps_HeapMem_Module_GateProxy_query__E                   
00005931  ti_sysbios_knl_Task_startup__E                                       
00005939  ti_sysbios_gates_GateHwi_Instance_init__E                            
00005941  ti_sysbios_knl_Clock_logTick__E                                      
00005944  xdc_runtime_Text_charTab__A                                          
000071a5  xdc_runtime_Error_policy__C                                          
000071a6  ti_catalog_arm_cortexm4_tiva_ce_Boot_Module__id__C                   
000072c8  xdc_runtime_Text_nodeTab__A                                          
000074d4  ti_sysbios_knl_Task_Object__PARAMS__C                                
00007540  ti_sysbios_family_arm_m3_Hwi_Object__PARAMS__C                       
00007570  ti_sysbios_heaps_HeapMem_Module__FXNS__C                             
00007598  ti_sysbios_gates_GateHwi_Module__FXNS__C                             
000075bc  ti_sysbios_gates_GateMutex_Module__FXNS__C                           
000075e0  ti_sysbios_heaps_HeapMem_Object__PARAMS__C                           
00007604  ti_sysbios_knl_Semaphore_Object__PARAMS__C                           
00007628  ti_sysbios_family_arm_m3_Hwi_Object__DESC__C                         
00007648  ti_sysbios_gates_GateHwi_Object__DESC__C                             
00007668  ti_sysbios_gates_GateMutex_Object__DESC__C                           
00007688  ti_sysbios_heaps_HeapMem_Object__DESC__C                             
000076a8  ti_sysbios_knl_Queue_Object__DESC__C                                 
000076c8  ti_sysbios_knl_Semaphore_Object__DESC__C                             
000076e8  ti_sysbios_knl_Task_Object__DESC__C                                  
00007708  xdc_runtime_Startup_sfxnTab__A                                       
00007728  ti_sysbios_gates_GateHwi_Object__PARAMS__C                           
00007740  ti_sysbios_gates_GateMutex_Object__PARAMS__C                         
00007758  ti_sysbios_knl_Queue_Object__PARAMS__C                               
00007770  GPIOTiva_config                                                      
00007784  xdc_runtime_Startup_firstFxns__A                                     
00007798  xdc_runtime_Startup_sfxnRts__A                                       
000077b0  ti_sysbios_family_arm_m3_Hwi_excHookFuncs__A                         
000077b8  ti_sysbios_knl_Idle_funcList__C                                      
000077c0  xdc_runtime_Startup_firstFxns__C                                     
000077c8  xdc_runtime_Startup_lastFxns__C                                      
000077d0  ti_catalog_arm_cortexm4_tiva_ce_Boot_A_mustNotUseEnhancedClockMode__C
000077d4  ti_catalog_arm_cortexm4_tiva_ce_Boot_Module__diagsEnabled__C         
000077d8  ti_catalog_arm_cortexm4_tiva_ce_Boot_Module__diagsIncluded__C        
000077dc  ti_catalog_arm_cortexm4_tiva_ce_Boot_Module__diagsMask__C            
000077e0  ti_sysbios_family_arm_lm4_Timer_enableFunc__C                        
000077e4  ti_sysbios_family_arm_lm4_Timer_numTimerDevices__C                   
000077e8  ti_sysbios_family_arm_lm4_Timer_startupNeeded__C                     
000077ec  ti_sysbios_family_arm_m3_Hwi_E_NMI__C                                
000077f0  ti_sysbios_family_arm_m3_Hwi_E_alreadyDefined__C                     
000077f4  ti_sysbios_family_arm_m3_Hwi_E_busFault__C                           
000077f8  ti_sysbios_family_arm_m3_Hwi_E_debugMon__C                           
000077fc  ti_sysbios_family_arm_m3_Hwi_E_hardFault__C                          
00007800  ti_sysbios_family_arm_m3_Hwi_E_memFault__C                           
00007804  ti_sysbios_family_arm_m3_Hwi_E_noIsr__C                              
00007808  ti_sysbios_family_arm_m3_Hwi_E_reserved__C                           
0000780c  ti_sysbios_family_arm_m3_Hwi_E_svCall__C                             
00007810  ti_sysbios_family_arm_m3_Hwi_E_usageFault__C                         
00007814  ti_sysbios_family_arm_m3_Hwi_NUM_INTERRUPTS__C                       
00007818  ti_sysbios_family_arm_m3_Hwi_Object__count__C                        
0000781c  ti_sysbios_family_arm_m3_Hwi_ccr__C                                  
00007820  ti_sysbios_family_arm_m3_Hwi_excHandlerFunc__C                       
00007824  ti_sysbios_family_arm_m3_Hwi_excHookFuncs__C                         
00007828  ti_sysbios_family_arm_m3_Hwi_nullIsrFunc__C                          
0000782c  ti_sysbios_family_arm_m3_Hwi_priGroup__C                             
00007830  ti_sysbios_family_arm_m3_TaskSupport_stackAlignment__C               
00007834  ti_sysbios_gates_GateMutex_A_badContext__C                           
00007838  ti_sysbios_gates_GateMutex_Instance_State_sem__O                     
0000783c  ti_sysbios_gates_GateMutex_Module__diagsEnabled__C                   
00007840  ti_sysbios_gates_GateMutex_Module__diagsIncluded__C                  
00007844  ti_sysbios_gates_GateMutex_Module__diagsMask__C                      
00007848  ti_sysbios_hal_Hwi_E_stackOverflow__C                                
0000784c  ti_sysbios_heaps_HeapMem_A_align__C                                  
00007850  ti_sysbios_heaps_HeapMem_A_heapSize__C                               
00007854  ti_sysbios_heaps_HeapMem_A_invalidFree__C                            
00007858  ti_sysbios_heaps_HeapMem_A_zeroBlock__C                              
0000785c  ti_sysbios_heaps_HeapMem_E_memory__C                                 
00007860  ti_sysbios_heaps_HeapMem_Module__diagsEnabled__C                     
00007864  ti_sysbios_heaps_HeapMem_Module__diagsIncluded__C                    
00007868  ti_sysbios_heaps_HeapMem_Module__diagsMask__C                        
0000786c  ti_sysbios_heaps_HeapMem_Module__gateObj__C                          
00007870  ti_sysbios_heaps_HeapMem_Object__count__C                            
00007874  ti_sysbios_heaps_HeapMem_reqAlign__C                                 
00007878  ti_sysbios_knl_Clock_Module_State_clockQ__O                          
0000787c  ti_sysbios_knl_Idle_funcList__A                                      
00007880  ti_sysbios_knl_Semaphore_A_badContext__C                             
00007884  ti_sysbios_knl_Semaphore_A_noEvents__C                               
00007888  ti_sysbios_knl_Semaphore_A_overflow__C                               
0000788c  ti_sysbios_knl_Semaphore_A_pendTaskDisabled__C                       
00007890  ti_sysbios_knl_Semaphore_Instance_State_pendQ__O                     
00007894  ti_sysbios_knl_Semaphore_Module__diagsEnabled__C                     
00007898  ti_sysbios_knl_Semaphore_Module__diagsIncluded__C                    
0000789c  ti_sysbios_knl_Semaphore_Module__diagsMask__C                        
000078a0  ti_sysbios_knl_Swi_Object__count__C                                  
000078a4  ti_sysbios_knl_Task_A_badPriority__C                                 
000078a8  ti_sysbios_knl_Task_A_badTaskState__C                                
000078ac  ti_sysbios_knl_Task_A_badThreadType__C                               
000078b0  ti_sysbios_knl_Task_A_badTimeout__C                                  
000078b4  ti_sysbios_knl_Task_A_noPendElem__C                                  
000078b8  ti_sysbios_knl_Task_A_sleepTaskDisabled__C                           
000078bc  ti_sysbios_knl_Task_E_spOutOfBounds__C                               
000078c0  ti_sysbios_knl_Task_E_stackOverflow__C                               
000078c4  ti_sysbios_knl_Task_Module_State_inactiveQ__O                        
000078c8  ti_sysbios_knl_Task_Module__diagsEnabled__C                          
000078cc  ti_sysbios_knl_Task_Module__diagsIncluded__C                         
000078d0  ti_sysbios_knl_Task_Module__diagsMask__C                             
000078d4  ti_sysbios_knl_Task_Object__count__C                                 
000078d8  ti_sysbios_knl_Task_allBlockedFunc__C                                
000078dc  ti_sysbios_knl_Task_defaultStackHeap__C                              
000078e0  ti_sysbios_knl_Task_defaultStackSize__C                              
000078e4  ti_sysbios_knl_Task_numConstructedTasks__C                           
000078e8  xdc_runtime_Assert_E_assertFailed__C                                 
000078ec  xdc_runtime_Core_A_initializedParams__C                              
000078f0  xdc_runtime_Core_Module__diagsEnabled__C                             
000078f4  xdc_runtime_Core_Module__diagsIncluded__C                            
000078f8  xdc_runtime_Core_Module__diagsMask__C                                
000078fc  xdc_runtime_Error_E_memory__C                                        
00007900  xdc_runtime_Error_Module__diagsEnabled__C                            
00007904  xdc_runtime_Error_Module__diagsIncluded__C                           
00007908  xdc_runtime_Error_Module__diagsMask__C                               
0000790c  xdc_runtime_Error_Module__loggerFxn8__C                              
00007910  xdc_runtime_Error_Module__loggerObj__C                               
00007914  xdc_runtime_Error_policyFxn__C                                       
00007918  xdc_runtime_Error_raiseHook__C                                       
0000791c  xdc_runtime_IGateProvider_Interface__BASE__C                         
00007920  xdc_runtime_IHeap_Interface__BASE__C                                 
00007924  xdc_runtime_IModule_Interface__BASE__C                               
00007928  xdc_runtime_Log_L_error__C                                           
0000792c  xdc_runtime_Memory_defaultHeapInstance__C                            
00007930  xdc_runtime_Startup_execImpl__C                                      
00007934  xdc_runtime_Startup_maxPasses__C                                     
00007938  xdc_runtime_Startup_sfxnRts__C                                       
0000793c  xdc_runtime_Startup_sfxnTab__C                                       
00007940  xdc_runtime_SysMin_bufSize__C                                        
00007944  xdc_runtime_SysMin_outputFunc__C                                     
00007948  xdc_runtime_System_Module__gateObj__C                                
0000794c  xdc_runtime_System_abortFxn__C                                       
00007950  xdc_runtime_System_exitFxn__C                                        
00007954  xdc_runtime_System_extendFxn__C                                      
00007958  xdc_runtime_System_maxAtexitHandlers__C                              
0000795c  xdc_runtime_Text_charTab__C                                          
00007960  xdc_runtime_Text_nameEmpty__C                                        
00007964  xdc_runtime_Text_nameStatic__C                                       
00007968  xdc_runtime_Text_nameUnknown__C                                      
0000796c  xdc_runtime_Text_nodeTab__C                                          
00007970  xdc_runtime_Text_visitRopeFxn__C                                     
00007974  ti_sysbios_family_arm_m3_Hwi_Module__id__C                           
00007976  ti_sysbios_gates_GateMutex_Module__id__C                             
00007978  ti_sysbios_hal_Hwi_Module__id__C                                     
0000797a  ti_sysbios_heaps_HeapMem_Module__id__C                               
0000797c  ti_sysbios_knl_Semaphore_Module__id__C                               
0000797e  ti_sysbios_knl_Task_Module__id__C                                    
00007980  xdc_runtime_Core_Module__id__C                                       
00007982  xdc_runtime_Error_Module__loggerDefined__C                           
00007984  xdc_runtime_Error_maxDepth__C                                        
00007986  xdc_runtime_Memory_Module__id__C                                     
00007988  xdc_runtime_SysMin_flushAtExit__C                                    
0000798a  xdc_runtime_Text_charCnt__C                                          
0000798c  xdc_runtime_Text_isLoaded__C                                         
0000798e  xdc_runtime_Text_registryModsLastId__C                               
00007990  xdc_runtime_Text_unnamedModsLastId__C                                
00007998  __TI_static_base__                                                   
00007aa8  __TI_Handler_Table_Base                                              
00007ab4  __TI_Handler_Table_Limit                                             
00007ac8  __TI_CINIT_Base                                                      
00007ae0  __TI_CINIT_Limit                                                     
20000000  ti_sysbios_family_arm_m3_Hwi_ramVectors                              
20000360  ti_sysbios_heaps_HeapMem_Instance_State_0_buf__A                     
20000760  ti_sysbios_family_arm_m3_Hwi_dispatchTable                           
20000ac0  ti_sysbios_knl_Task_Instance_State_0_stack__A                        
20000cc0  task0Stack                                                           
20000ec0  __CIOBUF_                                                            
20001070  xdc_runtime_SysMin_Module_State_0_outbuf__A                          
200010f0  task0Struct                                                          
2000114c  ti_sysbios_knl_Swi_Module_State_0_readyQ__A                          
200011cc  ti_sysbios_knl_Task_Module_State_0_readyQ__A                         
2000124c  ti_sysbios_knl_Task_Object__table__V                                 
20001298  ti_sysbios_knl_Task_Module__state__V                                 
200012dc  ti_sysbios_family_arm_lm4_Timer_Module_State_0_device__A             
2000131c  ti_sysbios_family_arm_lm4_Timer_Object__table__V                     
2000135c  ti_sysbios_gates_GateMutex_Object__table__V                          
20001394  ti_sysbios_family_arm_m3_Hwi_Module__state__V                        
200013c8  ti_sysbios_knl_Swi_Object__table__V                                  
200013f8  ti_sysbios_knl_Clock_Module__state__V                                
20001424  ti_sysbios_BIOS_Module__state__V                                     
20001448  ti_sysbios_family_arm_lm4_Timer_Module_State_0_handles__A            
20001468  ti_sysbios_knl_Swi_Module__state__V                                  
20001484  gpioPinConfigs                                                       
2000149c  ti_sysbios_family_arm_m3_Hwi_Object__table__V                        
200014b4  ti_sysbios_heaps_HeapMem_Object__table__V                            
200014cc  __TI_cleanup_ptr                                                     
200014d0  __TI_dtors_ptr                                                       
200014d4  __TI_enable_exit_profile_output                                      
200014d8  gpioCallbackFunctions                                                
200014e4  ti_sysbios_family_arm_lm4_Timer_Module__state__V                     
200014f0  xdc_runtime_SysMin_Module__state__V                                  
200014fc  _lock                                                                
20001500  _unlock                                                              
20001504  ti_sysbios_family_arm_m3_Hwi_Module__root__V                         
2000150c  ti_sysbios_gates_GateHwi_Module__root__V                             
20001514  ti_sysbios_gates_GateMutex_Module__root__V                           
2000151c  ti_sysbios_heaps_HeapMem_Module__root__V                             
20001524  ti_sysbios_knl_Queue_Module__root__V                                 
2000152c  ti_sysbios_knl_Semaphore_Module__root__V                             
20001534  ti_sysbios_knl_Task_Module__root__V                                  
2000153c  xdc_runtime_Registry_Module__state__V                                
20001544  xdc_runtime_Startup_Module__state__V                                 
2000154c  xdc_runtime_System_Module_State_0_atexitHandlers__A                  
20001554  xdc_runtime_System_Module__state__V                                  
20001562  ti_sysbios_family_arm_m3_Hwi_Module_State_0_excActive__A             
20001564  main_func_sp                                                         
20001568  ti_sysbios_family_arm_m3_Hwi_Module_State_0_excContext__A            
2000156c  ti_sysbios_family_arm_m3_Hwi_Module_State_0_excStack__A              
20001570  ti_sysbios_gates_GateHwi_Object__table__V                            
20001574  ti_sysbios_knl_Task_Module_State_0_idleTask__A                       
20001578  xdc_runtime_Memory_Module__state__V                                  
2000157c  xdc_runtime_Error_Module__state__V                                   
20001580  __stack                                                              
20001880  __STACK_END                                                          
e000e000  ti_sysbios_family_arm_m3_Hwi_nvic                                    
ffffffff  __TI_pprof_out_hndl                                                  
ffffffff  __TI_prof_data_size                                                  
ffffffff  __TI_prof_data_start                                                 
ffffffff  __binit__                                                            
ffffffff  __c_args__                                                           
ffffffff  binit                                                                
UNDEFED   SHT$$INIT_ARRAY$$Base                                                
UNDEFED   SHT$$INIT_ARRAY$$Limit                                               

[547 symbols]
