******************************************************************************
                  TI ARM Linker PC v16.9.1                     
******************************************************************************
>> Linked Wed Apr 26 11:34:41 2017

OUTPUT FILE NAME:   <empty_example.out>
ENTRY POINT SYMBOL: "_c_int00"  address: 00003199


MEMORY CONFIGURATION

         name            origin    length      used     unused   attr    fill
----------------------  --------  ---------  --------  --------  ----  --------
  FLASH                 00000000   00100000  00006a2c  000f95d4  R  X
  SRAM                  20000000   00040000  00001bb4  0003e44c  RW X


SEGMENT ALLOCATION MAP

run origin  load origin   length   init length attrs members
----------  ----------- ---------- ----------- ----- -------
00000000    00000000    00006a38   00006a38    r-x
  00000000    00000000    0000003c   0000003c    r-- .resetVecs
  00000040    00000040    0000491a   0000491a    r-x .text
  0000495c    0000495c    00001ede   00001ede    r-- .const
  00006840    00006840    000001f8   000001f8    r-- .cinit
20000000    20000000    00001bb4   00000000    rw-
  20000000    20000000    00000360   00000000    rw- .vecs
  20000360    20000360    0000114c   00000000    rw- .bss
  200014ac    200014ac    00000408   00000000    rw- .data
  200018b4    200018b4    00000300   00000000    rw- .stack


SECTION ALLOCATION MAP

 output                                  attributes/
section   page    origin      length       input sections
--------  ----  ----------  ----------   ----------------
.text      0    00000040    0000491a     
                  00000040    00000430     sysbios.aem4f : BIOS.obj (.text:ti_sysbios_family_arm_m3_Hwi_excDumpRegs__I)
                  00000470    0000034c     ti.targets.arm.rtsarm.aem4f : System.oem4f (.text:xdc_runtime_System_doPrint__I)
                  000007bc    00000324     rtsv7M4_T_le_v4SPD16_eabi.lib : trgdrv.obj (.text)
                  00000ae0    00000204     Boot.aem4f : Boot_sysctl.oem4f (.text:ti_catalog_arm_cortexm4_tiva_ce_Boot_sysCtlClockFreqSetI__I)
                  00000ce4    00000004     mutex_pem4f.oem4f (.text:ti_sysbios_BIOS_RtsGateProxy_enter__E)
                  00000ce8    000001fc     sysbios.aem4f : BIOS.obj (.text:ti_sysbios_family_arm_m3_Hwi_excHandlerMax__I)
                  00000ee4    00000004     mutex_pem4f.oem4f (.text:ti_sysbios_BIOS_RtsGateProxy_leave__E)
                  00000ee8    00000174     sysbios.aem4f : BIOS.obj (.text:ti_sysbios_family_arm_m3_Hwi_excBusFault__I)
                  0000105c    00000004                   : BIOS.obj (.text:ti_sysbios_family_arm_lm4_Timer_masterEnable__I)
                  00001060    00000164                   : BIOS.obj (.text:ti_sysbios_family_arm_m3_Hwi_excUsageFault__I)
                  000011c4    00000004     mutex_pem4f.oem4f (.text:ti_sysbios_family_arm_m3_TaskSupport_Module__startupDone__S)
                  000011c8    00000154     sysbios.aem4f : BIOS.obj (.text:ti_sysbios_knl_Semaphore_pend__E)
                  0000131c    00000004     mutex_pem4f.oem4f (.text:ti_sysbios_heaps_HeapMem_Module_GateProxy_enter__E)
                  00001320    00000148     sysbios.aem4f : BIOS.obj (.text:ti_sysbios_family_arm_m3_Hwi_excMemFault__I)
                  00001468    00000118     ti.targets.arm.rtsarm.aem4f : Error.oem4f (.text:xdc_runtime_Error_policyDefault__E)
                  00001580    00000108     sysbios.aem4f : BIOS.obj (.text:ti_sysbios_family_arm_lm4_Timer_start__E)
                  00001688    00000100     ti.targets.arm.rtsarm.aem4f : Core-mem.oem4f (.text:xdc_runtime_Core_createObject__I)
                  00001788    000000f8                                 : Startup.oem4f (.text:xdc_runtime_Startup_startMods__I)
                  00001880    000000f8     mutex_pem4f.oem4f (.text:xdc_runtime_System_printfExtend__I)
                  00001978    000000f4     sysbios.aem4f : m3_Hwi_asm.obj (.text:ti_sysbios_family_arm_m3_Hwi_dispatch__I)
                  00001a6c    00000004     mutex_pem4f.oem4f (.text:ti_sysbios_heaps_HeapMem_Module_GateProxy_leave__E)
                  00001a70    000000dc     sysbios.aem4f : BIOS.obj (.text:ti_sysbios_knl_Task_sleep__E)
                  00001b4c    00000004     mutex_pem4f.oem4f (.text:ti_sysbios_knl_Clock_TimerProxy_getMaxTicks__E)
                  00001b50    000000cc     sysbios.aem4f : BIOS.obj (.text:ti_sysbios_heaps_HeapMem_alloc__E)
                  00001c1c    00000004     mutex_pem4f.oem4f (.text:ti_sysbios_knl_Queue_destruct)
                  00001c20    000000cc     sysbios.aem4f : BIOS.obj (.text:ti_sysbios_knl_Task_Instance_init__E)
                  00001cec    000000cc     ti.targets.arm.rtsarm.aem4f : Core-smem.oem4f (.text:xdc_runtime_Core_constructObject__I)
                  00001db8    000000c0     mutex.obj (.text:task2Fxn)
                  00001e78    000000bc     sysbios.aem4f : BIOS.obj (.text:ti_sysbios_family_arm_m3_Hwi_excDebugMon__I)
                  00001f34    00000004     mutex_pem4f.oem4f (.text:ti_sysbios_knl_Semaphore_destruct)
                  00001f38    000000bc     sysbios.aem4f : BIOS.obj (.text:ti_sysbios_family_arm_m3_Hwi_excHardFault__I)
                  00001ff4    00000004     ti.targets.arm.rtsarm.aem4f : Error.oem4f (.text:xdc_runtime_Error_getSite__E)
                  00001ff8    000000bc     sysbios.aem4f : BIOS.obj (.text:ti_sysbios_knl_Task_Instance_finalize__E)
                  000020b4    000000b8     DK_TM4C129X.obj (.text:DK_TM4C129X_initGeneral)
                  0000216c    00000004     mutex_pem4f.oem4f (.text:xdc_runtime_System_Module_GateProxy_enter__E)
                  00002170    000000b4     sysbios.aem4f : BIOS.obj (.text:ti_sysbios_knl_Task_checkStacks__E)
                  00002224    00000004     mutex_pem4f.oem4f (.text:xdc_runtime_System_Module_GateProxy_leave__E)
                  00002228    000000ac     sysbios.aem4f : BIOS.obj (.text:ti_sysbios_family_arm_lm4_Timer_enableTiva__I)
                  000022d4    000000a0     auto_init.aem4f : auto_init.oem4f (.text)
                  00002374    000000a0     ti.targets.arm.rtsarm.aem4f : Text.oem4f (.text:xdc_runtime_Text_putMod__E)
                  00002414    0000009c     mutex.obj (.text:main)
                  000024b0    0000009c     rtsv7M4_T_le_v4SPD16_eabi.lib : memcpy_t2.obj (.text)
                  0000254c    00000004     ti.targets.arm.rtsarm.aem4f : System.oem4f (.text:xdc_runtime_System_aprintf_va__F)
                  00002550    0000009c     sysbios.aem4f : BIOS.obj (.text:ti_sysbios_knl_Task_postInit__I)
                  000025ec    0000009a     ti.targets.arm.rtsarm.aem4f : Text.oem4f (.text:xdc_runtime_Text_putSite__E)
                  00002686    00000002     rtsv7M4_T_le_v4SPD16_eabi.lib : i_div0.obj (.text)
                  00002688    00000098     Boot.aem4f : Boot.oem4f (.text:ti_catalog_arm_cortexm4_tiva_ce_Boot_sysCtlClockFreqSet__E)
                  00002720    00000094     sysbios.aem4f : BIOS.obj (.text:ti_sysbios_family_arm_m3_Hwi_initNVIC__E)
                  000027b4    00000090     mutex.obj (.text:task1Fxn)
                  00002844    0000008c     sysbios.aem4f : m3_TaskSupport_asm.obj (.text:ti_sysbios_family_arm_m3_TaskSupport_buildTaskStack)
                  000028d0    00000084                   : BIOS.obj (.text:ti_sysbios_family_arm_m3_Hwi_postInit__I)
                  00002954    00000004     ti.targets.arm.rtsarm.aem4f : System.oem4f (.text:xdc_runtime_System_printf_va__F)
                  00002958    0000007c     sysbios.aem4f : BIOS.obj (.text:ti_sysbios_heaps_HeapMem_free__E)
                  000029d4    0000007a     rtsv7M4_T_le_v4SPD16_eabi.lib : memset_t2.obj (.text)
                  00002a4e    00000002     mutex_pem4f.oem4f (.text:ti_sysbios_BIOS_nullFunc__I)
                  00002a50    00000070     sysbios.aem4f : BIOS.obj (.text:ti_sysbios_knl_Semaphore_post__E)
                  00002ac0    00000070                   : BIOS.obj (.text:ti_sysbios_knl_Task_exit__E)
                  00002b30    0000006d     ti.targets.arm.rtsarm.aem4f : System.oem4f (.text:xdc_runtime_System_formatNum__I)
                  00002b9d    00000001     --HOLE-- [fill = 0]
                  00002b9e    00000002     mutex_pem4f.oem4f (.text:xdc_runtime_Startup_reset__I)
                  00002ba0    0000006c     sysbios.aem4f : BIOS.obj (.text:ti_sysbios_knl_Clock_workFunc__E)
                  00002c0c    00000004     --HOLE-- [fill = 0]
                  00002c10    0000006c                   : BIOS.obj (.text:ti_sysbios_knl_Swi_restoreHwi__E)
                  00002c7c    0000006c     ti.targets.arm.rtsarm.aem4f : Error.oem4f (.text:xdc_runtime_Error_print__E)
                  00002ce8    0000006c                                 : Memory.oem4f (.text:xdc_runtime_Memory_alloc__E)
                  00002d54    00000068     rtsv7M4_T_le_v4SPD16_eabi.lib : copy_decompress_lzss.obj (.text:decompress:lzss)
                  00002dbc    00000068                                   : trgmsg.obj (.text)
                  00002e24    00000066     ti.targets.arm.rtsarm.aem4f : Core-mem.oem4f (.text:xdc_runtime_Core_deleteObject__I)
                  00002e8a    00000006                                 : System.oem4f (.text:xdc_runtime_System_Module_startup__E)
                  00002e90    00000064     sysbios.aem4f : BIOS.obj (.text:ti_sysbios_family_arm_lm4_Timer_Module_startup__E)
                  00002ef4    00000004     --HOLE-- [fill = 0]
                  00002ef8    00000064                   : BIOS.obj (.text:ti_sysbios_family_arm_m3_Hwi_dispatchC__I)
                  00002f5c    00000004     --HOLE-- [fill = 0]
                  00002f60    00000060                   : BIOS.obj (.text:ti_sysbios_knl_Task_schedule__I)
                  00002fc0    0000005c                   : BIOS.obj (.text:ti_sysbios_knl_Swi_run__I)
                  0000301c    00000004     --HOLE-- [fill = 0]
                  00003020    0000005c                   : BIOS.obj (.text:ti_sysbios_knl_Swi_schedule__I)
                  0000307c    00000004     --HOLE-- [fill = 0]
                  00003080    0000005c                   : BIOS.obj (.text:ti_sysbios_knl_Task_Module_startup__E)
                  000030dc    00000004     --HOLE-- [fill = 0]
                  000030e0    0000005c                   : BIOS.obj (.text:ti_sysbios_knl_Task_startCore__E)
                  0000313c    0000005b     ti.targets.arm.rtsarm.aem4f : Text.oem4f (.text:xdc_runtime_Text_putLab__E)
                  00003197    00000001     --HOLE-- [fill = 0]
                  00003198    00000058     boot.aem4f : boot.oem4f (.text)
                  000031f0    00000058     sysbios.aem4f : m3_Hwi_asm_switch.obj (.text:ti_sysbios_family_arm_m3_Hwi_initStacks__E)
                  00003248    00000054     rtsv7M4_T_le_v4SPD16_eabi.lib : exit.obj (.text)
                  0000329c    00000004     --HOLE-- [fill = 0]
                  000032a0    00000054     sysbios.aem4f : BIOS.obj (.text:ti_sysbios_family_arm_lm4_Timer_initDevice__I)
                  000032f4    00000054     mutex_pem4f.oem4f (.text:ti_sysbios_knl_Task_construct)
                  00003348    00000054     ti.targets.arm.rtsarm.aem4f : Assert.oem4f (.text:xdc_runtime_Assert_raise__I)
                  0000339c    00000050     Boot.aem4f : Boot_sysctl.oem4f (.text:_SysCtlFrequencyGet)
                  000033ec    00000004     --HOLE-- [fill = 0]
                  000033f0    00000050     sysbios.aem4f : BIOS.obj (.text:ti_sysbios_family_arm_m3_Hwi_Module_startup__E)
                  00003440    00000050     ti.targets.arm.rtsarm.aem4f : Startup.oem4f (.text:xdc_runtime_Startup_exec__E)
                  00003490    00000050                                 : Text.oem4f (.text:xdc_runtime_Text_visitRope2__I)
                  000034e0    0000004c     rtsv7M4_T_le_v4SPD16_eabi.lib : cpy_tbl.obj (.text)
                  0000352c    00000004     --HOLE-- [fill = 0]
                  00003530    0000004c     sysbios.aem4f : BIOS.obj (.text:ti_sysbios_heaps_HeapMem_getStats__E)
                  0000357c    00000004     --HOLE-- [fill = 0]
                  00003580    0000004c                   : BIOS.obj (.text:ti_sysbios_knl_Swi_runLoop__I)
                  000035cc    00000004     --HOLE-- [fill = 0]
                  000035d0    0000004c                   : BIOS.obj (.text:ti_sysbios_knl_Task_allBlockedFunction__I)
                  0000361c    00000004     --HOLE-- [fill = 0]
                  00003620    00000048                   : BIOS.obj (.text:ti_sysbios_family_arm_lm4_Timer_enableTimers__I)
                  00003668    00000048                   : BIOS.obj (.text:ti_sysbios_family_arm_m3_Hwi_disableInterrupt__E)
                  000036b0    00000048                   : BIOS.obj (.text:ti_sysbios_family_arm_m3_Hwi_enableInterrupt__E)
                  000036f8    00000048                   : BIOS.obj (.text:ti_sysbios_family_arm_m3_Hwi_excReserved__I)
                  00003740    00000046     ti.targets.arm.rtsarm.aem4f : Core-params.oem4f (.text:xdc_runtime_Core_assignParams__I)
                  00003786    00000002     --HOLE-- [fill = 0]
                  00003788    00000044     sysbios.aem4f : BIOS.obj (.text:ti_sysbios_family_arm_lm4_Timer_isrStub__E)
                  000037cc    00000004     --HOLE-- [fill = 0]
                  000037d0    00000044                   : BIOS.obj (.text:ti_sysbios_family_arm_m3_Hwi_getStackInfo__E)
                  00003814    00000004     --HOLE-- [fill = 0]
                  00003818    00000044                   : BIOS.obj (.text:ti_sysbios_knl_Swi_post__E)
                  0000385c    00000044     ti.targets.arm.rtsarm.aem4f : Error.oem4f (.text:xdc_runtime_Error_setX__E)
                  000038a0    00000044                                 : SysMin.oem4f (.text:xdc_runtime_SysMin_flush__E)
                  000038e4    00000044                                 : Text.oem4f (.text:xdc_runtime_Text_xprintf__I)
                  00003928    00000040     rtsv7M4_T_le_v4SPD16_eabi.lib : u_divt2.obj (.text)
                  00003968    00000040     sysbios.aem4f : BIOS.obj (.text:ti_sysbios_family_arm_lm4_Timer_startup__E)
                  000039a8    00000040                   : BIOS.obj (.text:ti_sysbios_heaps_HeapMem_Instance_init__E)
                  000039e8    0000003c                   : BIOS.obj (.text:ti_sysbios_family_arm_m3_Hwi_excSvCall__I)
                  00003a24    00000004     --HOLE-- [fill = 0]
                  00003a28    0000003c                   : BIOS.obj (.text:ti_sysbios_heaps_HeapMem_init__I)
                  00003a64    00000004     --HOLE-- [fill = 0]
                  00003a68    0000003c                   : BIOS.obj (.text:ti_sysbios_knl_Swi_restore__E)
                  00003aa4    00000004     --HOLE-- [fill = 0]
                  00003aa8    00000038                   : BIOS.obj (.text:ti_sysbios_family_arm_m3_Hwi_excNoIsr__I)
                  00003ae0    00000038                   : BIOS.obj (.text:ti_sysbios_knl_Task_processVitalTaskFlag__I)
                  00003b18    00000038     ti.targets.arm.rtsarm.aem4f : SysMin.oem4f (.text:xdc_runtime_SysMin_putch__E)
                  00003b50    00000038                                 : System.oem4f (.text:xdc_runtime_System_atexit__E)
                  00003b88    00000034     driverlib.lib : sysctl.obj (.text:SysCtlPeripheralEnable)
                  00003bbc    00000004     --HOLE-- [fill = 0]
                  00003bc0    00000034     sysbios.aem4f : BIOS.obj (.text:ti_sysbios_family_arm_m3_Hwi_excNmi__I)
                  00003bf4    00000004     --HOLE-- [fill = 0]
                  00003bf8    00000034                   : BIOS.obj (.text:ti_sysbios_hal_Hwi_checkStack)
                  00003c2c    00000034     ti.targets.arm.rtsarm.aem4f : Core-label.oem4f (.text:xdc_runtime_Core_assignLabel__I)
                  00003c60    00000033                                 : Text.oem4f (.text:xdc_runtime_Text_printVisFxn__I)
                  00003c93    00000005     --HOLE-- [fill = 0]
                  00003c98    00000032     sysbios.aem4f : BIOS.obj (.text:ti_sysbios_hal_Hwi_initStack)
                  00003cca    00000002     --HOLE-- [fill = 0]
                  00003ccc    00000030     mutex_pem4f.oem4f (.text:ti_sysbios_BIOS_atExitFunc__I)
                  00003cfc    00000004     --HOLE-- [fill = 0]
                  00003d00    00000030     sysbios.aem4f : BIOS.obj (.text:ti_sysbios_family_arm_lm4_Timer_stop__E)
                  00003d30    00000030                   : BIOS.obj (.text:ti_sysbios_family_arm_m3_TaskSupport_start__E)
                  00003d60    00000030     mutex_pem4f.oem4f (.text:ti_sysbios_gates_GateHwi_Object__create__S)
                  00003d90    00000030     mutex_pem4f.oem4f (.text:ti_sysbios_gates_GateMutex_Object__create__S)
                  00003dc0    00000030     sysbios.aem4f : BIOS.obj (.text:ti_sysbios_gates_GateMutex_enter__E)
                  00003df0    00000030     mutex_pem4f.oem4f (.text:ti_sysbios_heaps_HeapMem_Object__create__S)
                  00003e20    00000030     mutex_pem4f.oem4f (.text:ti_sysbios_knl_Semaphore_construct)
                  00003e50    00000030     sysbios.aem4f : BIOS.obj (.text:ti_sysbios_knl_Semaphore_pendTimeout__I)
                  00003e80    00000030                   : BIOS.obj (.text:ti_sysbios_knl_Task_unblockI__E)
                  00003eb0    00000030     ti.targets.arm.rtsarm.aem4f : SysMin.oem4f (.text:xdc_runtime_SysMin_abort__E)
                  00003ee0    00000030                                 : System.oem4f (.text:xdc_runtime_System_processAtExit__E)
                  00003f10    0000002c     mutex_pem4f.oem4f (.text:ti_sysbios_knl_Clock_doTick__I)
                  00003f3c    0000002c     mutex_pem4f.oem4f (.text:ti_sysbios_knl_Queue_construct)
                  00003f68    0000002c     sysbios.aem4f : BIOS.obj (.text:ti_sysbios_knl_Task_restore__E)
                  00003f94    0000002c     ti.targets.arm.rtsarm.aem4f : Text.oem4f (.text:xdc_runtime_Text_cordText__E)
                  00003fc0    0000002a                                 : System.oem4f (.text:xdc_runtime_System_putchar__I)
                  00003fea    00000006     --HOLE-- [fill = 0]
                  00003ff0    00000028     sysbios.aem4f : BIOS.obj (.text:ti_sysbios_knl_Swi_Module_startup__E)
                  00004018    00000026                   : m3_Hwi_asm.obj (.text:ti_sysbios_family_arm_m3_Hwi_pendSV__I)
                  0000403e    00000026     ti.targets.arm.rtsarm.aem4f : System.oem4f (.text:xdc_runtime_System_avprintf__E)
                  00004064    00000024     mutex_pem4f.oem4f (.text:ti_sysbios_BIOS_errorRaiseHook__I)
                  00004088    00000024     mutex_pem4f.oem4f (.text:ti_sysbios_BIOS_registerRTSLock__I)
                  000040ac    00000024     mutex_pem4f.oem4f (.text:ti_sysbios_BIOS_removeRTSLock__I)
                  000040d0    00000024     mutex_pem4f.oem4f (.text:ti_sysbios_BIOS_startFunc__I)
                  000040f4    00000024     mutex_pem4f.oem4f (.text:ti_sysbios_gates_GateMutex_Object__delete__S)
                  00004118    00000024     sysbios.aem4f : BIOS.obj (.text:ti_sysbios_knl_Clock_Module_startup__E)
                  0000413c    00000004     --HOLE-- [fill = 0]
                  00004140    00000024                   : BIOS.obj (.text:ti_sysbios_knl_Semaphore_Instance_init__E)
                  00004164    00000004     --HOLE-- [fill = 0]
                  00004168    00000024                   : BIOS.obj (.text:ti_sysbios_knl_Task_restoreHwi__E)
                  0000418c    00000024     ti.targets.arm.rtsarm.aem4f : System.oem4f (.text:xdc_runtime_System_vprintf__E)
                  000041b0    00000022     sysbios.aem4f : BIOS.obj (.text:ti_sysbios_family_arm_lm4_Timer_write__I)
                  000041d2    00000022     mutex_pem4f.oem4f (.text:xdc_runtime_SysMin_output__I)
                  000041f4    00000020     Boot.aem4f : Boot_sysctl.oem4f (.text:_SysCtlMemTimingGet)
                  00004214    00000020     mutex_pem4f.oem4f (.text:ti_sysbios_BIOS_rtsLock__I)
                  00004234    00000020     sysbios.aem4f : m3_Hwi_asm.obj (.text:ti_sysbios_family_arm_m3_Hwi_excHandlerAsm__I)
                  00004254    00000004     --HOLE-- [fill = 0]
                  00004258    00000020                   : BIOS.obj (.text:ti_sysbios_family_arm_m3_Hwi_excHandler__I)
                  00004278    00000020     mutex_pem4f.oem4f (.text:ti_sysbios_gates_GateHwi_Object__delete__S)
                  00004298    00000020     mutex_pem4f.oem4f (.text:ti_sysbios_heaps_HeapMem_Object__delete__S)
                  000042b8    00000020     sysbios.aem4f : BIOS.obj (.text:ti_sysbios_knl_Idle_run__E)
                  000042d8    00000020     mutex_pem4f.oem4f (.text:ti_sysbios_knl_Semaphore_Object__destruct__S)
                  000042f8    00000020     ti.targets.arm.rtsarm.aem4f : Registry.oem4f (.text:xdc_runtime_Registry_findById__E)
                  00004318    00000020                                 : SysMin.oem4f (.text:xdc_runtime_SysMin_Module_startup__E)
                  00004338    0000001e     sysbios.aem4f : m3_Hwi_asm_switch.obj (.text:ti_sysbios_family_xxx_Hwi_switchAndRunFunc)
                  00004356    00000002     --HOLE-- [fill = 0]
                  00004358    0000001c                   : BIOS.obj (.text:ti_sysbios_gates_GateMutex_Instance_init__E)
                  00004374    0000001c     mutex_pem4f.oem4f (.text:ti_sysbios_knl_Queue_Object__destruct__S)
                  00004390    0000001c     sysbios.aem4f : BIOS.obj (.text:ti_sysbios_knl_Queue_put__E)
                  000043ac    00000004     --HOLE-- [fill = 0]
                  000043b0    0000001c                   : BIOS.obj (.text:ti_sysbios_knl_Task_enter__I)
                  000043cc    0000001c     ti.targets.arm.rtsarm.aem4f : Error.oem4f (.text:xdc_runtime_Error_raiseX__E)
                  000043e8    0000001c                                 : Memory.oem4f (.text:xdc_runtime_Memory_valloc__E)
                  00004404    0000001c                                 : SysMin.oem4f (.text:xdc_runtime_SysMin_exit__E)
                  00004420    0000001c                                 : System.oem4f (.text:xdc_runtime_System_abort__E)
                  0000443c    0000001a     mutex_pem4f.oem4f (.text:ti_sysbios_family_arm_m3_Hwi_Handle__label__S)
                  00004456    0000001a     mutex_pem4f.oem4f (.text:ti_sysbios_gates_GateHwi_Handle__label__S)
                  00004470    0000001a     mutex_pem4f.oem4f (.text:ti_sysbios_gates_GateMutex_Handle__label__S)
                  0000448a    0000001a     mutex_pem4f.oem4f (.text:ti_sysbios_heaps_HeapMem_Handle__label__S)
                  000044a4    0000001a     mutex_pem4f.oem4f (.text:ti_sysbios_knl_Swi_Handle__label__S)
                  000044be    0000001a     mutex_pem4f.oem4f (.text:ti_sysbios_knl_Task_Handle__label__S)
                  000044d8    0000001a     mutex_pem4f.oem4f (.text:xdc_runtime_System_aprintf__E)
                  000044f2    0000001a     mutex_pem4f.oem4f (.text:xdc_runtime_System_printf__E)
                  0000450c    00000018     rtsv7M4_T_le_v4SPD16_eabi.lib : args_main.obj (.text)
                  00004524    00000018     mutex_pem4f.oem4f (.text:ti_sysbios_BIOS_rtsUnlock__I)
                  0000453c    00000018     mutex_pem4f.oem4f (.text:ti_sysbios_family_arm_lm4_Timer_Module__startupDone__F)
                  00004554    00000018     mutex_pem4f.oem4f (.text:ti_sysbios_family_arm_m3_Hwi_Module__startupDone__F)
                  0000456c    00000018     sysbios.aem4f : m3_TaskSupport_asm.obj (.text:ti_sysbios_family_arm_m3_TaskSupport_swap__E)
                  00004584    00000004     --HOLE-- [fill = 0]
                  00004588    00000018                   : BIOS.obj (.text:ti_sysbios_gates_GateMutex_leave__E)
                  000045a0    00000018                   : BIOS.obj (.text:ti_sysbios_knl_Task_sleepTimeout__I)
                  000045b8    00000018     ti.targets.arm.rtsarm.aem4f : Error.oem4f (.text:xdc_runtime_Error_check__E)
                  000045d0    00000018                                 : System.oem4f (.text:xdc_runtime_System_exit__E)
                  000045e8    00000018                                 : Text.oem4f (.text:xdc_runtime_Text_ropeText__E)
                  00004600    00000016     mutex_pem4f.oem4f (.text:ti_sysbios_BIOS_exitFunc__I)
                  00004616    00000016     mutex.obj (.text:ti_sysbios_knl_Semaphore_Params_init)
                  0000462c    00000016     mutex.obj (.text:ti_sysbios_knl_Task_Params_init)
                  00004642    00000002     --HOLE-- [fill = 0]
                  00004644    00000014     rtsv7M4_T_le_v4SPD16_eabi.lib : _lock.obj (.text)
                  00004658    00000014                                   : strcpy.obj (.text)
                  0000466c    00000014                                   : strlen.obj (.text)
                  00004680    00000014     mutex_pem4f.oem4f (.text:ti_sysbios_family_arm_m3_Hwi_Object__get__S)
                  00004694    00000004     --HOLE-- [fill = 0]
                  00004698    00000014     sysbios.aem4f : BIOS.obj (.text:ti_sysbios_family_arm_m3_Hwi_switchFromBootStack__E)
                  000046ac    00000014     mutex_pem4f.oem4f (.text:ti_sysbios_heaps_HeapMem_Object__get__S)
                  000046c0    00000014     mutex_pem4f.oem4f (.text:ti_sysbios_knl_Swi_Object__get__S)
                  000046d4    00000004     --HOLE-- [fill = 0]
                  000046d8    00000012     sysbios.aem4f : BIOS.obj (.text:ti_sysbios_hal_Hwi_Module_startup__E)
                  000046ea    00000012     mutex_pem4f.oem4f (.text:xdc_runtime_Startup_exec__I)
                  000046fc    00000010     mutex_pem4f.oem4f (.text:.bootCodeSection:ti_catalog_arm_cortexm4_tiva_ce_Boot_init__I)
                  0000470c    00000004     --HOLE-- [fill = 0]
                  00004710    00000010     sysbios.aem4f : BIOS.obj (.text:ti_sysbios_BIOS_exit__E)
                  00004720    00000010                   : BIOS.obj (.text:ti_sysbios_BIOS_setThreadType__E)
                  00004730    00000010                   : BIOS.obj (.text:ti_sysbios_BIOS_start__E)
                  00004740    00000010                   : m3_TaskSupport_asm.obj (.text:ti_sysbios_family_arm_m3_TaskSupport_glue)
                  00004750    00000010                   : BIOS.obj (.text:ti_sysbios_gates_GateMutex_Instance_finalize__E)
                  00004760    00000010                   : BIOS.obj (.text:ti_sysbios_knl_Semaphore_Instance_finalize__E)
                  00004770    00000010                   : BIOS.obj (.text:ti_sysbios_knl_Swi_disable__E)
                  00004780    00000010     mutex_pem4f.oem4f (.text:ti_sysbios_knl_Task_Object__get__S)
                  00004790    00000010     sysbios.aem4f : BIOS.obj (.text:ti_sysbios_knl_Task_disable__E)
                  000047a0    00000010     ti.targets.arm.rtsarm.aem4f : Gate.oem4f (.text:xdc_runtime_Gate_leaveSystem__E)
                  000047b0    00000010                                 : Memory.oem4f (.text:xdc_runtime_Memory_free__E)
                  000047c0    00000010                                 : SysMin.oem4f (.text:xdc_runtime_SysMin_ready__E)
                  000047d0    00000010                                 : System.oem4f (.text:xdc_runtime_System_vsnprintf__E)
                  000047e0    00000010     mutex_pem4f.oem4f (.text:xdc_runtime_Text_visitRope__I)
                  000047f0    0000000e     rtsv7M4_T_le_v4SPD16_eabi.lib : copy_decompress_none.obj (.text:decompress:none)
                  000047fe    00000002     --HOLE-- [fill = 0]
                  00004800    0000000e     sysbios.aem4f : BIOS.obj (.text:ti_sysbios_knl_Idle_loop__E)
                  0000480e    00000002     --HOLE-- [fill = 0]
                  00004810    0000000e                   : BIOS.obj (.text:ti_sysbios_knl_Queue_empty__E)
                  0000481e    0000000c     rtsv7M4_T_le_v4SPD16_eabi.lib : copy_zero_init.obj (.text:decompress:ZI)
                  0000482a    00000006     --HOLE-- [fill = 0]
                  00004830    0000000c     sysbios.aem4f : BIOS.obj (.text:ti_sysbios_family_arm_lm4_Timer_getMaxTicks__E)
                  0000483c    00000004     --HOLE-- [fill = 0]
                  00004840    0000000c                   : BIOS.obj (.text:ti_sysbios_family_arm_m3_TaskSupport_checkStack__E)
                  0000484c    00000004     --HOLE-- [fill = 0]
                  00004850    0000000c                   : BIOS.obj (.text:ti_sysbios_family_arm_m3_TaskSupport_getStackAlignment__E)
                  0000485c    00000004     --HOLE-- [fill = 0]
                  00004860    0000000c                   : BIOS.obj (.text:ti_sysbios_gates_GateHwi_enter__E)
                  0000486c    00000004     --HOLE-- [fill = 0]
                  00004870    0000000c                   : BIOS.obj (.text:ti_sysbios_knl_Clock_getTicks__E)
                  0000487c    0000000c     mutex_pem4f.oem4f (.text:ti_sysbios_knl_Queue_Object__get__S)
                  00004888    0000000c     mutex_pem4f.oem4f (.text:ti_sysbios_knl_Semaphore_Params__init__S)
                  00004894    0000000c     mutex.obj (.text:ti_sysbios_knl_Semaphore_handle)
                  000048a0    0000000c     mutex_pem4f.oem4f (.text:ti_sysbios_knl_Task_Params__init__S)
                  000048ac    0000000c     ti.targets.arm.rtsarm.aem4f : Error.oem4f (.text:xdc_runtime_Error_init__E)
                  000048b8    0000000c                                 : Gate.oem4f (.text:xdc_runtime_Gate_enterSystem__E)
                  000048c4    0000000c                                 : Memory.oem4f (.text:xdc_runtime_Memory_calloc__E)
                  000048d0    0000000c                                 : Memory.oem4f (.text:xdc_runtime_Memory_getMaxDefaultTypeAlign__E)
                  000048dc    0000000a     mutex_pem4f.oem4f (.text:xdc_runtime_IHeap_alloc)
                  000048e6    0000000a     mutex_pem4f.oem4f (.text:xdc_runtime_IHeap_free)
                  000048f0    00000008     sysbios.aem4f : BIOS.obj (.text:ti_sysbios_family_arm_lm4_Timer_masterDisable__I)
                  000048f8    00000008                   : BIOS.obj (.text:ti_sysbios_family_arm_m3_Hwi_doSwiRestore__I)
                  00004900    00000008                   : BIOS.obj (.text:ti_sysbios_family_arm_m3_Hwi_startup__E)
                  00004908    00000006                   : BIOS.obj (.text:ti_sysbios_family_arm_m3_Hwi_doTaskRestore__I)
                  0000490e    00000002     --HOLE-- [fill = 0]
                  00004910    00000006                   : BIOS.obj (.text:ti_sysbios_gates_GateHwi_leave__E)
                  00004916    00000002     --HOLE-- [fill = 0]
                  00004918    00000006                   : BIOS.obj (.text:ti_sysbios_heaps_HeapMem_isBlocking__E)
                  0000491e    00000002     --HOLE-- [fill = 0]
                  00004920    00000006                   : BIOS.obj (.text:ti_sysbios_knl_Queue_Instance_init__E)
                  00004926    00000002     --HOLE-- [fill = 0]
                  00004928    00000006                   : BIOS.obj (.text:ti_sysbios_knl_Swi_startup__E)
                  0000492e    00000002     --HOLE-- [fill = 0]
                  00004930    00000004                   : BIOS.obj (.text:ti_sysbios_gates_GateHwi_query__E)
                  00004934    00000004     --HOLE-- [fill = 0]
                  00004938    00000004                   : BIOS.obj (.text:ti_sysbios_gates_GateMutex_query__E)
                  0000493c    00000004     --HOLE-- [fill = 0]
                  00004940    00000004                   : BIOS.obj (.text:ti_sysbios_knl_Semaphore_getCount__E)
                  00004944    00000004     --HOLE-- [fill = 0]
                  00004948    00000004                   : BIOS.obj (.text:ti_sysbios_knl_Task_startup__E)
                  0000494c    00000004     --HOLE-- [fill = 0]
                  00004950    00000002                   : BIOS.obj (.text:ti_sysbios_gates_GateHwi_Instance_init__E)
                  00004952    00000006     --HOLE-- [fill = 0]
                  00004958    00000002                   : BIOS.obj (.text:ti_sysbios_knl_Clock_logTick__E)

.const     0    0000495c    00001ede     
                  0000495c    00001861     mutex_pem4f.oem4f (.const:xdc_runtime_Text_charTab__A)
                  000061bd    00000001     mutex_pem4f.oem4f (.const:xdc_runtime_Error_policy__C)
                  000061be    00000002     mutex_pem4f.oem4f (.const:ti_catalog_arm_cortexm4_tiva_ce_Boot_Module__id__C)
                  000061c0    00000120     Boot.aem4f : Boot_sysctl.oem4f (.const:g_pppui32XTALtoVCO)
                  000062e0    000000bc     mutex_pem4f.oem4f (.const:xdc_runtime_Text_nodeTab__A)
                  0000639c    0000006c     Boot.aem4f : Boot_sysctl.oem4f (.const:g_pui32Xtals)
                  00006408    00000048     mutex_pem4f.oem4f (.const:.string)
                  00006450    0000003c     mutex_pem4f.oem4f (.const:ti_sysbios_knl_Task_Object__PARAMS__C)
                  0000648c    00000030     Boot.aem4f : Boot_sysctl.oem4f (.const:g_sXTALtoMEMTIM)
                  000064bc    00000028     mutex_pem4f.oem4f (.const:ti_sysbios_heaps_HeapMem_Module__FXNS__C)
                  000064e4    00000024     mutex_pem4f.oem4f (.const:ti_sysbios_gates_GateHwi_Module__FXNS__C)
                  00006508    00000024     mutex_pem4f.oem4f (.const:ti_sysbios_gates_GateMutex_Module__FXNS__C)
                  0000652c    00000024     mutex_pem4f.oem4f (.const:ti_sysbios_heaps_HeapMem_Object__PARAMS__C)
                  00006550    00000024     mutex_pem4f.oem4f (.const:ti_sysbios_knl_Semaphore_Object__PARAMS__C)
                  00006574    00000020     mutex_pem4f.oem4f (.const:ti_sysbios_gates_GateHwi_Object__DESC__C)
                  00006594    00000020     mutex_pem4f.oem4f (.const:ti_sysbios_gates_GateMutex_Object__DESC__C)
                  000065b4    00000020     mutex_pem4f.oem4f (.const:ti_sysbios_heaps_HeapMem_Object__DESC__C)
                  000065d4    00000020     mutex_pem4f.oem4f (.const:ti_sysbios_knl_Queue_Object__DESC__C)
                  000065f4    00000020     mutex_pem4f.oem4f (.const:ti_sysbios_knl_Semaphore_Object__DESC__C)
                  00006614    00000020     mutex_pem4f.oem4f (.const:ti_sysbios_knl_Task_Object__DESC__C)
                  00006634    00000020     mutex_pem4f.oem4f (.const:xdc_runtime_Startup_sfxnTab__A)
                  00006654    00000018     mutex_pem4f.oem4f (.const:ti_sysbios_gates_GateHwi_Object__PARAMS__C)
                  0000666c    00000018     mutex_pem4f.oem4f (.const:ti_sysbios_gates_GateMutex_Object__PARAMS__C)
                  00006684    00000018     mutex_pem4f.oem4f (.const:ti_sysbios_knl_Queue_Object__PARAMS__C)
                  0000669c    00000014     mutex_pem4f.oem4f (.const:xdc_runtime_Startup_firstFxns__A)
                  000066b0    00000010     mutex_pem4f.oem4f (.const:xdc_runtime_Startup_sfxnRts__A)
                  000066c0    00000008     Boot.aem4f : Boot_sysctl.oem4f (.const)
                  000066c8    00000008     mutex_pem4f.oem4f (.const:ti_sysbios_family_arm_m3_Hwi_excHookFuncs__A)
                  000066d0    00000008     mutex_pem4f.oem4f (.const:ti_sysbios_knl_Idle_funcList__C)
                  000066d8    00000008     mutex_pem4f.oem4f (.const:xdc_runtime_Startup_firstFxns__C)
                  000066e0    00000008     mutex_pem4f.oem4f (.const:xdc_runtime_Startup_lastFxns__C)
                  000066e8    00000004     mutex_pem4f.oem4f (.const:ti_catalog_arm_cortexm4_tiva_ce_Boot_A_mustNotUseEnhancedClockMode__C)
                  000066ec    00000004     mutex_pem4f.oem4f (.const:ti_catalog_arm_cortexm4_tiva_ce_Boot_Module__diagsEnabled__C)
                  000066f0    00000004     mutex_pem4f.oem4f (.const:ti_catalog_arm_cortexm4_tiva_ce_Boot_Module__diagsIncluded__C)
                  000066f4    00000004     mutex_pem4f.oem4f (.const:ti_catalog_arm_cortexm4_tiva_ce_Boot_Module__diagsMask__C)
                  000066f8    00000004     mutex_pem4f.oem4f (.const:ti_sysbios_family_arm_lm4_Timer_enableFunc__C)
                  000066fc    00000004     mutex_pem4f.oem4f (.const:ti_sysbios_family_arm_lm4_Timer_numTimerDevices__C)
                  00006700    00000004     mutex_pem4f.oem4f (.const:ti_sysbios_family_arm_lm4_Timer_startupNeeded__C)
                  00006704    00000004     mutex_pem4f.oem4f (.const:ti_sysbios_family_arm_m3_Hwi_E_NMI__C)
                  00006708    00000004     mutex_pem4f.oem4f (.const:ti_sysbios_family_arm_m3_Hwi_E_busFault__C)
                  0000670c    00000004     mutex_pem4f.oem4f (.const:ti_sysbios_family_arm_m3_Hwi_E_debugMon__C)
                  00006710    00000004     mutex_pem4f.oem4f (.const:ti_sysbios_family_arm_m3_Hwi_E_hardFault__C)
                  00006714    00000004     mutex_pem4f.oem4f (.const:ti_sysbios_family_arm_m3_Hwi_E_memFault__C)
                  00006718    00000004     mutex_pem4f.oem4f (.const:ti_sysbios_family_arm_m3_Hwi_E_noIsr__C)
                  0000671c    00000004     mutex_pem4f.oem4f (.const:ti_sysbios_family_arm_m3_Hwi_E_reserved__C)
                  00006720    00000004     mutex_pem4f.oem4f (.const:ti_sysbios_family_arm_m3_Hwi_E_svCall__C)
                  00006724    00000004     mutex_pem4f.oem4f (.const:ti_sysbios_family_arm_m3_Hwi_E_usageFault__C)
                  00006728    00000004     mutex_pem4f.oem4f (.const:ti_sysbios_family_arm_m3_Hwi_NUM_INTERRUPTS__C)
                  0000672c    00000004     mutex_pem4f.oem4f (.const:ti_sysbios_family_arm_m3_Hwi_Object__count__C)
                  00006730    00000004     mutex_pem4f.oem4f (.const:ti_sysbios_family_arm_m3_Hwi_ccr__C)
                  00006734    00000004     mutex_pem4f.oem4f (.const:ti_sysbios_family_arm_m3_Hwi_excHandlerFunc__C)
                  00006738    00000004     mutex_pem4f.oem4f (.const:ti_sysbios_family_arm_m3_Hwi_excHookFuncs__C)
                  0000673c    00000004     mutex_pem4f.oem4f (.const:ti_sysbios_family_arm_m3_Hwi_nullIsrFunc__C)
                  00006740    00000004     mutex_pem4f.oem4f (.const:ti_sysbios_family_arm_m3_Hwi_priGroup__C)
                  00006744    00000004     mutex_pem4f.oem4f (.const:ti_sysbios_family_arm_m3_TaskSupport_stackAlignment__C)
                  00006748    00000004     mutex_pem4f.oem4f (.const:ti_sysbios_gates_GateMutex_Instance_State_sem__O)
                  0000674c    00000004     mutex_pem4f.oem4f (.const:ti_sysbios_hal_Hwi_E_stackOverflow__C)
                  00006750    00000004     mutex_pem4f.oem4f (.const:ti_sysbios_heaps_HeapMem_E_memory__C)
                  00006754    00000004     mutex_pem4f.oem4f (.const:ti_sysbios_heaps_HeapMem_Module__gateObj__C)
                  00006758    00000004     mutex_pem4f.oem4f (.const:ti_sysbios_heaps_HeapMem_Object__count__C)
                  0000675c    00000004     mutex_pem4f.oem4f (.const:ti_sysbios_heaps_HeapMem_reqAlign__C)
                  00006760    00000004     mutex_pem4f.oem4f (.const:ti_sysbios_knl_Clock_Module_State_clockQ__O)
                  00006764    00000004     mutex_pem4f.oem4f (.const:ti_sysbios_knl_Clock_tickPeriod__C)
                  00006768    00000004     mutex_pem4f.oem4f (.const:ti_sysbios_knl_Idle_funcList__A)
                  0000676c    00000004     mutex_pem4f.oem4f (.const:ti_sysbios_knl_Semaphore_Instance_State_pendQ__O)
                  00006770    00000004     mutex_pem4f.oem4f (.const:ti_sysbios_knl_Swi_Object__count__C)
                  00006774    00000004     mutex_pem4f.oem4f (.const:ti_sysbios_knl_Task_E_spOutOfBounds__C)
                  00006778    00000004     mutex_pem4f.oem4f (.const:ti_sysbios_knl_Task_E_stackOverflow__C)
                  0000677c    00000004     mutex_pem4f.oem4f (.const:ti_sysbios_knl_Task_Module_State_inactiveQ__O)
                  00006780    00000004     mutex_pem4f.oem4f (.const:ti_sysbios_knl_Task_Object__count__C)
                  00006784    00000004     mutex_pem4f.oem4f (.const:ti_sysbios_knl_Task_allBlockedFunc__C)
                  00006788    00000004     mutex_pem4f.oem4f (.const:ti_sysbios_knl_Task_defaultStackHeap__C)
                  0000678c    00000004     mutex_pem4f.oem4f (.const:ti_sysbios_knl_Task_defaultStackSize__C)
                  00006790    00000004     mutex_pem4f.oem4f (.const:ti_sysbios_knl_Task_numConstructedTasks__C)
                  00006794    00000004     mutex_pem4f.oem4f (.const:xdc_runtime_Assert_E_assertFailed__C)
                  00006798    00000004     mutex_pem4f.oem4f (.const:xdc_runtime_Core_A_initializedParams__C)
                  0000679c    00000004     mutex_pem4f.oem4f (.const:xdc_runtime_Core_Module__diagsEnabled__C)
                  000067a0    00000004     mutex_pem4f.oem4f (.const:xdc_runtime_Core_Module__diagsIncluded__C)
                  000067a4    00000004     mutex_pem4f.oem4f (.const:xdc_runtime_Core_Module__diagsMask__C)
                  000067a8    00000004     mutex_pem4f.oem4f (.const:xdc_runtime_Error_E_memory__C)
                  000067ac    00000004     mutex_pem4f.oem4f (.const:xdc_runtime_Error_Module__diagsEnabled__C)
                  000067b0    00000004     mutex_pem4f.oem4f (.const:xdc_runtime_Error_Module__diagsIncluded__C)
                  000067b4    00000004     mutex_pem4f.oem4f (.const:xdc_runtime_Error_Module__diagsMask__C)
                  000067b8    00000004     mutex_pem4f.oem4f (.const:xdc_runtime_Error_Module__loggerFxn8__C)
                  000067bc    00000004     mutex_pem4f.oem4f (.const:xdc_runtime_Error_Module__loggerObj__C)
                  000067c0    00000004     mutex_pem4f.oem4f (.const:xdc_runtime_Error_policyFxn__C)
                  000067c4    00000004     mutex_pem4f.oem4f (.const:xdc_runtime_Error_raiseHook__C)
                  000067c8    00000004     mutex_pem4f.oem4f (.const:xdc_runtime_IGateProvider_Interface__BASE__C)
                  000067cc    00000004     mutex_pem4f.oem4f (.const:xdc_runtime_IHeap_Interface__BASE__C)
                  000067d0    00000004     mutex_pem4f.oem4f (.const:xdc_runtime_IModule_Interface__BASE__C)
                  000067d4    00000004     mutex_pem4f.oem4f (.const:xdc_runtime_Log_L_error__C)
                  000067d8    00000004     mutex_pem4f.oem4f (.const:xdc_runtime_Memory_defaultHeapInstance__C)
                  000067dc    00000004     mutex_pem4f.oem4f (.const:xdc_runtime_Startup_execImpl__C)
                  000067e0    00000004     mutex_pem4f.oem4f (.const:xdc_runtime_Startup_maxPasses__C)
                  000067e4    00000004     mutex_pem4f.oem4f (.const:xdc_runtime_Startup_sfxnRts__C)
                  000067e8    00000004     mutex_pem4f.oem4f (.const:xdc_runtime_Startup_sfxnTab__C)
                  000067ec    00000004     mutex_pem4f.oem4f (.const:xdc_runtime_SysMin_bufSize__C)
                  000067f0    00000004     mutex_pem4f.oem4f (.const:xdc_runtime_SysMin_outputFunc__C)
                  000067f4    00000004     mutex_pem4f.oem4f (.const:xdc_runtime_System_Module__gateObj__C)
                  000067f8    00000004     mutex_pem4f.oem4f (.const:xdc_runtime_System_abortFxn__C)
                  000067fc    00000004     mutex_pem4f.oem4f (.const:xdc_runtime_System_exitFxn__C)
                  00006800    00000004     mutex_pem4f.oem4f (.const:xdc_runtime_System_extendFxn__C)
                  00006804    00000004     mutex_pem4f.oem4f (.const:xdc_runtime_System_maxAtexitHandlers__C)
                  00006808    00000004     mutex_pem4f.oem4f (.const:xdc_runtime_Text_charTab__C)
                  0000680c    00000004     mutex_pem4f.oem4f (.const:xdc_runtime_Text_nameEmpty__C)
                  00006810    00000004     mutex_pem4f.oem4f (.const:xdc_runtime_Text_nameStatic__C)
                  00006814    00000004     mutex_pem4f.oem4f (.const:xdc_runtime_Text_nameUnknown__C)
                  00006818    00000004     mutex_pem4f.oem4f (.const:xdc_runtime_Text_nodeTab__C)
                  0000681c    00000004     mutex_pem4f.oem4f (.const:xdc_runtime_Text_visitRopeFxn__C)
                  00006820    00000002     mutex_pem4f.oem4f (.const:ti_sysbios_family_arm_m3_Hwi_Module__id__C)
                  00006822    00000002     mutex_pem4f.oem4f (.const:ti_sysbios_hal_Hwi_Module__id__C)
                  00006824    00000002     mutex_pem4f.oem4f (.const:ti_sysbios_heaps_HeapMem_Module__id__C)
                  00006826    00000002     mutex_pem4f.oem4f (.const:ti_sysbios_knl_Task_Module__id__C)
                  00006828    00000002     mutex_pem4f.oem4f (.const:xdc_runtime_Core_Module__id__C)
                  0000682a    00000002     mutex_pem4f.oem4f (.const:xdc_runtime_Error_Module__loggerDefined__C)
                  0000682c    00000002     mutex_pem4f.oem4f (.const:xdc_runtime_Error_maxDepth__C)
                  0000682e    00000002     mutex_pem4f.oem4f (.const:xdc_runtime_Memory_Module__id__C)
                  00006830    00000002     mutex_pem4f.oem4f (.const:xdc_runtime_SysMin_flushAtExit__C)
                  00006832    00000002     mutex_pem4f.oem4f (.const:xdc_runtime_Text_charCnt__C)
                  00006834    00000002     mutex_pem4f.oem4f (.const:xdc_runtime_Text_isLoaded__C)
                  00006836    00000002     mutex_pem4f.oem4f (.const:xdc_runtime_Text_registryModsLastId__C)
                  00006838    00000002     mutex_pem4f.oem4f (.const:xdc_runtime_Text_unnamedModsLastId__C)

.cinit     0    00006840    000001f8     
                  00006840    000001c3     (.cinit..data.load) [load image, compression = lzss]
                  00006a03    00000001     --HOLE-- [fill = 0]
                  00006a04    0000000c     (__TI_handler_table)
                  00006a10    00000008     (.cinit..bss.load) [load image, compression = zero_init]
                  00006a18    00000008     (.cinit..vecs.load) [load image, compression = zero_init]
                  00006a20    00000018     (__TI_cinit_table)

.init_array 
*          0    00000000    00000000     UNINITIALIZED

.resetVecs 
*          0    00000000    0000003c     
                  00000000    0000003c     mutex_pem4f.oem4f (.resetVecs)

.vecs      0    20000000    00000360     UNINITIALIZED
                  20000000    00000360     mutex_pem4f.oem4f (.vecs)

.bss       0    20000360    0000114c     UNINITIALIZED
                  20000360    00000400     (.common:ti_sysbios_heaps_HeapMem_Instance_State_0_buf__A)
                  20000760    00000360     (.common:ti_sysbios_family_arm_m3_Hwi_dispatchTable)
                  20000ac0    00000200     mutex_pem4f.oem4f (.bss:taskStackSection)
                  20000cc0    00000200     (.common:task1Stack)
                  20000ec0    00000200     (.common:task2Stack)
                  200010c0    00000200     (.common:xdc_runtime_SysMin_Module_State_0_outbuf__A)
                  200012c0    00000120     rtsv7M4_T_le_v4SPD16_eabi.lib : trgmsg.obj (.bss:_CIOBUF_)
                  200013e0    00000050     (.common:task1Struct)
                  20001430    00000050     (.common:task2Struct)
                  20001480    0000001c     (.common:semStruct)
                  2000149c    00000008                                   : trgdrv.obj (.bss:parmbuf)
                  200014a4    00000004     (.common:semHandle)
                  200014a8    00000004     (.common:sleepTickCount)

.data      0    200014ac    00000408     UNINITIALIZED
                  200014ac    00000080     mutex_pem4f.oem4f (.data:ti_sysbios_knl_Swi_Module_State_0_readyQ__A)
                  2000152c    00000080     mutex_pem4f.oem4f (.data:ti_sysbios_knl_Task_Module_State_0_readyQ__A)
                  200015ac    0000004c     mutex_pem4f.oem4f (.data:ti_sysbios_knl_Task_Object__table__V)
                  200015f8    00000044     mutex_pem4f.oem4f (.data:ti_sysbios_knl_Task_Module__state__V)
                  2000163c    00000040     mutex_pem4f.oem4f (.data:ti_sysbios_family_arm_lm4_Timer_Module_State_0_device__A)
                  2000167c    00000040     mutex_pem4f.oem4f (.data:ti_sysbios_family_arm_lm4_Timer_Object__table__V)
                  200016bc    00000038     mutex_pem4f.oem4f (.data:ti_sysbios_gates_GateMutex_Object__table__V)
                  200016f4    00000034     mutex_pem4f.oem4f (.data:ti_sysbios_family_arm_m3_Hwi_Module__state__V)
                  20001728    00000030     mutex_pem4f.oem4f (.data:ti_sysbios_knl_Swi_Object__table__V)
                  20001758    0000002c     mutex_pem4f.oem4f (.data:ti_sysbios_knl_Clock_Module__state__V)
                  20001784    00000024     mutex_pem4f.oem4f (.data:ti_sysbios_BIOS_Module__state__V)
                  200017a8    00000020     mutex_pem4f.oem4f (.data:ti_sysbios_family_arm_lm4_Timer_Module_State_0_handles__A)
                  200017c8    0000001c     mutex_pem4f.oem4f (.data:ti_sysbios_knl_Swi_Module__state__V)
                  200017e4    00000018     mutex_pem4f.oem4f (.data:ti_sysbios_family_arm_m3_Hwi_Object__table__V)
                  200017fc    00000018     mutex_pem4f.oem4f (.data:ti_sysbios_heaps_HeapMem_Object__table__V)
                  20001814    0000000c     rtsv7M4_T_le_v4SPD16_eabi.lib : exit.obj (.data:$O1$$)
                  20001820    0000000c     mutex_pem4f.oem4f (.data:ti_sysbios_family_arm_lm4_Timer_Module__state__V)
                  2000182c    0000000c     mutex_pem4f.oem4f (.data:xdc_runtime_SysMin_Module__state__V)
                  20001838    00000008     rtsv7M4_T_le_v4SPD16_eabi.lib : _lock.obj (.data:$O1$$)
                  20001840    00000008     mutex.obj (.data)
                  20001848    00000008     mutex_pem4f.oem4f (.data:ti_sysbios_gates_GateHwi_Module__root__V)
                  20001850    00000008     mutex_pem4f.oem4f (.data:ti_sysbios_gates_GateMutex_Module__root__V)
                  20001858    00000008     mutex_pem4f.oem4f (.data:ti_sysbios_heaps_HeapMem_Module__root__V)
                  20001860    00000008     mutex_pem4f.oem4f (.data:ti_sysbios_knl_Queue_Module__root__V)
                  20001868    00000008     mutex_pem4f.oem4f (.data:ti_sysbios_knl_Semaphore_Module__root__V)
                  20001870    00000008     mutex_pem4f.oem4f (.data:ti_sysbios_knl_Task_Module__root__V)
                  20001878    00000008     mutex_pem4f.oem4f (.data:xdc_runtime_Registry_Module__state__V)
                  20001880    00000008     mutex_pem4f.oem4f (.data:xdc_runtime_Startup_Module__state__V)
                  20001888    00000008     mutex_pem4f.oem4f (.data:xdc_runtime_System_Module_State_0_atexitHandlers__A)
                  20001890    00000008     mutex_pem4f.oem4f (.data:xdc_runtime_System_Module__state__V)
                  20001898    00000004     rtsv7M4_T_le_v4SPD16_eabi.lib : stkdepth_vars.obj (.data)
                  2000189c    00000004     mutex_pem4f.oem4f (.data:ti_sysbios_family_arm_m3_Hwi_Module_State_0_excContext__A)
                  200018a0    00000004     mutex_pem4f.oem4f (.data:ti_sysbios_family_arm_m3_Hwi_Module_State_0_excStack__A)
                  200018a4    00000004     mutex_pem4f.oem4f (.data:ti_sysbios_gates_GateHwi_Object__table__V)
                  200018a8    00000004     mutex_pem4f.oem4f (.data:ti_sysbios_knl_Task_Module_State_0_idleTask__A)
                  200018ac    00000004     mutex_pem4f.oem4f (.data:xdc_runtime_Memory_Module__state__V)
                  200018b0    00000002     mutex_pem4f.oem4f (.data:ti_sysbios_family_arm_m3_Hwi_Module_State_0_excActive__A)
                  200018b2    00000002     mutex_pem4f.oem4f (.data:xdc_runtime_Error_Module__state__V)

.stack     0    200018b4    00000300     UNINITIALIZED
                  200018b4    00000300     --HOLE--

.bootVecs 
*          0    00000000    00000008     DSECT
                  00000000    00000008     boot.aem4f : boot.oem4f (.bootVecs)

xdc.meta   0    00000000    00000112     COPY SECTION
                  00000000    00000112     mutex_pem4f.oem4f (xdc.meta)

MODULE SUMMARY

       Module                     code    ro data   rw data
       ------                     ----    -------   -------
    .\
       mutex.obj                  548     0         1228   
       DK_TM4C129X.obj            184     0         0      
    +--+--------------------------+-------+---------+---------+
       Total:                     732     0         1228   
                                                           
    C:\Users\WadeJensen\Dropbox\01_EN40\YEAR_4_SEM_1\EGH456\Repos\code_composer\empty_example\Debug\configPkg\package\cfg\
       mutex_pem4f.oem4f          1558    7510      4776   
    +--+--------------------------+-------+---------+---------+
       Total:                     1558    7510      4776   
                                                           
    C:/ti/tirtos_tivac_2_16_00_08/products/TivaWare_C_Series-2.1.1.71b/driverlib/ccs/Debug/driverlib.lib
       sysctl.obj                 52      0         0      
    +--+--------------------------+-------+---------+---------+
       Total:                     52      0         0      
                                                           
    C:\Users\WadeJensen\Dropbox\01_EN40\YEAR_4_SEM_1\EGH456\Repos\code_composer\empty_example\src\sysbios\sysbios.aem4f
       BIOS.obj                   8884    0         0      
       m3_Hwi_asm.obj             314     0         0      
       m3_TaskSupport_asm.obj     180     0         0      
       m3_Hwi_asm_switch.obj      118     0         0      
    +--+--------------------------+-------+---------+---------+
       Total:                     9496    0         0      
                                                           
    C:\ti\ccsv7\tools\compiler\ti-cgt-arm_16.9.1.LTS\lib\rtsv7M4_T_le_v4SPD16_eabi.lib
       trgdrv.obj                 804     0         8      
       trgmsg.obj                 104     0         288    
       memcpy_t2.obj              156     0         0      
       memset_t2.obj              122     0         0      
       copy_decompress_lzss.obj   104     0         0      
       exit.obj                   84      0         12     
       cpy_tbl.obj                76      0         0      
       u_divt2.obj                64      0         0      
       _lock.obj                  20      0         8      
       args_main.obj              24      0         0      
       strcpy.obj                 20      0         0      
       strlen.obj                 20      0         0      
       copy_decompress_none.obj   14      0         0      
       copy_zero_init.obj         12      0         0      
       stkdepth_vars.obj          0       0         4      
       i_div0.obj                 2       0         0      
    +--+--------------------------+-------+---------+---------+
       Total:                     1626    0         320    
                                                           
    C:\ti\tirtos_tivac_2_16_00_08\products\bios_6_45_01_29\packages\ti\catalog\arm\cortexm4\tiva\ce\lib\Boot.aem4f
       Boot_sysctl.oem4f          628     452       0      
       Boot.oem4f                 152     0         0      
    +--+--------------------------+-------+---------+---------+
       Total:                     780     452       0      
                                                           
    C:\ti\tirtos_tivac_2_16_00_08\products\bios_6_45_01_29\packages\ti\targets\arm\rtsarm\lib\auto_init.aem4f
       auto_init.oem4f            160     0         0      
    +--+--------------------------+-------+---------+---------+
       Total:                     160     0         0      
                                                           
    C:\ti\tirtos_tivac_2_16_00_08\products\bios_6_45_01_29\packages\ti\targets\arm\rtsarm\lib\boot.aem4f
       boot.oem4f                 88      0         0      
    +--+--------------------------+-------+---------+---------+
       Total:                     88      0         0      
                                                           
    C:\ti\tirtos_tivac_2_16_00_08\products\bios_6_45_01_29\packages\ti\targets\arm\rtsarm\lib\ti.targets.arm.rtsarm.aem4f
       System.oem4f               1255    0         0      
       Text.oem4f                 672     0         0      
       Error.oem4f                524     0         0      
       Core-mem.oem4f             358     0         0      
       Startup.oem4f              328     0         0      
       SysMin.oem4f               248     0         0      
       Core-smem.oem4f            204     0         0      
       Memory.oem4f               176     0         0      
       Assert.oem4f               84      0         0      
       Core-params.oem4f          70      0         0      
       Core-label.oem4f           52      0         0      
       Registry.oem4f             32      0         0      
       Gate.oem4f                 28      0         0      
    +--+--------------------------+-------+---------+---------+
       Total:                     4031    0         0      
                                                           
       Stack:                     0       0         768    
       Linker Generated:          0       503       0      
    +--+--------------------------+-------+---------+---------+
       Grand Total:               18523   8465      7092   


LINKER GENERATED COPY TABLES

__TI_cinit_table @ 00006a20 records: 3, size/record: 8, table size: 24
	.data: load addr=00006840, load size=000001c3 bytes, run addr=200014ac, run size=00000408 bytes, compression=lzss
	.bss: load addr=00006a10, load size=00000008 bytes, run addr=20000360, run size=0000114c bytes, compression=zero_init
	.vecs: load addr=00006a18, load size=00000008 bytes, run addr=20000000, run size=00000360 bytes, compression=zero_init


LINKER GENERATED HANDLER TABLE

__TI_handler_table @ 00006a04 records: 3, size/record: 4, table size: 12
	index: 0, handler: __TI_decompress_lzss
	index: 1, handler: __TI_decompress_none
	index: 2, handler: __TI_zero_init


GLOBAL SYMBOLS: SORTED ALPHABETICALLY BY Name 

address   name                                                                 
-------   ----                                                                 
00003249  C$$EXIT                                                              
00002deb  C$$IO$$                                                              
000020b5  DK_TM4C129X_initGeneral                                              
00000a97  HOSTclock                                                            
00000a5f  HOSTclose                                                            
00000a21  HOSTgetenv                                                           
000009c5  HOSTlseek                                                            
00000973  HOSTopen                                                             
00000927  HOSTread                                                             
000008c9  HOSTrename                                                           
0000088f  HOSTtime                                                             
00000841  HOSTtime64                                                           
00000809  HOSTunlink                                                           
000007bd  HOSTwrite                                                            
UNDEFED   SHT$$INIT_ARRAY$$Base                                                
UNDEFED   SHT$$INIT_ARRAY$$Limit                                               
00003b89  SysCtlPeripheralEnable                                               
00000000  __ASM__                                                              
200012c0  __CIOBUF_                                                            
00000090  __ISA__                                                              
000000a3  __PLAT__                                                             
20001bb4  __STACK_END                                                          
00000300  __STACK_SIZE                                                         
000000c4  __TARG__                                                             
00006a20  __TI_CINIT_Base                                                      
00006a38  __TI_CINIT_Limit                                                     
00006a04  __TI_Handler_Table_Base                                              
00006a10  __TI_Handler_Table_Limit                                             
000022d5  __TI_auto_init                                                       
20001814  __TI_cleanup_ptr                                                     
00002d55  __TI_decompress_lzss                                                 
000047f1  __TI_decompress_none                                                 
20001818  __TI_dtors_ptr                                                       
2000181c  __TI_enable_exit_profile_output                                      
ffffffff  __TI_pprof_out_hndl                                                  
ffffffff  __TI_prof_data_size                                                  
ffffffff  __TI_prof_data_start                                                 
00002def  __TI_readmsg                                                         
00006840  __TI_static_base__                                                   
00002dbd  __TI_writemsg                                                        
0000481f  __TI_zero_init                                                       
000000ea  __TRDR__                                                             
00002687  __aeabi_idiv0                                                        
000029d5  __aeabi_memclr                                                       
000029d5  __aeabi_memclr4                                                      
000029d5  __aeabi_memclr8                                                      
000024b1  __aeabi_memcpy                                                       
000024b1  __aeabi_memcpy4                                                      
000024b1  __aeabi_memcpy8                                                      
000029d7  __aeabi_memset                                                       
000029d7  __aeabi_memset4                                                      
000029d7  __aeabi_memset8                                                      
00003929  __aeabi_uidiv                                                        
00003929  __aeabi_uidivmod                                                     
ffffffff  __binit__                                                            
ffffffff  __c_args__                                                           
200018b4  __stack                                                              
0000450d  _args_main                                                           
00003199  _c_int00                                                             
20001838  _lock                                                                
00004653  _nop                                                                 
0000464b  _register_lock                                                       
00004645  _register_unlock                                                     
2000183c  _unlock                                                              
0000324d  abort                                                                
ffffffff  binit                                                                
000034e1  copy_in                                                              
00003255  exit                                                                 
20001844  finishCount                                                          
00002415  main                                                                 
20001898  main_func_sp                                                         
000024b1  memcpy                                                               
000029dd  memset                                                               
00004791  osi_TaskDisable                                                      
00004731  osi_start                                                            
20001840  resource                                                             
200014a4  semHandle                                                            
20001480  semStruct                                                            
200014a8  sleepTickCount                                                       
00004659  strcpy                                                               
0000466d  strlen                                                               
000027b5  task1Fxn                                                             
20000cc0  task1Stack                                                           
200013e0  task1Struct                                                          
00001db9  task2Fxn                                                             
20000ec0  task2Stack                                                           
20001430  task2Struct                                                          
000066e8  ti_catalog_arm_cortexm4_tiva_ce_Boot_A_mustNotUseEnhancedClockMode__C
000066ec  ti_catalog_arm_cortexm4_tiva_ce_Boot_Module__diagsEnabled__C         
000066f0  ti_catalog_arm_cortexm4_tiva_ce_Boot_Module__diagsIncluded__C        
000066f4  ti_catalog_arm_cortexm4_tiva_ce_Boot_Module__diagsMask__C            
000061be  ti_catalog_arm_cortexm4_tiva_ce_Boot_Module__id__C                   
000046fd  ti_catalog_arm_cortexm4_tiva_ce_Boot_init__I                         
00000ae1  ti_catalog_arm_cortexm4_tiva_ce_Boot_sysCtlClockFreqSetI__I          
00002689  ti_catalog_arm_cortexm4_tiva_ce_Boot_sysCtlClockFreqSet__E           
20001784  ti_sysbios_BIOS_Module__state__V                                     
00004471  ti_sysbios_BIOS_RtsGateProxy_Handle__label__S                        
000040f5  ti_sysbios_BIOS_RtsGateProxy_Object__delete__S                       
00000ce5  ti_sysbios_BIOS_RtsGateProxy_enter__E                                
00000ee5  ti_sysbios_BIOS_RtsGateProxy_leave__E                                
00004939  ti_sysbios_BIOS_RtsGateProxy_query__E                                
00003ccd  ti_sysbios_BIOS_atExitFunc__I                                        
00004065  ti_sysbios_BIOS_errorRaiseHook__I                                    
00004601  ti_sysbios_BIOS_exitFunc__I                                          
00004711  ti_sysbios_BIOS_exit__E                                              
00002a4f  ti_sysbios_BIOS_nullFunc__I                                          
00004089  ti_sysbios_BIOS_registerRTSLock__I                                   
000040ad  ti_sysbios_BIOS_removeRTSLock__I                                     
00004215  ti_sysbios_BIOS_rtsLock__I                                           
00004525  ti_sysbios_BIOS_rtsUnlock__I                                         
00004721  ti_sysbios_BIOS_setThreadType__E                                     
000040d1  ti_sysbios_BIOS_startFunc__I                                         
00004731  ti_sysbios_BIOS_start__E                                             
2000163c  ti_sysbios_family_arm_lm4_Timer_Module_State_0_device__A             
200017a8  ti_sysbios_family_arm_lm4_Timer_Module_State_0_handles__A            
0000453d  ti_sysbios_family_arm_lm4_Timer_Module__startupDone__F               
0000453d  ti_sysbios_family_arm_lm4_Timer_Module__startupDone__S               
20001820  ti_sysbios_family_arm_lm4_Timer_Module__state__V                     
00002e91  ti_sysbios_family_arm_lm4_Timer_Module_startup__E                    
2000167c  ti_sysbios_family_arm_lm4_Timer_Object__table__V                     
000066f8  ti_sysbios_family_arm_lm4_Timer_enableFunc__C                        
00003621  ti_sysbios_family_arm_lm4_Timer_enableTimers__I                      
00002229  ti_sysbios_family_arm_lm4_Timer_enableTiva__I                        
00004831  ti_sysbios_family_arm_lm4_Timer_getMaxTicks__E                       
000032a1  ti_sysbios_family_arm_lm4_Timer_initDevice__I                        
00003789  ti_sysbios_family_arm_lm4_Timer_isrStub__E                           
000048f1  ti_sysbios_family_arm_lm4_Timer_masterDisable__I                     
0000105d  ti_sysbios_family_arm_lm4_Timer_masterEnable__I                      
000066fc  ti_sysbios_family_arm_lm4_Timer_numTimerDevices__C                   
00001581  ti_sysbios_family_arm_lm4_Timer_start__E                             
00006700  ti_sysbios_family_arm_lm4_Timer_startupNeeded__C                     
00003969  ti_sysbios_family_arm_lm4_Timer_startup__E                           
00003d01  ti_sysbios_family_arm_lm4_Timer_stop__E                              
000041b1  ti_sysbios_family_arm_lm4_Timer_write__I                             
00006704  ti_sysbios_family_arm_m3_Hwi_E_NMI__C                                
00006708  ti_sysbios_family_arm_m3_Hwi_E_busFault__C                           
0000670c  ti_sysbios_family_arm_m3_Hwi_E_debugMon__C                           
00006710  ti_sysbios_family_arm_m3_Hwi_E_hardFault__C                          
00006714  ti_sysbios_family_arm_m3_Hwi_E_memFault__C                           
00006718  ti_sysbios_family_arm_m3_Hwi_E_noIsr__C                              
0000671c  ti_sysbios_family_arm_m3_Hwi_E_reserved__C                           
00006720  ti_sysbios_family_arm_m3_Hwi_E_svCall__C                             
00006724  ti_sysbios_family_arm_m3_Hwi_E_usageFault__C                         
0000443d  ti_sysbios_family_arm_m3_Hwi_Handle__label__S                        
200018b0  ti_sysbios_family_arm_m3_Hwi_Module_State_0_excActive__A             
2000189c  ti_sysbios_family_arm_m3_Hwi_Module_State_0_excContext__A            
200018a0  ti_sysbios_family_arm_m3_Hwi_Module_State_0_excStack__A              
00006820  ti_sysbios_family_arm_m3_Hwi_Module__id__C                           
00004555  ti_sysbios_family_arm_m3_Hwi_Module__startupDone__F                  
00004555  ti_sysbios_family_arm_m3_Hwi_Module__startupDone__S                  
200016f4  ti_sysbios_family_arm_m3_Hwi_Module__state__V                        
000033f1  ti_sysbios_family_arm_m3_Hwi_Module_startup__E                       
00006728  ti_sysbios_family_arm_m3_Hwi_NUM_INTERRUPTS__C                       
0000672c  ti_sysbios_family_arm_m3_Hwi_Object__count__C                        
00004681  ti_sysbios_family_arm_m3_Hwi_Object__get__S                          
200017e4  ti_sysbios_family_arm_m3_Hwi_Object__table__V                        
00006730  ti_sysbios_family_arm_m3_Hwi_ccr__C                                  
00003669  ti_sysbios_family_arm_m3_Hwi_disableInterrupt__E                     
00002ef9  ti_sysbios_family_arm_m3_Hwi_dispatchC__I                            
20000760  ti_sysbios_family_arm_m3_Hwi_dispatchTable                           
00001979  ti_sysbios_family_arm_m3_Hwi_dispatch__I                             
000048f9  ti_sysbios_family_arm_m3_Hwi_doSwiRestore__I                         
00004909  ti_sysbios_family_arm_m3_Hwi_doTaskRestore__I                        
000036b1  ti_sysbios_family_arm_m3_Hwi_enableInterrupt__E                      
00000ee9  ti_sysbios_family_arm_m3_Hwi_excBusFault__I                          
00001e79  ti_sysbios_family_arm_m3_Hwi_excDebugMon__I                          
00000041  ti_sysbios_family_arm_m3_Hwi_excDumpRegs__I                          
00004235  ti_sysbios_family_arm_m3_Hwi_excHandlerAsm__I                        
00006734  ti_sysbios_family_arm_m3_Hwi_excHandlerFunc__C                       
00000ce9  ti_sysbios_family_arm_m3_Hwi_excHandlerMax__I                        
00004259  ti_sysbios_family_arm_m3_Hwi_excHandler__I                           
00001f39  ti_sysbios_family_arm_m3_Hwi_excHardFault__I                         
000066c8  ti_sysbios_family_arm_m3_Hwi_excHookFuncs__A                         
00006738  ti_sysbios_family_arm_m3_Hwi_excHookFuncs__C                         
00001321  ti_sysbios_family_arm_m3_Hwi_excMemFault__I                          
00003bc1  ti_sysbios_family_arm_m3_Hwi_excNmi__I                               
00003aa9  ti_sysbios_family_arm_m3_Hwi_excNoIsr__I                             
000036f9  ti_sysbios_family_arm_m3_Hwi_excReserved__I                          
000039e9  ti_sysbios_family_arm_m3_Hwi_excSvCall__I                            
00001061  ti_sysbios_family_arm_m3_Hwi_excUsageFault__I                        
000037d1  ti_sysbios_family_arm_m3_Hwi_getStackInfo__E                         
00002721  ti_sysbios_family_arm_m3_Hwi_initNVIC__E                             
000031f1  ti_sysbios_family_arm_m3_Hwi_initStacks__E                           
0000673c  ti_sysbios_family_arm_m3_Hwi_nullIsrFunc__C                          
e000e000  ti_sysbios_family_arm_m3_Hwi_nvic                                    
00004019  ti_sysbios_family_arm_m3_Hwi_pendSV__I                               
000028d1  ti_sysbios_family_arm_m3_Hwi_postInit__I                             
00006740  ti_sysbios_family_arm_m3_Hwi_priGroup__C                             
20000000  ti_sysbios_family_arm_m3_Hwi_ramVectors                              
00000000  ti_sysbios_family_arm_m3_Hwi_resetVectors                            
0000403d  ti_sysbios_family_arm_m3_Hwi_return                                  
00004901  ti_sysbios_family_arm_m3_Hwi_startup__E                              
00004699  ti_sysbios_family_arm_m3_Hwi_switchFromBootStack__E                  
000011c5  ti_sysbios_family_arm_m3_TaskSupport_Module__startupDone__S          
00002845  ti_sysbios_family_arm_m3_TaskSupport_buildTaskStack                  
00004841  ti_sysbios_family_arm_m3_TaskSupport_checkStack__E                   
00004851  ti_sysbios_family_arm_m3_TaskSupport_getStackAlignment__E            
00004741  ti_sysbios_family_arm_m3_TaskSupport_glue                            
00006744  ti_sysbios_family_arm_m3_TaskSupport_stackAlignment__C               
00003d31  ti_sysbios_family_arm_m3_TaskSupport_start__E                        
0000456d  ti_sysbios_family_arm_m3_TaskSupport_swap__E                         
00004339  ti_sysbios_family_xxx_Hwi_switchAndRunFunc                           
00004457  ti_sysbios_gates_GateHwi_Handle__label__S                            
00004951  ti_sysbios_gates_GateHwi_Instance_init__E                            
000064e4  ti_sysbios_gates_GateHwi_Module__FXNS__C                             
20001848  ti_sysbios_gates_GateHwi_Module__root__V                             
00006574  ti_sysbios_gates_GateHwi_Object__DESC__C                             
00006654  ti_sysbios_gates_GateHwi_Object__PARAMS__C                           
00003d61  ti_sysbios_gates_GateHwi_Object__create__S                           
00004279  ti_sysbios_gates_GateHwi_Object__delete__S                           
200018a4  ti_sysbios_gates_GateHwi_Object__table__V                            
00004861  ti_sysbios_gates_GateHwi_enter__E                                    
00004911  ti_sysbios_gates_GateHwi_leave__E                                    
00004931  ti_sysbios_gates_GateHwi_query__E                                    
00004471  ti_sysbios_gates_GateMutex_Handle__label__S                          
00006748  ti_sysbios_gates_GateMutex_Instance_State_sem__O                     
00004751  ti_sysbios_gates_GateMutex_Instance_finalize__E                      
00004359  ti_sysbios_gates_GateMutex_Instance_init__E                          
00006508  ti_sysbios_gates_GateMutex_Module__FXNS__C                           
20001850  ti_sysbios_gates_GateMutex_Module__root__V                           
00006594  ti_sysbios_gates_GateMutex_Object__DESC__C                           
0000666c  ti_sysbios_gates_GateMutex_Object__PARAMS__C                         
00003d91  ti_sysbios_gates_GateMutex_Object__create__S                         
000040f5  ti_sysbios_gates_GateMutex_Object__delete__S                         
200016bc  ti_sysbios_gates_GateMutex_Object__table__V                          
00003dc1  ti_sysbios_gates_GateMutex_enter__E                                  
00004589  ti_sysbios_gates_GateMutex_leave__E                                  
00004939  ti_sysbios_gates_GateMutex_query__E                                  
0000674c  ti_sysbios_hal_Hwi_E_stackOverflow__C                                
0000443d  ti_sysbios_hal_Hwi_HwiProxy_Handle__label__S                         
00004555  ti_sysbios_hal_Hwi_HwiProxy_Module__startupDone__S                   
00003669  ti_sysbios_hal_Hwi_HwiProxy_disableInterrupt__E                      
000036b1  ti_sysbios_hal_Hwi_HwiProxy_enableInterrupt__E                       
000037d1  ti_sysbios_hal_Hwi_HwiProxy_getStackInfo__E                          
00004901  ti_sysbios_hal_Hwi_HwiProxy_startup__E                               
00004699  ti_sysbios_hal_Hwi_HwiProxy_switchFromBootStack__E                   
00006822  ti_sysbios_hal_Hwi_Module__id__C                                     
000046d9  ti_sysbios_hal_Hwi_Module_startup__E                                 
00003bf9  ti_sysbios_hal_Hwi_checkStack                                        
00003c99  ti_sysbios_hal_Hwi_initStack                                         
00006750  ti_sysbios_heaps_HeapMem_E_memory__C                                 
0000448b  ti_sysbios_heaps_HeapMem_Handle__label__S                            
20000360  ti_sysbios_heaps_HeapMem_Instance_State_0_buf__A                     
000039a9  ti_sysbios_heaps_HeapMem_Instance_init__E                            
00004471  ti_sysbios_heaps_HeapMem_Module_GateProxy_Handle__label__S           
000040f5  ti_sysbios_heaps_HeapMem_Module_GateProxy_Object__delete__S          
0000131d  ti_sysbios_heaps_HeapMem_Module_GateProxy_enter__E                   
00001a6d  ti_sysbios_heaps_HeapMem_Module_GateProxy_leave__E                   
00004939  ti_sysbios_heaps_HeapMem_Module_GateProxy_query__E                   
000064bc  ti_sysbios_heaps_HeapMem_Module__FXNS__C                             
00006754  ti_sysbios_heaps_HeapMem_Module__gateObj__C                          
00006824  ti_sysbios_heaps_HeapMem_Module__id__C                               
20001858  ti_sysbios_heaps_HeapMem_Module__root__V                             
000065b4  ti_sysbios_heaps_HeapMem_Object__DESC__C                             
0000652c  ti_sysbios_heaps_HeapMem_Object__PARAMS__C                           
00006758  ti_sysbios_heaps_HeapMem_Object__count__C                            
00003df1  ti_sysbios_heaps_HeapMem_Object__create__S                           
00004299  ti_sysbios_heaps_HeapMem_Object__delete__S                           
000046ad  ti_sysbios_heaps_HeapMem_Object__get__S                              
200017fc  ti_sysbios_heaps_HeapMem_Object__table__V                            
00001b51  ti_sysbios_heaps_HeapMem_alloc__E                                    
00002959  ti_sysbios_heaps_HeapMem_free__E                                     
00003531  ti_sysbios_heaps_HeapMem_getStats__E                                 
00003a29  ti_sysbios_heaps_HeapMem_init__I                                     
00004919  ti_sysbios_heaps_HeapMem_isBlocking__E                               
0000675c  ti_sysbios_heaps_HeapMem_reqAlign__C                                 
[...]
000046ad  ti_sysbios_heaps_HeapMem_Object__get__S                              
000046c1  ti_sysbios_knl_Swi_Object__get__S                                    
000046d9  ti_sysbios_hal_Hwi_Module_startup__E                                 
000046eb  xdc_runtime_Startup_exec__I                                          
000046fd  ti_catalog_arm_cortexm4_tiva_ce_Boot_init__I                         
00004711  ti_sysbios_BIOS_exit__E                                              
00004721  ti_sysbios_BIOS_setThreadType__E                                     
00004731  osi_start                                                            
00004731  ti_sysbios_BIOS_start__E                                             
00004741  ti_sysbios_family_arm_m3_TaskSupport_glue                            
00004751  ti_sysbios_gates_GateMutex_Instance_finalize__E                      
00004761  ti_sysbios_knl_Semaphore_Instance_finalize__E                        
00004771  ti_sysbios_knl_Swi_disable__E                                        
00004781  ti_sysbios_knl_Task_Object__get__S                                   
00004791  osi_TaskDisable                                                      
00004791  ti_sysbios_knl_Task_disable__E                                       
000047a1  xdc_runtime_Gate_leaveSystem__E                                      
000047b1  xdc_runtime_Memory_free__E                                           
000047c1  xdc_runtime_SysMin_ready__E                                          
000047c1  xdc_runtime_System_SupportProxy_ready__E                             
000047d1  xdc_runtime_System_vsnprintf__E                                      
000047e1  xdc_runtime_Text_visitRope__I                                        
000047f1  __TI_decompress_none                                                 
00004801  ti_sysbios_knl_Idle_loop__E                                          
00004811  ti_sysbios_knl_Queue_empty__E                                        
0000481f  __TI_zero_init                                                       
00004831  ti_sysbios_family_arm_lm4_Timer_getMaxTicks__E                       
00004841  ti_sysbios_family_arm_m3_TaskSupport_checkStack__E                   
00004841  ti_sysbios_knl_Task_SupportProxy_checkStack__E                       
00004851  ti_sysbios_family_arm_m3_TaskSupport_getStackAlignment__E            
00004851  ti_sysbios_knl_Task_SupportProxy_getStackAlignment__E                
00004861  ti_sysbios_gates_GateHwi_enter__E                                    
00004871  ti_sysbios_knl_Clock_getTicks__E                                     
0000487d  ti_sysbios_knl_Queue_Object__get__S                                  
00004889  ti_sysbios_knl_Semaphore_Params__init__S                             
000048a1  ti_sysbios_knl_Task_Params__init__S                                  
000048ad  xdc_runtime_Error_init__E                                            
000048b9  xdc_runtime_Gate_enterSystem__E                                      
000048c5  xdc_runtime_Memory_calloc__E                                         
000048d1  xdc_runtime_Memory_getMaxDefaultTypeAlign__E                         
000048dd  xdc_runtime_Memory_HeapProxy_alloc__E                                
000048e7  xdc_runtime_Memory_HeapProxy_free__E                                 
000048f1  ti_sysbios_family_arm_lm4_Timer_masterDisable__I                     
000048f9  ti_sysbios_family_arm_m3_Hwi_doSwiRestore__I                         
00004901  ti_sysbios_family_arm_m3_Hwi_startup__E                              
00004901  ti_sysbios_hal_Hwi_HwiProxy_startup__E                               
00004909  ti_sysbios_family_arm_m3_Hwi_doTaskRestore__I                        
00004911  ti_sysbios_gates_GateHwi_leave__E                                    
00004919  ti_sysbios_heaps_HeapMem_isBlocking__E                               
00004921  ti_sysbios_knl_Queue_Instance_init__E                                
00004929  ti_sysbios_knl_Swi_startup__E                                        
00004931  ti_sysbios_gates_GateHwi_query__E                                    
00004931  xdc_runtime_Main_Module_GateProxy_query__E                           
00004931  xdc_runtime_System_Module_GateProxy_query__E                         
00004939  ti_sysbios_BIOS_RtsGateProxy_query__E                                
00004939  ti_sysbios_gates_GateMutex_query__E                                  
00004939  ti_sysbios_heaps_HeapMem_Module_GateProxy_query__E                   
00004941  ti_sysbios_knl_Semaphore_getCount__E                                 
00004949  ti_sysbios_knl_Task_startup__E                                       
00004951  ti_sysbios_gates_GateHwi_Instance_init__E                            
00004959  ti_sysbios_knl_Clock_logTick__E                                      
0000495c  xdc_runtime_Text_charTab__A                                          
000061bd  xdc_runtime_Error_policy__C                                          
000061be  ti_catalog_arm_cortexm4_tiva_ce_Boot_Module__id__C                   
000062e0  xdc_runtime_Text_nodeTab__A                                          
00006450  ti_sysbios_knl_Task_Object__PARAMS__C                                
000064bc  ti_sysbios_heaps_HeapMem_Module__FXNS__C                             
000064e4  ti_sysbios_gates_GateHwi_Module__FXNS__C                             
00006508  ti_sysbios_gates_GateMutex_Module__FXNS__C                           
0000652c  ti_sysbios_heaps_HeapMem_Object__PARAMS__C                           
00006550  ti_sysbios_knl_Semaphore_Object__PARAMS__C                           
00006574  ti_sysbios_gates_GateHwi_Object__DESC__C                             
00006594  ti_sysbios_gates_GateMutex_Object__DESC__C                           
000065b4  ti_sysbios_heaps_HeapMem_Object__DESC__C                             
000065d4  ti_sysbios_knl_Queue_Object__DESC__C                                 
000065f4  ti_sysbios_knl_Semaphore_Object__DESC__C                             
00006614  ti_sysbios_knl_Task_Object__DESC__C                                  
00006634  xdc_runtime_Startup_sfxnTab__A                                       
00006654  ti_sysbios_gates_GateHwi_Object__PARAMS__C                           
0000666c  ti_sysbios_gates_GateMutex_Object__PARAMS__C                         
00006684  ti_sysbios_knl_Queue_Object__PARAMS__C                               
0000669c  xdc_runtime_Startup_firstFxns__A                                     
000066b0  xdc_runtime_Startup_sfxnRts__A                                       
000066c8  ti_sysbios_family_arm_m3_Hwi_excHookFuncs__A                         
000066d0  ti_sysbios_knl_Idle_funcList__C                                      
000066d8  xdc_runtime_Startup_firstFxns__C                                     
000066e0  xdc_runtime_Startup_lastFxns__C                                      
000066e8  ti_catalog_arm_cortexm4_tiva_ce_Boot_A_mustNotUseEnhancedClockMode__C
000066ec  ti_catalog_arm_cortexm4_tiva_ce_Boot_Module__diagsEnabled__C         
000066f0  ti_catalog_arm_cortexm4_tiva_ce_Boot_Module__diagsIncluded__C        
000066f4  ti_catalog_arm_cortexm4_tiva_ce_Boot_Module__diagsMask__C            
000066f8  ti_sysbios_family_arm_lm4_Timer_enableFunc__C                        
000066fc  ti_sysbios_family_arm_lm4_Timer_numTimerDevices__C                   
00006700  ti_sysbios_family_arm_lm4_Timer_startupNeeded__C                     
00006704  ti_sysbios_family_arm_m3_Hwi_E_NMI__C                                
00006708  ti_sysbios_family_arm_m3_Hwi_E_busFault__C                           
0000670c  ti_sysbios_family_arm_m3_Hwi_E_debugMon__C                           
00006710  ti_sysbios_family_arm_m3_Hwi_E_hardFault__C                          
00006714  ti_sysbios_family_arm_m3_Hwi_E_memFault__C                           
00006718  ti_sysbios_family_arm_m3_Hwi_E_noIsr__C                              
0000671c  ti_sysbios_family_arm_m3_Hwi_E_reserved__C                           
00006720  ti_sysbios_family_arm_m3_Hwi_E_svCall__C                             
00006724  ti_sysbios_family_arm_m3_Hwi_E_usageFault__C                         
00006728  ti_sysbios_family_arm_m3_Hwi_NUM_INTERRUPTS__C                       
0000672c  ti_sysbios_family_arm_m3_Hwi_Object__count__C                        
00006730  ti_sysbios_family_arm_m3_Hwi_ccr__C                                  
00006734  ti_sysbios_family_arm_m3_Hwi_excHandlerFunc__C                       
00006738  ti_sysbios_family_arm_m3_Hwi_excHookFuncs__C                         
0000673c  ti_sysbios_family_arm_m3_Hwi_nullIsrFunc__C                          
00006740  ti_sysbios_family_arm_m3_Hwi_priGroup__C                             
00006744  ti_sysbios_family_arm_m3_TaskSupport_stackAlignment__C               
00006748  ti_sysbios_gates_GateMutex_Instance_State_sem__O                     
0000674c  ti_sysbios_hal_Hwi_E_stackOverflow__C                                
00006750  ti_sysbios_heaps_HeapMem_E_memory__C                                 
00006754  ti_sysbios_heaps_HeapMem_Module__gateObj__C                          
00006758  ti_sysbios_heaps_HeapMem_Object__count__C                            
0000675c  ti_sysbios_heaps_HeapMem_reqAlign__C                                 
00006760  ti_sysbios_knl_Clock_Module_State_clockQ__O                          
00006764  ti_sysbios_knl_Clock_tickPeriod__C                                   
00006768  ti_sysbios_knl_Idle_funcList__A                                      
0000676c  ti_sysbios_knl_Semaphore_Instance_State_pendQ__O                     
00006770  ti_sysbios_knl_Swi_Object__count__C                                  
00006774  ti_sysbios_knl_Task_E_spOutOfBounds__C                               
00006778  ti_sysbios_knl_Task_E_stackOverflow__C                               
0000677c  ti_sysbios_knl_Task_Module_State_inactiveQ__O                        
00006780  ti_sysbios_knl_Task_Object__count__C                                 
00006784  ti_sysbios_knl_Task_allBlockedFunc__C                                
00006788  ti_sysbios_knl_Task_defaultStackHeap__C                              
0000678c  ti_sysbios_knl_Task_defaultStackSize__C                              
00006790  ti_sysbios_knl_Task_numConstructedTasks__C                           
00006794  xdc_runtime_Assert_E_assertFailed__C                                 
00006798  xdc_runtime_Core_A_initializedParams__C                              
0000679c  xdc_runtime_Core_Module__diagsEnabled__C                             
000067a0  xdc_runtime_Core_Module__diagsIncluded__C                            
000067a4  xdc_runtime_Core_Module__diagsMask__C                                
000067a8  xdc_runtime_Error_E_memory__C                                        
000067ac  xdc_runtime_Error_Module__diagsEnabled__C                            
000067b0  xdc_runtime_Error_Module__diagsIncluded__C                           
000067b4  xdc_runtime_Error_Module__diagsMask__C                               
000067b8  xdc_runtime_Error_Module__loggerFxn8__C                              
000067bc  xdc_runtime_Error_Module__loggerObj__C                               
000067c0  xdc_runtime_Error_policyFxn__C                                       
000067c4  xdc_runtime_Error_raiseHook__C                                       
000067c8  xdc_runtime_IGateProvider_Interface__BASE__C                         
000067cc  xdc_runtime_IHeap_Interface__BASE__C                                 
000067d0  xdc_runtime_IModule_Interface__BASE__C                               
000067d4  xdc_runtime_Log_L_error__C                                           
000067d8  xdc_runtime_Memory_defaultHeapInstance__C                            
000067dc  xdc_runtime_Startup_execImpl__C                                      
000067e0  xdc_runtime_Startup_maxPasses__C                                     
000067e4  xdc_runtime_Startup_sfxnRts__C                                       
000067e8  xdc_runtime_Startup_sfxnTab__C                                       
000067ec  xdc_runtime_SysMin_bufSize__C                                        
000067f0  xdc_runtime_SysMin_outputFunc__C                                     
000067f4  xdc_runtime_System_Module__gateObj__C                                
000067f8  xdc_runtime_System_abortFxn__C                                       
000067fc  xdc_runtime_System_exitFxn__C                                        
00006800  xdc_runtime_System_extendFxn__C                                      
00006804  xdc_runtime_System_maxAtexitHandlers__C                              
00006808  xdc_runtime_Text_charTab__C                                          
0000680c  xdc_runtime_Text_nameEmpty__C                                        
00006810  xdc_runtime_Text_nameStatic__C                                       
00006814  xdc_runtime_Text_nameUnknown__C                                      
00006818  xdc_runtime_Text_nodeTab__C                                          
0000681c  xdc_runtime_Text_visitRopeFxn__C                                     
00006820  ti_sysbios_family_arm_m3_Hwi_Module__id__C                           
00006822  ti_sysbios_hal_Hwi_Module__id__C                                     
00006824  ti_sysbios_heaps_HeapMem_Module__id__C                               
00006826  ti_sysbios_knl_Task_Module__id__C                                    
00006828  xdc_runtime_Core_Module__id__C                                       
0000682a  xdc_runtime_Error_Module__loggerDefined__C                           
0000682c  xdc_runtime_Error_maxDepth__C                                        
0000682e  xdc_runtime_Memory_Module__id__C                                     
00006830  xdc_runtime_SysMin_flushAtExit__C                                    
00006832  xdc_runtime_Text_charCnt__C                                          
00006834  xdc_runtime_Text_isLoaded__C                                         
00006836  xdc_runtime_Text_registryModsLastId__C                               
00006838  xdc_runtime_Text_unnamedModsLastId__C                                
00006840  __TI_static_base__                                                   
00006a04  __TI_Handler_Table_Base                                              
00006a10  __TI_Handler_Table_Limit                                             
00006a20  __TI_CINIT_Base                                                      
00006a38  __TI_CINIT_Limit                                                     
20000000  ti_sysbios_family_arm_m3_Hwi_ramVectors                              
20000360  ti_sysbios_heaps_HeapMem_Instance_State_0_buf__A                     
20000760  ti_sysbios_family_arm_m3_Hwi_dispatchTable                           
20000ac0  ti_sysbios_knl_Task_Instance_State_0_stack__A                        
20000cc0  task1Stack                                                           
20000ec0  task2Stack                                                           
200010c0  xdc_runtime_SysMin_Module_State_0_outbuf__A                          
200012c0  __CIOBUF_                                                            
200013e0  task1Struct                                                          
20001430  task2Struct                                                          
20001480  semStruct                                                            
200014a4  semHandle                                                            
200014a8  sleepTickCount                                                       
200014ac  ti_sysbios_knl_Swi_Module_State_0_readyQ__A                          
2000152c  ti_sysbios_knl_Task_Module_State_0_readyQ__A                         
200015ac  ti_sysbios_knl_Task_Object__table__V                                 
200015f8  ti_sysbios_knl_Task_Module__state__V                                 
2000163c  ti_sysbios_family_arm_lm4_Timer_Module_State_0_device__A             
2000167c  ti_sysbios_family_arm_lm4_Timer_Object__table__V                     
200016bc  ti_sysbios_gates_GateMutex_Object__table__V                          
200016f4  ti_sysbios_family_arm_m3_Hwi_Module__state__V                        
20001728  ti_sysbios_knl_Swi_Object__table__V                                  
20001758  ti_sysbios_knl_Clock_Module__state__V                                
20001784  ti_sysbios_BIOS_Module__state__V                                     
200017a8  ti_sysbios_family_arm_lm4_Timer_Module_State_0_handles__A            
200017c8  ti_sysbios_knl_Swi_Module__state__V                                  
200017e4  ti_sysbios_family_arm_m3_Hwi_Object__table__V                        
200017fc  ti_sysbios_heaps_HeapMem_Object__table__V                            
20001814  __TI_cleanup_ptr                                                     
20001818  __TI_dtors_ptr                                                       
2000181c  __TI_enable_exit_profile_output                                      
20001820  ti_sysbios_family_arm_lm4_Timer_Module__state__V                     
2000182c  xdc_runtime_SysMin_Module__state__V                                  
20001838  _lock                                                                
2000183c  _unlock                                                              
20001840  resource                                                             
20001844  finishCount                                                          
20001848  ti_sysbios_gates_GateHwi_Module__root__V                             
20001850  ti_sysbios_gates_GateMutex_Module__root__V                           
20001858  ti_sysbios_heaps_HeapMem_Module__root__V                             
20001860  ti_sysbios_knl_Queue_Module__root__V                                 
20001868  ti_sysbios_knl_Semaphore_Module__root__V                             
20001870  ti_sysbios_knl_Task_Module__root__V                                  
20001878  xdc_runtime_Registry_Module__state__V                                
20001880  xdc_runtime_Startup_Module__state__V                                 
20001888  xdc_runtime_System_Module_State_0_atexitHandlers__A                  
20001890  xdc_runtime_System_Module__state__V                                  
20001898  main_func_sp                                                         
2000189c  ti_sysbios_family_arm_m3_Hwi_Module_State_0_excContext__A            
200018a0  ti_sysbios_family_arm_m3_Hwi_Module_State_0_excStack__A              
200018a4  ti_sysbios_gates_GateHwi_Object__table__V                            
200018a8  ti_sysbios_knl_Task_Module_State_0_idleTask__A                       
200018ac  xdc_runtime_Memory_Module__state__V                                  
200018b0  ti_sysbios_family_arm_m3_Hwi_Module_State_0_excActive__A             
200018b2  xdc_runtime_Error_Module__state__V                                   
200018b4  __stack                                                              
20001bb4  __STACK_END                                                          
e000e000  ti_sysbios_family_arm_m3_Hwi_nvic                                    
ffffffff  __TI_pprof_out_hndl                                                  
ffffffff  __TI_prof_data_size                                                  
ffffffff  __TI_prof_data_start                                                 
ffffffff  __binit__                                                            
ffffffff  __c_args__                                                           
ffffffff  binit                                                                
UNDEFED   SHT$$INIT_ARRAY$$Base                                                
UNDEFED   SHT$$INIT_ARRAY$$Limit                                               

[503 symbols]
